BL51 BANKED LINKER/LOCATER V6.22                                                        03/20/2026  21:25:45  PAGE 1


BL51 BANKED LINKER/LOCATER V6.22, INVOKED BY:
D:\0_SOFTWARE\KEIL5\C51\BIN\BL51.EXE .\Objects\STARTUP.obj, .\Objects\rc522.obj, .\Objects\main.obj, .\Objects\uart1.obj
>>  TO .\Objects\project PRINT (.\Listings\project.m51) RAMSIZE (256)


MEMORY MODEL: SMALL


INPUT MODULES INCLUDED:
  .\Objects\STARTUP.obj (?C_STARTUP)
  .\Objects\rc522.obj (RC522)
  .\Objects\main.obj (MAIN)
  .\Objects\uart1.obj (UART1)
  D:\0_SOFTWARE\KEIL5\C51\LIB\C51S.LIB (?C_INIT)
  D:\0_SOFTWARE\KEIL5\C51\LIB\C51S.LIB (?C?CLDPTR)
  D:\0_SOFTWARE\KEIL5\C51\LIB\C51S.LIB (?C?CLDOPTR)
  D:\0_SOFTWARE\KEIL5\C51\LIB\C51S.LIB (?C?CSTOPTR)
  D:\0_SOFTWARE\KEIL5\C51\LIB\C51S.LIB (?C?ULCMP)
  D:\0_SOFTWARE\KEIL5\C51\LIB\C51S.LIB (?C?LLDCODE)


LINK MAP OF MODULE:  .\Objects\project (?C_STARTUP)


            TYPE    BASE      LENGTH    RELOCATION   SEGMENT NAME
            -----------------------------------------------------

            * * * * * * *   D A T A   M E M O R Y   * * * * * * *
            REG     0000H     0008H     ABSOLUTE     "REG BANK 0"
            DATA    0008H     0009H     UNIT         _DATA_GROUP_
            DATA    0011H     0008H     UNIT         ?DT?_SETUART1BUF?UART1
            IDATA   0019H     0001H     UNIT         ?STACK

            * * * * * * *  X D A T A   M E M O R Y  * * * * * * *
            XDATA   0000H     001AH     UNIT         ?XD?MAIN
            XDATA   001AH     000AH     UNIT         ?XD?UART1
            XDATA   0024H     0004H     UNIT         _XDATA_GROUP_

            * * * * * * *   C O D E   M E M O R Y   * * * * * * *
            CODE    0000H     0003H     ABSOLUTE     
            CODE    0003H     001AH     UNIT         ?PR?_UART1SEND?UART1
            CODE    001DH     0006H     UNIT         ?PR?CHECKVERSION?RC522
            CODE    0023H     0003H     ABSOLUTE     
            CODE    0026H     008CH     UNIT         ?C_C51STARTUP
            CODE    00B2H     0089H     UNIT         ?C?LIB_CODE
            CODE    013BH     0073H     UNIT         ?PR?UART1_ROUTINE?UART1
            CODE    01AEH     006AH     UNIT         ?PR?_READRAWRC?RC522
            CODE    0218H     005FH     UNIT         ?PR?_WRITERAWRC?RC522
            CODE    0277H     0055H     UNIT         ?PR?__GET_INITIAL_VALUE?UART1
            CODE    02CCH     004BH     UNIT         ?PR?CHECK_HEAD?UART1
            CODE    0317H     0038H     UNIT         ?CO?UART1
            CODE    034FH     0031H     UNIT         ?PR?_UART1INIT?UART1
            CODE    0380H     002AH     UNIT         ?PR?MAIN?MAIN
            CODE    03AAH     0025H     UNIT         ?PR?RC522INIT?RC522
            CODE    03CFH     0025H     UNIT         ?PR?_SETUART1BUF?UART1
            CODE    03F4H     0018H     UNIT         ?PR?_DELAY_MS?MAIN
            CODE    040CH     0016H     UNIT         ?C_INITSEG
            CODE    0422H     000BH     UNIT         ?PR?UART1CALLBACK?MAIN
BL51 BANKED LINKER/LOCATER V6.22                                                      03/20/2026  21:25:45  PAGE 2


            CODE    042DH     000BH     UNIT         ?PR?SYSRUN?MAIN
            CODE    0438H     0002H     UNIT         ?CO?MAIN



OVERLAY MAP OF MODULE:   .\Objects\project (?C_STARTUP)


SEGMENT                                 DATA_GROUP          XDATA_GROUP
  +--> CALLED SEGMENT                 START    LENGTH     START    LENGTH
-------------------------------------------------------------------------
?C_C51STARTUP                         -----    -----      -----    -----
  +--> ?PR?MAIN?MAIN
  +--> ?C_INITSEG

?PR?MAIN?MAIN                         0008H    0001H      -----    -----
  +--> ?PR?_UART1INIT?UART1
  +--> ?PR?RC522INIT?RC522
  +--> ?PR?_DELAY_MS?MAIN
  +--> ?PR?CHECKVERSION?RC522
  +--> ?PR?_UART1SEND?UART1
  +--> ?PR?SYSRUN?MAIN

?PR?_UART1INIT?UART1                  0009H    0004H      -----    -----
  +--> ?PR?__GET_INITIAL_VALUE?UART1

?PR?__GET_INITIAL_VALUE?UART1         000DH    0004H      0024H    0001H
  +--> ?CO?UART1

?PR?RC522INIT?RC522                   -----    -----      -----    -----
  +--> ?PR?_WRITERAWRC?RC522

?PR?_WRITERAWRC?RC522                 -----    -----      0024H    0002H

?PR?CHECKVERSION?RC522                -----    -----      -----    -----
  +--> ?PR?_READRAWRC?RC522

?PR?_READRAWRC?RC522                  -----    -----      0024H    0003H

?PR?SYSRUN?MAIN                       -----    -----      -----    -----
  +--> ?PR?UART1CALLBACK?MAIN

?PR?UART1CALLBACK?MAIN                -----    -----      -----    -----
  +--> ?PR?_UART1SEND?UART1

*** NEW ROOT ***************************************************

?PR?UART1_ROUTINE?UART1               -----    -----      -----    -----
  +--> ?PR?CHECK_HEAD?UART1

?PR?CHECK_HEAD?UART1                  -----    -----      0027H    0001H



SYMBOL TABLE OF MODULE:  .\Objects\project (?C_STARTUP)

  VALUE           TYPE          NAME
BL51 BANKED LINKER/LOCATER V6.22                                                      03/20/2026  21:25:45  PAGE 3


  ----------------------------------

  -------         MODULE        ?C_STARTUP
  C:0026H         SEGMENT       ?C_C51STARTUP
  I:0019H         SEGMENT       ?STACK
  C:0000H         PUBLIC        ?C_STARTUP
  D:00E0H         SYMBOL        ACC
  D:00F0H         SYMBOL        B
  D:0083H         SYMBOL        DPH
  D:0082H         SYMBOL        DPL
  N:0000H         SYMBOL        IBPSTACK
  N:0100H         SYMBOL        IBPSTACKTOP
  N:0080H         SYMBOL        IDATALEN
  C:0029H         SYMBOL        IDATALOOP
  N:0000H         SYMBOL        PBPSTACK
  N:0100H         SYMBOL        PBPSTACKTOP
  N:0000H         SYMBOL        PDATALEN
  N:0000H         SYMBOL        PDATASTART
  N:0000H         SYMBOL        PPAGE
  N:0000H         SYMBOL        PPAGEENABLE
  D:00A0H         SYMBOL        PPAGE_SFR
  D:0081H         SYMBOL        SP
  C:0026H         SYMBOL        STARTUP1
  N:0000H         SYMBOL        XBPSTACK
  N:0000H         SYMBOL        XBPSTACKTOP
  N:0000H         SYMBOL        XDATALEN
  N:0000H         SYMBOL        XDATASTART
  C:0000H         LINE#         126
  C:0026H         LINE#         133
  C:0028H         LINE#         134
  C:0029H         LINE#         135
  C:002AH         LINE#         136
  C:002CH         LINE#         185
  C:002FH         LINE#         196
  -------         ENDMOD        ?C_STARTUP

  -------         MODULE        RC522
  C:0000H         SYMBOL        _ICE_DUMMY_
  D:0092H         PUBLIC        P1M0
  D:0091H         PUBLIC        P1M1
  D:0080H         PUBLIC        P0
  D:0090H         PUBLIC        P1
  D:00B4H         PUBLIC        P4M0
  D:00A0H         PUBLIC        P2
  B:0090H.1       PUBLIC        MF522_NSS
  D:00B3H         PUBLIC        P4M1
  D:00B0H         PUBLIC        P3
  D:00C0H         PUBLIC        P4
  D:00C8H         PUBLIC        P5
  D:00E8H         PUBLIC        P6
  D:00F8H         PUBLIC        P7
  D:00A8H         PUBLIC        IE
  B:00C0H.3       PUBLIC        MF522_EA
  D:00B8H         PUBLIC        IP
  D:00D8H         PUBLIC        CCON
  B:00C0H.2       PUBLIC        MF522_SI
  B:0090H.0       PUBLIC        MF522_SO
BL51 BANKED LINKER/LOCATER V6.22                                                      03/20/2026  21:25:45  PAGE 4


  D:0098H         PUBLIC        SCON
  D:0088H         PUBLIC        TCON
  C:01AEH         PUBLIC        _ReadRawRC
  C:03AAH         PUBLIC        RC522Init
  C:001DH         PUBLIC        CheckVersion
  C:0218H         PUBLIC        _WriteRawRC
  B:00C0H.4       PUBLIC        MF522_IIC
  B:00C0H.1       PUBLIC        MF522_SCK
  D:00D0H         PUBLIC        PSW
  -------         PROC          _WRITERAWRC
  D:0007H         SYMBOL        Address
  D:0005H         SYMBOL        value
  -------         DO            
  X:0024H         SYMBOL        i
  X:0025H         SYMBOL        ucAddr
  -------         ENDDO         
  C:0218H         LINE#         11
  C:0218H         LINE#         14
  C:021AH         LINE#         15
  C:021CH         LINE#         18
  C:0225H         LINE#         21
  C:022BH         LINE#         23
  C:023AH         LINE#         25
  C:023CH         LINE#         26
  C:023DH         LINE#         27
  C:0244H         LINE#         28
  C:0246H         LINE#         29
  C:024FH         LINE#         32
  C:0255H         LINE#         34
  C:0260H         LINE#         36
  C:0262H         LINE#         37
  C:0263H         LINE#         38
  C:0267H         LINE#         39
  C:0269H         LINE#         40
  C:0272H         LINE#         42
  C:0274H         LINE#         43
  C:0276H         LINE#         44
  -------         ENDPROC       _WRITERAWRC
  -------         PROC          _READRAWRC
  D:0007H         SYMBOL        Address
  -------         DO            
  X:0024H         SYMBOL        i
  X:0025H         SYMBOL        ucAddr
  X:0026H         SYMBOL        ucResult
  -------         ENDDO         
  C:01AEH         LINE#         49
  C:01AEH         LINE#         51
  C:01B3H         LINE#         53
  C:01B5H         LINE#         54
  C:01B7H         LINE#         57
  C:01C2H         LINE#         60
  C:01C8H         LINE#         61
  C:01D7H         LINE#         62
  C:01D9H         LINE#         63
  C:01DAH         LINE#         64
  C:01E1H         LINE#         65
  C:01E3H         LINE#         66
BL51 BANKED LINKER/LOCATER V6.22                                                      03/20/2026  21:25:45  PAGE 5


  C:01ECH         LINE#         69
  C:01F2H         LINE#         70
  C:01F4H         LINE#         71
  C:01F5H         LINE#         72
  C:01FCH         LINE#         75
  C:01FFH         LINE#         76
  C:0203H         LINE#         77
  C:0203H         LINE#         79
  C:0205H         LINE#         80
  C:020EH         LINE#         82
  C:0210H         LINE#         83
  C:0212H         LINE#         85
  C:0217H         LINE#         86
  -------         ENDPROC       _READRAWRC
  -------         PROC          RC522INIT
  C:03AAH         LINE#         91
  C:03AAH         LINE#         93
  C:03ADH         LINE#         94
  C:03B0H         LINE#         97
  C:03B3H         LINE#         98
  C:03B6H         LINE#         101
  C:03B9H         LINE#         102
  C:03BCH         LINE#         105
  C:03BEH         LINE#         106
  C:03C0H         LINE#         107
  C:03C2H         LINE#         108
  C:03C4H         LINE#         112
  C:03C6H         LINE#         113
  C:03C8H         LINE#         116
  -------         ENDPROC       RC522INIT
  -------         PROC          CHECKVERSION
  C:001DH         LINE#         122
  C:001DH         LINE#         123
  C:0022H         LINE#         124
  -------         ENDPROC       CHECKVERSION
  -------         ENDMOD        RC522

  -------         MODULE        MAIN
  C:0000H         SYMBOL        _ICE_DUMMY_
  D:0080H         PUBLIC        P0
  D:0090H         PUBLIC        P1
  D:00A0H         PUBLIC        P2
  C:0422H         PUBLIC        uart1Callback
  D:00B0H         PUBLIC        P3
  D:00C0H         PUBLIC        P4
  D:00C8H         PUBLIC        P5
  D:00E8H         PUBLIC        P6
  D:00F8H         PUBLIC        P7
  D:00A8H         PUBLIC        IE
  C:0438H         PUBLIC        head
  C:042DH         PUBLIC        sysRun
  D:00B8H         PUBLIC        IP
  D:00D8H         PUBLIC        CCON
  C:0380H         PUBLIC        main
  X:0000H         PUBLIC        eventID
  D:0098H         PUBLIC        SCON
  D:0088H         PUBLIC        TCON
BL51 BANKED LINKER/LOCATER V6.22                                                      03/20/2026  21:25:45  PAGE 6


  C:03F4H         PUBLIC        _delay_ms
  X:0002H         PUBLIC        rcv_buf
  D:00D0H         PUBLIC        PSW
  -------         PROC          _DELAY_MS
  D:0006H         SYMBOL        xms
  -------         DO            
  D:0005H         SYMBOL        i
  D:0004H         SYMBOL        j
  -------         ENDDO         
  C:03F4H         LINE#         10
  C:03F4H         LINE#         11
  C:03F4H         LINE#         14
  C:03FEH         LINE#         15
  C:03FFH         LINE#         16
  C:0400H         LINE#         17
  C:0401H         LINE#         18
  C:0403H         LINE#         19
  C:0405H         LINE#         21
  C:0405H         LINE#         22
  C:0407H         LINE#         23
  C:0409H         LINE#         24
  C:040BH         LINE#         25
  -------         ENDPROC       _DELAY_MS
  -------         PROC          UART1CALLBACK
  C:0422H         LINE#         27
  C:0422H         LINE#         28
  -------         ENDPROC       UART1CALLBACK
  -------         PROC          SYSRUN
  C:042DH         LINE#         31
  C:042DH         LINE#         32
  C:0434H         LINE#         33
  C:0437H         LINE#         34
  C:0437H         LINE#         35
  -------         ENDPROC       SYSRUN
  -------         PROC          MAIN
  -------         DO            
  D:0008H         SYMBOL        ver
  -------         ENDDO         
  C:0380H         LINE#         37
  C:0380H         LINE#         39
  C:038BH         LINE#         40
  C:038EH         LINE#         41
  C:0395H         LINE#         45
  C:0395H         LINE#         46
  C:039AH         LINE#         47
  C:03A5H         LINE#         48
  C:03A8H         LINE#         49
  -------         ENDPROC       MAIN
  -------         ENDMOD        MAIN

  -------         MODULE        UART1
  C:0000H         SYMBOL        _ICE_DUMMY_
  B:00A8H.7       PUBLIC        EA
  C:034FH         PUBLIC        _uart1Init
  B:00A8H.4       PUBLIC        ES
  C:0317H         PUBLIC        _baudrate_table
  B:0098H.0       PUBLIC        RI
BL51 BANKED LINKER/LOCATER V6.22                                                      03/20/2026  21:25:45  PAGE 7


  B:0098H.1       PUBLIC        TI
  X:001AH         PUBLIC        _buf
  X:001DH         PUBLIC        _buf_cursor
  X:001EH         PUBLIC        _head_num
  D:0099H         PUBLIC        SBUF
  D:0098H         PUBLIC        SCON
  D:0089H         PUBLIC        TMOD
  C:013BH         PUBLIC        UART1_Routine
  C:03CFH         PUBLIC        _setUart1Buf
  D:008EH         PUBLIC        AUXR
  X:001FH         PUBLIC        _init_suf
  D:008DH         PUBLIC        TH1
  X:0020H         PUBLIC        _buf_num
  D:008BH         PUBLIC        TL1
  B:0088H.6       PUBLIC        TR1
  C:0277H         PUBLIC        __get_initial_value
  X:0021H         PUBLIC        _head
  C:02CCH         PUBLIC        check_head
  C:0003H         PUBLIC        _uart1Send
  -------         PROC          __GET_INITIAL_VALUE
  D:000DH         SYMBOL        baudrate
  -------         DO            
  X:0024H         SYMBOL        _ui
  -------         ENDDO         
  C:0277H         LINE#         22
  C:027FH         LINE#         24
  C:028EH         LINE#         25
  C:02C1H         LINE#         26
  C:02C9H         LINE#         27
  C:02CBH         LINE#         28
  -------         ENDPROC       __GET_INITIAL_VALUE
  -------         PROC          _UART1INIT
  D:0009H         SYMBOL        baudrate
  C:034FH         LINE#         30
  C:0357H         LINE#         31
  C:035AH         LINE#         32
  C:0362H         LINE#         34
  C:0372H         LINE#         35
  C:0374H         LINE#         36
  C:0376H         LINE#         38
  C:0378H         LINE#         39
  C:037BH         LINE#         42
  C:037DH         LINE#         43
  C:037FH         LINE#         44
  -------         ENDPROC       _UART1INIT
  -------         PROC          _UART1SEND
  D:0001H         SYMBOL        content
  D:0005H         SYMBOL        num
  C:0003H         LINE#         47
  C:0003H         LINE#         48
  C:0009H         LINE#         49
  C:000EH         LINE#         50
  C:0011H         LINE#         51
  C:0013H         LINE#         52
  C:001AH         LINE#         53
  C:001CH         LINE#         54
  -------         ENDPROC       _UART1SEND
BL51 BANKED LINKER/LOCATER V6.22                                                      03/20/2026  21:25:45  PAGE 8


  -------         PROC          _SETUART1BUF
  D:0001H         SYMBOL        buf
  D:0005H         SYMBOL        buf_num
  D:0015H         SYMBOL        head
  D:0018H         SYMBOL        head_num
  C:03CFH         LINE#         55
  C:03CFH         LINE#         56
  C:03DAH         LINE#         57
  C:03E8H         LINE#         58
  C:03EDH         LINE#         59
  C:03F3H         LINE#         60
  -------         ENDPROC       _SETUART1BUF
  -------         PROC          CHECK_HEAD
  -------         DO            
  X:0027H         SYMBOL        i
  -------         ENDDO         
  C:02CCH         LINE#         62
  C:02CCH         LINE#         65
  C:02DFH         LINE#         66
  C:030CH         LINE#         67
  C:0314H         LINE#         69
  C:0316H         LINE#         70
  -------         ENDPROC       CHECK_HEAD
  -------         PROC          UART1_ROUTINE
  C:013BH         LINE#         73
  C:0152H         LINE#         74
  C:0157H         LINE#         76
  C:015AH         LINE#         78
  C:0168H         LINE#         79
  C:017DH         LINE#         80
  C:0183H         LINE#         83
  C:0188H         LINE#         84
  C:018AH         LINE#         85
  C:0190H         LINE#         86
  C:0197H         LINE#         87
  C:0197H         LINE#         95
  C:0197H         LINE#         96
  C:0197H         LINE#         98
  C:0199H         LINE#         99
  C:0199H         LINE#         100
  -------         ENDPROC       UART1_ROUTINE
  -------         ENDMOD        UART1

  -------         MODULE        ?C?CLDPTR
  C:00B2H         PUBLIC        ?C?CLDPTR
  -------         ENDMOD        ?C?CLDPTR

  -------         MODULE        ?C?CLDOPTR
  C:00CBH         PUBLIC        ?C?CLDOPTR
  -------         ENDMOD        ?C?CLDOPTR

  -------         MODULE        ?C?CSTOPTR
  C:00F8H         PUBLIC        ?C?CSTOPTR
  -------         ENDMOD        ?C?CSTOPTR

  -------         MODULE        ?C?ULCMP
  C:011AH         PUBLIC        ?C?ULCMP
BL51 BANKED LINKER/LOCATER V6.22                                                      03/20/2026  21:25:45  PAGE 9


  -------         ENDMOD        ?C?ULCMP

  -------         MODULE        ?C?LLDCODE
  C:012BH         PUBLIC        ?C?LLDCODE
  -------         ENDMOD        ?C?LLDCODE

*** WARNING L16: UNCALLED SEGMENT, IGNORED FOR OVERLAY PROCESS
    SEGMENT: ?CO?MAIN

*** WARNING L16: UNCALLED SEGMENT, IGNORED FOR OVERLAY PROCESS
    SEGMENT: ?PR?_SETUART1BUF?UART1

Program Size: data=26.0 xdata=40 code=1082
LINK/LOCATE RUN COMPLETE.  2 WARNING(S),  0 ERROR(S)
