BL51 BANKED LINKER/LOCATER V6.22                                                        03/23/2026  23:29:03  PAGE 1


BL51 BANKED LINKER/LOCATER V6.22, INVOKED BY:
D:\0_SOFTWARE\KEIL5\C51\BIN\BL51.EXE .\Objects\STARTUP.obj, .\Objects\main.obj, .\Objects\rc522.obj, .\Objects\adc.obj, 
>> .\Objects\display.obj, .\Objects\key.obj, .\Objects\sys.obj, .\Objects\uart1.obj, .\Objects\AT24C02.obj TO .\Objects\
>> project PRINT (.\Listings\project.m51) RAMSIZE (256)


MEMORY MODEL: SMALL


INPUT MODULES INCLUDED:
  .\Objects\STARTUP.obj (?C_STARTUP)
  .\Objects\main.obj (MAIN)
  .\Objects\rc522.obj (RC522)
  .\Objects\adc.obj (ADC)
  .\Objects\display.obj (DISPLAY)
  .\Objects\key.obj (KEY)
  .\Objects\sys.obj (SYS)
  .\Objects\uart1.obj (UART1)
  .\Objects\AT24C02.obj (AT24C02)
  D:\0_SOFTWARE\KEIL5\C51\LIB\C51S.LIB (?C_INIT)
  D:\0_SOFTWARE\KEIL5\C51\LIB\C51S.LIB (?C?COPY)
  D:\0_SOFTWARE\KEIL5\C51\LIB\C51S.LIB (?C?CLDPTR)
  D:\0_SOFTWARE\KEIL5\C51\LIB\C51S.LIB (?C?CLDOPTR)
  D:\0_SOFTWARE\KEIL5\C51\LIB\C51S.LIB (?C?CSTPTR)
  D:\0_SOFTWARE\KEIL5\C51\LIB\C51S.LIB (?C?CSTOPTR)
  D:\0_SOFTWARE\KEIL5\C51\LIB\C51S.LIB (?C?UIDIV)
  D:\0_SOFTWARE\KEIL5\C51\LIB\C51S.LIB (?C?ISTPTR)
  D:\0_SOFTWARE\KEIL5\C51\LIB\C51S.LIB (?C?ULDIV)
  D:\0_SOFTWARE\KEIL5\C51\LIB\C51S.LIB (?C?ULCMP)
  D:\0_SOFTWARE\KEIL5\C51\LIB\C51S.LIB (?C?LLDCODE)
  D:\0_SOFTWARE\KEIL5\C51\LIB\C51S.LIB (?C?OFFXADD)
  D:\0_SOFTWARE\KEIL5\C51\LIB\C51S.LIB (?C?ICALL)


LINK MAP OF MODULE:  .\Objects\project (?C_STARTUP)


            TYPE    BASE      LENGTH    RELOCATION   SEGMENT NAME
            -----------------------------------------------------

            * * * * * * *   D A T A   M E M O R Y   * * * * * * *
            REG     0000H     0008H     ABSOLUTE     "REG BANK 0"
            DATA    0008H     0004H     UNIT         ?DT?_PCDVALUE?RC522
            DATA    000CH     0002H     UNIT         ?DT?SYS
            DATA    000EH     0001H     UNIT         ?DT?_PCDBAKVALUE?RC522
                    000FH     0011H                  *** GAP ***
            BIT     0020H.0   0000H.1   UNIT         _BIT_GROUP_
                    0020H.1   0000H.7                *** GAP ***
            DATA    0021H     001BH     UNIT         _DATA_GROUP_
            IDATA   003CH     0001H     UNIT         ?STACK

            * * * * * * *  X D A T A   M E M O R Y  * * * * * * *
            XDATA   0000H     005BH     UNIT         ?XD?MAIN
            XDATA   005BH     002BH     UNIT         _XDATA_GROUP_
            XDATA   0086H     0026H     UNIT         ?XD?SYS
            XDATA   00ACH     0016H     UNIT         ?XD?_PCDVALUE?RC522
            XDATA   00C2H     0016H     UNIT         ?XD?ADC
            XDATA   00D8H     0015H     UNIT         ?XD?_PCDBAKVALUE?RC522
BL51 BANKED LINKER/LOCATER V6.22                                                      03/23/2026  23:29:03  PAGE 2


            XDATA   00EDH     000AH     UNIT         ?XD?DISPLAY
            XDATA   00F7H     000AH     UNIT         ?XD?UART1
            XDATA   0101H     0001H     UNIT         ?XD?KEY

            * * * * * * *   C O D E   M E M O R Y   * * * * * * *
            CODE    0000H     0003H     ABSOLUTE     
            CODE    0003H     0003H     ABSOLUTE     
            CODE    0006H     0001H     UNIT         ?PR?INT0_ROUTINE?SYS
            CODE    0007H     0001H     UNIT         ?PR?INT1_ROUTINE?SYS
                    0008H     0003H                  *** GAP ***
            CODE    000BH     0003H     ABSOLUTE     
                    000EH     0005H                  *** GAP ***
            CODE    0013H     0003H     ABSOLUTE     
            CODE    0016H     000DH     UNIT         ?PR?ATINIT?AT24C02
            CODE    0023H     0003H     ABSOLUTE     
                    0026H     0005H                  *** GAP ***
            CODE    002BH     0003H     ABSOLUTE     
            CODE    002EH     02E5H     UNIT         ?C?LIB_CODE
            CODE    0313H     02DAH     UNIT         ?PR?MYUARTCALLBACK?MAIN
            CODE    05EDH     0286H     UNIT         ?PR?ADC_ROUTINE?ADC
            CODE    0873H     01F5H     UNIT         ?PR?_PCDCOMMF522?RC522
            CODE    0A68H     0150H     UNIT         ?PR?_SETNUM?DISPLAY
            CODE    0BB8H     011DH     UNIT         ?PR?_PCDBAKVALUE?RC522
            CODE    0CD5H     0100H     UNIT         ?PR?SYSRUN?SYS
            CODE    0DD5H     00F6H     UNIT         ?PR?_PCDWRITE?RC522
            CODE    0ECBH     00C5H     UNIT         ?PR?_PCDVALUE?RC522
            CODE    0F90H     00BBH     UNIT         ?PR?_PCDANTICOLL?RC522
            CODE    104BH     00B8H     UNIT         ?PR?_PCDSELECT?RC522
            CODE    1103H     00B7H     UNIT         ?PR?_SETSEG?DISPLAY
            CODE    11BAH     00A8H     UNIT         ?PR?_PCDAUTHSTATE?RC522
            CODE    1262H     00A7H     UNIT         ?PR?_READRFID?MAIN
            CODE    1309H     00A7H     UNIT         ?PR?_WRITERFID?MAIN
            CODE    13B0H     00A3H     UNIT         ?PR?_CALULATECRC?RC522
            CODE    1453H     0094H     UNIT         ?PR?MAIN?MAIN
            CODE    14E7H     0092H     UNIT         ?PR?EVENTPARSE?SYS
            CODE    1579H     0091H     UNIT         ?PR?MYADCKEYCALLBACK?MAIN
            CODE    160AH     008DH     UNIT         ?C_INITSEG
            CODE    1697H     008CH     UNIT         ?C_C51STARTUP
            CODE    1723H     0089H     UNIT         ?PR?_PCDREAD?RC522
            CODE    17ACH     007AH     UNIT         ?PR?MYKEYCALLBACK?MAIN
            CODE    1826H     0075H     UNIT         ?PR?_READ_UID?MAIN
            CODE    189BH     0073H     UNIT         ?PR?UART1_ROUTINE?UART1
            CODE    190EH     006FH     UNIT         ?PR?MY100MSCALLBACK?MAIN
            CODE    197DH     006FH     UNIT         ?PR?_PCDREQUEST?RC522
            CODE    19ECH     0068H     UNIT         ?PR?_READRAWRC?RC522
            CODE    1A54H     0061H     UNIT         ?PR?_WRITERAWRC?RC522
            CODE    1AB5H     0060H     UNIT         ?PR?COMMIT_SENSOR_DATA?MAIN
            CODE    1B15H     0057H     UNIT         ?PR?_GETADCKEYACT?ADC
            CODE    1B6CH     0055H     UNIT         ?PR?_SIMPLE_READ_UID?MAIN
            CODE    1BC1H     0055H     UNIT         ?PR?__GET_INITIAL_VALUE?UART1
            CODE    1C16H     004BH     UNIT         ?PR?_SET_CHECKSUM?MAIN
            CODE    1C61H     004BH     UNIT         ?PR?CHECK_HEAD?UART1
            CODE    1CACH     0048H     UNIT         ?PR?_RAT?AT24C02
            CODE    1CF4H     0046H     UNIT         ?PR?_AT_READBYTE?AT24C02
            CODE    1D3AH     0045H     UNIT         ?PR?PCDHALT?RC522
            CODE    1D7FH     0041H     UNIT         ?PR?TIMER0_ROUTINE?SYS
            CODE    1DC0H     003EH     UNIT         ?PR?DISRUN?DISPLAY
BL51 BANKED LINKER/LOCATER V6.22                                                      03/23/2026  23:29:03  PAGE 3


            CODE    1DFEH     003AH     UNIT         ?PR?__AT_WRITEBYTE?AT24C02
            CODE    1E38H     0038H     UNIT         ?CO?UART1
            CODE    1E70H     0037H     UNIT         ?CO?DISPLAY
            CODE    1EA7H     0035H     UNIT         ?PR?MY1SCALLBACK?MAIN
            CODE    1EDCH     0035H     UNIT         ?PR?PCDRESET?RC522
            CODE    1F11H     0031H     UNIT         ?PR?_UART1INIT?UART1
            CODE    1F42H     002CH     UNIT         ?PR?RC522INIT?RC522
            CODE    1F6EH     0029H     UNIT         ?PR?_WAT?AT24C02
            CODE    1F97H     0025H     UNIT         ?PR?_SETUART1BUF?UART1
            CODE    1FBCH     0024H     UNIT         ?PR?_DELAY_MS?AT24C02
            CODE    1FE0H     0023H     UNIT         ?PR?_DELAY_US?AT24C02
            CODE    2003H     0021H     UNIT         ?PR?_SETCALLBACK?SYS
            CODE    2024H     001EH     UNIT         ?PR?_T0INIT?SYS
            CODE    2042H     001DH     UNIT         ?PR?_CLEARBITMASK?RC522
            CODE    205FH     001BH     UNIT         ?PR?_GETKEYACT?KEY
            CODE    207AH     001AH     UNIT         ?PR?_UART1SEND?UART1
            CODE    2094H     0018H     UNIT         ?PR?_DELAY_MS?MAIN
            CODE    20ACH     0016H     UNIT         ?PR?_SETBITMASK?RC522
            CODE    20C2H     0016H     UNIT         ?PR?PCDANTENNAON?RC522
            CODE    20D8H     0015H     UNIT         ?PR?TIMER0INIT?SYS
            CODE    20EDH     0010H     UNIT         ?CO?MAIN
            CODE    20FDH     000FH     UNIT         ?PR?_ADDPOINT?DISPLAY
            CODE    210CH     000FH     UNIT         ?PR?_AT_IIC_START?AT24C02
            CODE    211BH     000CH     UNIT         ?PR?DISINIT?DISPLAY
            CODE    2127H     000BH     UNIT         ?PR?ADCINIT?ADC
            CODE    2132H     000BH     UNIT         ?PR?INTERRUPTINIT?SYS
            CODE    213DH     0008H     UNIT         ?PR?_AT_IIC_STOP?AT24C02
            CODE    2145H     0007H     UNIT         ?PR?PCDANTENNAOFF?RC522
            CODE    214CH     0007H     UNIT         ?PR?GETADC?ADC
            CODE    2153H     0006H     UNIT         ?PR?_SETLED?DISPLAY
            CODE    2159H     0006H     UNIT         ?PR?SYSINIT?SYS



OVERLAY MAP OF MODULE:   .\Objects\project (?C_STARTUP)


SEGMENT                                  BIT_GROUP          DATA_GROUP          XDATA_GROUP
  +--> CALLED SEGMENT                 START    LENGTH     START    LENGTH     START    LENGTH
---------------------------------------------------------------------------------------------
?C_C51STARTUP                         -----    -----      -----    -----      -----    -----
  +--> ?PR?MAIN?MAIN
  +--> ?C_INITSEG

?PR?MAIN?MAIN                         -----    -----      0021H    0001H      -----    -----
  +--> ?PR?SYSINIT?SYS
  +--> ?PR?DISINIT?DISPLAY
  +--> ?PR?ATINIT?AT24C02
  +--> ?PR?_UART1INIT?UART1
  +--> ?PR?_SETUART1BUF?UART1
  +--> ?PR?ADCINIT?ADC
  +--> ?PR?MY100MSCALLBACK?MAIN
  +--> ?PR?_SETCALLBACK?SYS
  +--> ?PR?MYKEYCALLBACK?MAIN
  +--> ?PR?MYADCKEYCALLBACK?MAIN
  +--> ?PR?MYUARTCALLBACK?MAIN
  +--> ?PR?MY1SCALLBACK?MAIN
BL51 BANKED LINKER/LOCATER V6.22                                                      03/23/2026  23:29:03  PAGE 4


  +--> ?PR?_SETLED?DISPLAY
  +--> ?PR?_SETSEG?DISPLAY
  +--> ?PR?RC522INIT?RC522
  +--> ?PR?SYSRUN?SYS

?PR?SYSINIT?SYS                       -----    -----      -----    -----      -----    -----
  +--> ?PR?INTERRUPTINIT?SYS
  +--> ?PR?TIMER0INIT?SYS

?PR?_UART1INIT?UART1                  -----    -----      0022H    0004H      -----    -----
  +--> ?PR?__GET_INITIAL_VALUE?UART1

?PR?__GET_INITIAL_VALUE?UART1         -----    -----      0026H    0004H      005BH    0001H
  +--> ?CO?UART1

?PR?_SETUART1BUF?UART1                -----    -----      0022H    0008H      -----    -----

?PR?MY100MSCALLBACK?MAIN              -----    -----      -----    -----      -----    -----
  +--> ?PR?_SETLED?DISPLAY
  +--> ?PR?_SETSEG?DISPLAY
  +--> ?PR?_SETNUM?DISPLAY

?PR?_SETSEG?DISPLAY                   -----    -----      0022H    0008H      -----    -----
  +--> ?CO?DISPLAY

?PR?_SETNUM?DISPLAY                   -----    -----      0022H    0004H      -----    -----
  +--> ?CO?DISPLAY

?PR?MYKEYCALLBACK?MAIN                -----    -----      -----    -----      005BH    0001H
  +--> ?PR?_GETKEYACT?KEY
  +--> ?PR?_SETLED?DISPLAY
  +--> ?PR?_SETNUM?DISPLAY
  +--> ?PR?_READ_UID?MAIN
  +--> ?PR?_UART1SEND?UART1

?PR?_READ_UID?MAIN                    -----    -----      0022H    0003H      005DH    0002H
  +--> ?PR?_PCDREQUEST?RC522
  +--> ?PR?_PCDANTICOLL?RC522
  +--> ?PR?_PCDSELECT?RC522
  +--> ?PR?PCDHALT?RC522

?PR?_PCDREQUEST?RC522                 -----    -----      0029H    0004H      0063H    0015H
  +--> ?PR?_CLEARBITMASK?RC522
  +--> ?PR?_WRITERAWRC?RC522
  +--> ?PR?_SETBITMASK?RC522
  +--> ?PR?_PCDCOMMF522?RC522

?PR?_CLEARBITMASK?RC522               -----    -----      -----    -----      0081H    0001H
  +--> ?PR?_READRAWRC?RC522
  +--> ?PR?_WRITERAWRC?RC522

?PR?_READRAWRC?RC522                  -----    -----      -----    -----      0082H    0003H

?PR?_WRITERAWRC?RC522                 -----    -----      -----    -----      0082H    0002H

?PR?_SETBITMASK?RC522                 -----    -----      -----    -----      0081H    0001H
  +--> ?PR?_READRAWRC?RC522
BL51 BANKED LINKER/LOCATER V6.22                                                      03/23/2026  23:29:03  PAGE 5


  +--> ?PR?_WRITERAWRC?RC522

?PR?_PCDCOMMF522?RC522                -----    -----      0031H    000BH      007AH    0007H
  +--> ?PR?_WRITERAWRC?RC522
  +--> ?PR?_CLEARBITMASK?RC522
  +--> ?PR?_SETBITMASK?RC522
  +--> ?PR?_READRAWRC?RC522

?PR?_PCDANTICOLL?RC522                -----    -----      0029H    0003H      0063H    0017H
  +--> ?PR?_CLEARBITMASK?RC522
  +--> ?PR?_WRITERAWRC?RC522
  +--> ?PR?_PCDCOMMF522?RC522
  +--> ?PR?_SETBITMASK?RC522

?PR?_PCDSELECT?RC522                  -----    -----      0029H    0003H      0063H    0016H
  +--> ?PR?_CALULATECRC?RC522
  +--> ?PR?_CLEARBITMASK?RC522
  +--> ?PR?_PCDCOMMF522?RC522

?PR?_CALULATECRC?RC522                -----    -----      002CH    0007H      0079H    0002H
  +--> ?PR?_CLEARBITMASK?RC522
  +--> ?PR?_WRITERAWRC?RC522
  +--> ?PR?_SETBITMASK?RC522
  +--> ?PR?_READRAWRC?RC522

?PR?PCDHALT?RC522                     -----    -----      -----    -----      0063H    0015H
  +--> ?PR?_CALULATECRC?RC522
  +--> ?PR?_PCDCOMMF522?RC522

?PR?MYADCKEYCALLBACK?MAIN             -----    -----      -----    -----      005BH    0001H
  +--> ?PR?_GETADCKEYACT?ADC
  +--> ?PR?_READRFID?MAIN
  +--> ?PR?_UART1SEND?UART1
  +--> ?CO?MAIN
  +--> ?PR?_WRITERFID?MAIN
  +--> ?PR?COMMIT_SENSOR_DATA?MAIN

?PR?_READRFID?MAIN                    -----    -----      0022H    0007H      005DH    0002H
  +--> ?PR?_PCDREQUEST?RC522
  +--> ?PR?_PCDANTICOLL?RC522
  +--> ?PR?_PCDSELECT?RC522
  +--> ?PR?_PCDAUTHSTATE?RC522
  +--> ?PR?_PCDREAD?RC522
  +--> ?PR?PCDHALT?RC522

?PR?_PCDAUTHSTATE?RC522               -----    -----      0029H    0008H      0063H    0016H
  +--> ?PR?_PCDCOMMF522?RC522
  +--> ?PR?_READRAWRC?RC522

?PR?_PCDREAD?RC522                    -----    -----      0029H    0003H      005FH    0016H
  +--> ?PR?_CALULATECRC?RC522
  +--> ?PR?_PCDCOMMF522?RC522

?PR?_WRITERFID?MAIN                   -----    -----      0022H    0004H      005DH    0006H
  +--> ?PR?_PCDREQUEST?RC522
  +--> ?PR?_PCDANTICOLL?RC522
  +--> ?PR?_PCDSELECT?RC522
BL51 BANKED LINKER/LOCATER V6.22                                                      03/23/2026  23:29:03  PAGE 6


  +--> ?PR?_PCDAUTHSTATE?RC522
  +--> ?PR?_PCDWRITE?RC522
  +--> ?PR?PCDHALT?RC522

?PR?_PCDWRITE?RC522                   -----    -----      0026H    0003H      0063H    0016H
  +--> ?PR?_CALULATECRC?RC522
  +--> ?PR?_PCDCOMMF522?RC522

?PR?COMMIT_SENSOR_DATA?MAIN           -----    -----      -----    -----      -----    -----
  +--> ?PR?GETADC?ADC
  +--> ?PR?_SET_CHECKSUM?MAIN
  +--> ?PR?_UART1SEND?UART1

?PR?_SET_CHECKSUM?MAIN                -----    -----      0022H    0003H      005DH    0002H

?PR?MYUARTCALLBACK?MAIN               -----    -----      -----    -----      005BH    0002H
  +--> ?PR?_SET_CHECKSUM?MAIN
  +--> ?PR?_READ_UID?MAIN
  +--> ?PR?_READRFID?MAIN
  +--> ?PR?_WRITERFID?MAIN
  +--> ?PR?COMMIT_SENSOR_DATA?MAIN
  +--> ?PR?_WAT?AT24C02
  +--> ?PR?_RAT?AT24C02
  +--> ?PR?_UART1SEND?UART1

?PR?_WAT?AT24C02                      -----    -----      -----    -----      005DH    0001H
  +--> ?PR?_AT_IIC_START?AT24C02
  +--> ?PR?__AT_WRITEBYTE?AT24C02
  +--> ?PR?_AT_IIC_STOP?AT24C02
  +--> ?PR?_DELAY_MS?AT24C02

?PR?_AT_IIC_START?AT24C02             -----    -----      -----    -----      -----    -----
  +--> ?PR?_DELAY_US?AT24C02

?PR?_DELAY_US?AT24C02                 -----    -----      -----    -----      0061H    0001H

?PR?__AT_WRITEBYTE?AT24C02            0020H.0  0000H.1    -----    -----      005FH    0001H
  +--> ?PR?_DELAY_US?AT24C02

?PR?_AT_IIC_STOP?AT24C02              -----    -----      -----    -----      -----    -----
  +--> ?PR?_DELAY_US?AT24C02

?PR?_DELAY_MS?AT24C02                 -----    -----      -----    -----      005EH    0002H

?PR?_RAT?AT24C02                      -----    -----      -----    -----      005DH    0002H
  +--> ?PR?_AT_IIC_START?AT24C02
  +--> ?PR?__AT_WRITEBYTE?AT24C02
  +--> ?PR?_AT_IIC_STOP?AT24C02
  +--> ?PR?_AT_READBYTE?AT24C02

?PR?_AT_READBYTE?AT24C02              0020H.0  0000H.1    -----    -----      005FH    0002H
  +--> ?PR?_DELAY_US?AT24C02

?PR?MY1SCALLBACK?MAIN                 -----    -----      -----    -----      -----    -----
  +--> ?PR?_SIMPLE_READ_UID?MAIN
  +--> ?PR?COMMIT_SENSOR_DATA?MAIN

BL51 BANKED LINKER/LOCATER V6.22                                                      03/23/2026  23:29:03  PAGE 7


?PR?_SIMPLE_READ_UID?MAIN             -----    -----      0022H    0003H      005BH    0002H
  +--> ?PR?_PCDREQUEST?RC522
  +--> ?PR?_PCDANTICOLL?RC522

?PR?RC522INIT?RC522                   -----    -----      -----    -----      -----    -----
  +--> ?PR?PCDRESET?RC522
  +--> ?PR?PCDANTENNAOFF?RC522
  +--> ?PR?PCDANTENNAON?RC522

?PR?PCDRESET?RC522                    -----    -----      -----    -----      -----    -----
  +--> ?PR?_WRITERAWRC?RC522

?PR?PCDANTENNAOFF?RC522               -----    -----      -----    -----      -----    -----
  +--> ?PR?_CLEARBITMASK?RC522

?PR?PCDANTENNAON?RC522                -----    -----      -----    -----      005BH    0001H
  +--> ?PR?_READRAWRC?RC522
  +--> ?PR?_SETBITMASK?RC522

?PR?SYSRUN?SYS                        -----    -----      -----    -----      -----    -----
  +--> ?PR?EVENTPARSE?SYS

*** NEW ROOT ***************************************************

?PR?TIMER0_ROUTINE?SYS                -----    -----      -----    -----      -----    -----
  +--> ?PR?DISRUN?DISPLAY

*** NEW ROOT ***************************************************

?PR?UART1_ROUTINE?UART1               -----    -----      -----    -----      -----    -----
  +--> ?PR?CHECK_HEAD?UART1

?PR?CHECK_HEAD?UART1                  -----    -----      -----    -----      0085H    0001H



SYMBOL TABLE OF MODULE:  .\Objects\project (?C_STARTUP)

  VALUE           TYPE          NAME
  ----------------------------------

  -------         MODULE        ?C_STARTUP
  C:1697H         SEGMENT       ?C_C51STARTUP
  I:003CH         SEGMENT       ?STACK
  C:0000H         PUBLIC        ?C_STARTUP
  D:00E0H         SYMBOL        ACC
  D:00F0H         SYMBOL        B
  D:0083H         SYMBOL        DPH
  D:0082H         SYMBOL        DPL
  N:0000H         SYMBOL        IBPSTACK
  N:0100H         SYMBOL        IBPSTACKTOP
  N:0080H         SYMBOL        IDATALEN
  C:169AH         SYMBOL        IDATALOOP
  N:0000H         SYMBOL        PBPSTACK
  N:0100H         SYMBOL        PBPSTACKTOP
  N:0000H         SYMBOL        PDATALEN
  N:0000H         SYMBOL        PDATASTART
BL51 BANKED LINKER/LOCATER V6.22                                                      03/23/2026  23:29:03  PAGE 8


  N:0000H         SYMBOL        PPAGE
  N:0000H         SYMBOL        PPAGEENABLE
  D:00A0H         SYMBOL        PPAGE_SFR
  D:0081H         SYMBOL        SP
  C:1697H         SYMBOL        STARTUP1
  N:0000H         SYMBOL        XBPSTACK
  N:0000H         SYMBOL        XBPSTACKTOP
  N:0000H         SYMBOL        XDATALEN
  N:0000H         SYMBOL        XDATASTART
  C:0000H         LINE#         126
  C:1697H         LINE#         133
  C:1699H         LINE#         134
  C:169AH         LINE#         135
  C:169BH         LINE#         136
  C:169DH         LINE#         185
  C:16A0H         LINE#         196
  -------         ENDMOD        ?C_STARTUP

  -------         MODULE        MAIN
  C:0000H         SYMBOL        _ICE_DUMMY_
  C:1EA7H         PUBLIC        my1SCallback
  D:0090H         PUBLIC        P1
  D:00C0H         PUBLIC        P4
  C:1C23H         PUBLIC        _set_checksum
  X:0000H         PUBLIC        receive_buf
  C:1AB5H         PUBLIC        commit_sensor_data
  X:0018H         PUBLIC        counter_1s
  C:0313H         PUBLIC        myUartCallback
  X:0019H         PUBLIC        card_data
  C:17ACH         PUBLIC        myKeyCallback
  X:0029H         PUBLIC        adc_data
  C:1453H         PUBLIC        main
  X:0035H         PUBLIC        mode
  X:0036H         PUBLIC        status
  X:0037H         PUBLIC        led_vector
  C:1B6CH         PUBLIC        _simple_read_uid
  C:20EDH         PUBLIC        test_data
  C:182CH         PUBLIC        _read_uid
  X:0038H         PUBLIC        uid
  C:1262H         PUBLIC        _readRFID
  X:003CH         PUBLIC        card_key
  X:0042H         PUBLIC        send_buf
  C:2094H         PUBLIC        _delay_ms
  C:1309H         PUBLIC        _writeRFID
  X:005AH         PUBLIC        is_stream_led
  C:190EH         PUBLIC        my100msCallback
  C:1579H         PUBLIC        myADCKeyCallback
  -------         PROC          L?0112
  -------         ENDPROC       L?0112
  -------         PROC          _SET_CHECKSUM
  D:0022H         SYMBOL        buf
  D:0005H         SYMBOL        num
  -------         DO            
  X:005DH         SYMBOL        i
  X:005EH         SYMBOL        tmp
  -------         ENDDO         
  C:1C23H         LINE#         23
BL51 BANKED LINKER/LOCATER V6.22                                                      03/23/2026  23:29:03  PAGE 9


  C:1C29H         LINE#         25
  C:1C2EH         LINE#         26
  C:1C3BH         LINE#         27
  C:1C53H         LINE#         28
  C:1C5BH         LINE#         29
  C:1C60H         LINE#         30
  -------         ENDPROC       _SET_CHECKSUM
  -------         PROC          _SIMPLE_READ_UID
  D:0022H         SYMBOL        _id
  -------         DO            
  X:005BH         SYMBOL        tmp
  X:005CH         SYMBOL        try_cnt
  -------         ENDDO         
  C:1B6CH         LINE#         40
  C:1B72H         LINE#         41
  C:1B7BH         LINE#         43
  C:1B7BH         LINE#         44
  C:1B90H         LINE#         45
  C:1BA3H         LINE#         47
  C:1BADH         LINE#         48
  C:1BADH         LINE#         49
  C:1BB9H         LINE#         50
  C:1BBEH         LINE#         51
  C:1BBEH         LINE#         52
  C:1BC0H         LINE#         53
  C:1BC0H         LINE#         54
  -------         ENDPROC       _SIMPLE_READ_UID
  -------         PROC          L?0113
  -------         ENDPROC       L?0113
  -------         PROC          _READ_UID
  D:0022H         SYMBOL        _id
  -------         DO            
  X:005DH         SYMBOL        tmp
  X:005EH         SYMBOL        try_cnt
  -------         ENDDO         
  C:182CH         LINE#         58
  C:1832H         LINE#         59
  C:183BH         LINE#         61
  C:183BH         LINE#         62
  C:1850H         LINE#         64
  C:1863H         LINE#         67
  C:1876H         LINE#         69
  C:187FH         LINE#         70
  C:187FH         LINE#         71
  C:188BH         LINE#         72
  C:1890H         LINE#         73
  C:1890H         LINE#         74
  C:1892H         LINE#         75
  C:1895H         LINE#         76
  C:189AH         LINE#         77
  -------         ENDPROC       _READ_UID
  -------         PROC          _READRFID
  D:0022H         SYMBOL        _addr
  D:0023H         SYMBOL        _uid
  D:0026H         SYMBOL        _buf
  -------         DO            
  X:005DH         SYMBOL        tmp
BL51 BANKED LINKER/LOCATER V6.22                                                      03/23/2026  23:29:03  PAGE 10


  X:005EH         SYMBOL        try_cnt
  -------         ENDDO         
  C:1262H         LINE#         81
  C:126AH         LINE#         82
  C:1273H         LINE#         83
  C:1273H         LINE#         84
  C:1288H         LINE#         86
  C:129BH         LINE#         88
  C:12AEH         LINE#         90
  C:12CEH         LINE#         94
  C:12E3H         LINE#         96
  C:12ECH         LINE#         97
  C:12ECH         LINE#         98
  C:12F8H         LINE#         99
  C:12FDH         LINE#         100
  C:12FDH         LINE#         101
  C:1300H         LINE#         104
  C:1303H         LINE#         105
  C:1308H         LINE#         106
  -------         ENDPROC       _READRFID
  -------         PROC          _WRITERFID
  D:0022H         SYMBOL        _addr
  D:0023H         SYMBOL        _data
  -------         DO            
  X:005DH         SYMBOL        tmp
  X:005EH         SYMBOL        try_cnt
  X:005FH         SYMBOL        _uid
  -------         ENDDO         
  C:1309H         LINE#         110
  C:1311H         LINE#         111
  C:131AH         LINE#         113
  C:131AH         LINE#         114
  C:132FH         LINE#         116
  C:1342H         LINE#         118
  C:1355H         LINE#         120
  C:1375H         LINE#         122
  C:138AH         LINE#         126
  C:1393H         LINE#         127
  C:1393H         LINE#         128
  C:139FH         LINE#         129
  C:13A4H         LINE#         130
  C:13A4H         LINE#         131
  C:13A7H         LINE#         134
  C:13AAH         LINE#         135
  C:13AFH         LINE#         136
  -------         ENDPROC       _WRITERFID
  -------         PROC          COMMIT_SENSOR_DATA
  C:1AB5H         LINE#         138
  C:1AB5H         LINE#         139
  C:1AC5H         LINE#         141
  C:1ACBH         LINE#         142
  C:1ACFH         LINE#         143
  C:1ADCH         LINE#         144
  C:1ADFH         LINE#         145
  C:1AECH         LINE#         146
  C:1AEFH         LINE#         147
  C:1AF8H         LINE#         148
BL51 BANKED LINKER/LOCATER V6.22                                                      03/23/2026  23:29:03  PAGE 11


  C:1AFBH         LINE#         149
  C:1B0BH         LINE#         150
  -------         ENDPROC       COMMIT_SENSOR_DATA
  -------         PROC          MY1SCALLBACK
  C:1EA7H         LINE#         156
  C:1EA7H         LINE#         157
  C:1EB2H         LINE#         159
  C:1EB9H         LINE#         162
  C:1EC5H         LINE#         163
  C:1ECBH         LINE#         164
  C:1ECDH         LINE#         165
  C:1ED2H         LINE#         167
  C:1ED8H         LINE#         168
  C:1EDBH         LINE#         169
  C:1EDBH         LINE#         170
  C:1EDBH         LINE#         171
  -------         ENDPROC       MY1SCALLBACK
  -------         PROC          MY100MSCALLBACK
  C:190EH         LINE#         173
  C:190EH         LINE#         174
  C:1916H         LINE#         175
  C:191CH         LINE#         176
  C:1924H         LINE#         177
  C:195AH         LINE#         178
  C:196BH         LINE#         179
  C:196CH         LINE#         180
  C:196CH         LINE#         181
  C:1971H         LINE#         182
  C:197CH         LINE#         183
  C:197CH         LINE#         184
  C:197CH         LINE#         185
  -------         ENDPROC       MY100MSCALLBACK
  -------         PROC          MYKEYCALLBACK
  -------         DO            
  X:005BH         SYMBOL        key
  -------         ENDDO         
  C:17ACH         LINE#         187
  C:17ACH         LINE#         191
  C:17B6H         LINE#         192
  C:17BAH         LINE#         195
  C:17CFH         LINE#         198
  C:17D1H         LINE#         199
  C:17D8H         LINE#         200
  C:17DAH         LINE#         201
  C:17E1H         LINE#         202
  C:17E6H         LINE#         203
  C:17EEH         LINE#         204
  C:17F0H         LINE#         205
  C:17F7H         LINE#         206
  C:1802H         LINE#         207
  C:1802H         LINE#         208
  C:1802H         LINE#         210
  C:1808H         LINE#         211
  C:1811H         LINE#         212
  C:1814H         LINE#         227
  C:181AH         LINE#         228
  C:1825H         LINE#         229
BL51 BANKED LINKER/LOCATER V6.22                                                      03/23/2026  23:29:03  PAGE 12


  C:1825H         LINE#         232
  C:1825H         LINE#         234
  -------         ENDPROC       MYKEYCALLBACK
  -------         PROC          MYADCKEYCALLBACK
  -------         DO            
  X:005BH         SYMBOL        key
  -------         ENDDO         
  C:1579H         LINE#         236
  C:1579H         LINE#         239
  C:1582H         LINE#         241
  C:158BH         LINE#         243
  C:158FH         LINE#         246
  C:15A8H         LINE#         247
  C:15ACH         LINE#         248
  C:15B1H         LINE#         249
  C:15B9H         LINE#         250
  C:15BBH         LINE#         251
  C:15BBH         LINE#         252
  C:15C6H         LINE#         253
  C:15D1H         LINE#         254
  C:15D1H         LINE#         261
  C:15D1H         LINE#         263
  C:15DBH         LINE#         264
  C:15DEH         LINE#         267
  C:15EEH         LINE#         268
  C:15F9H         LINE#         269
  C:15F9H         LINE#         271
  C:1603H         LINE#         272
  C:1606H         LINE#         273
  C:1609H         LINE#         275
  C:1609H         LINE#         276
  C:1609H         LINE#         301
  -------         ENDPROC       MYADCKEYCALLBACK
  -------         PROC          MYUARTCALLBACK
  -------         DO            
  X:005BH         SYMBOL        command
  X:005CH         SYMBOL        write_addr
  -------         ENDDO         
  C:0313H         LINE#         303
  C:0313H         LINE#         305
  C:0319H         LINE#         306
  C:031CH         LINE#         313
  C:0331H         LINE#         315
  C:0339H         LINE#         316
  C:033BH         LINE#         321
  C:0346H         LINE#         322
  C:0349H         LINE#         323
  C:034DH         LINE#         324
  C:0351H         LINE#         325
  C:035FH         LINE#         326
  C:0362H         LINE#         328
  C:0362H         LINE#         331
  C:0365H         LINE#         332
  C:0368H         LINE#         333
  C:0370H         LINE#         334
  C:0378H         LINE#         335
  C:0380H         LINE#         336
BL51 BANKED LINKER/LOCATER V6.22                                                      03/23/2026  23:29:03  PAGE 13


  C:0388H         LINE#         337
  C:0396H         LINE#         339
  C:0396H         LINE#         340
  C:0399H         LINE#         341
  C:03A4H         LINE#         345
  C:03AAH         LINE#         346
  C:03AEH         LINE#         347
  C:03B7H         LINE#         349
  C:03CEH         LINE#         350
  C:03D4H         LINE#         351
  C:03D8H         LINE#         352
  C:03DCH         LINE#         353
  C:03E9H         LINE#         354
  C:03ECH         LINE#         356
  C:03ECH         LINE#         358
  C:03F4H         LINE#         359
  C:03FCH         LINE#         360
  C:0404H         LINE#         361
  C:040CH         LINE#         362
  C:0414H         LINE#         363
  C:041CH         LINE#         364
  C:0424H         LINE#         365
  C:042CH         LINE#         366
  C:0434H         LINE#         367
  C:043CH         LINE#         368
  C:0444H         LINE#         369
  C:044CH         LINE#         370
  C:0454H         LINE#         371
  C:045CH         LINE#         372
  C:0464H         LINE#         373
  C:0467H         LINE#         374
  C:046DH         LINE#         375
  C:046DH         LINE#         376
  C:0470H         LINE#         377
  C:047BH         LINE#         382
  C:0491H         LINE#         384
  C:0494H         LINE#         385
  C:0498H         LINE#         386
  C:049CH         LINE#         387
  C:04AAH         LINE#         388
  C:04ADH         LINE#         390
  C:04ADH         LINE#         392
  C:04B0H         LINE#         393
  C:04B4H         LINE#         394
  C:04B7H         LINE#         395
  C:04BFH         LINE#         396
  C:04C7H         LINE#         397
  C:04CFH         LINE#         398
  C:04D7H         LINE#         399
  C:04DFH         LINE#         400
  C:04E7H         LINE#         401
  C:04EFH         LINE#         402
  C:04F7H         LINE#         403
  C:04FFH         LINE#         404
  C:0507H         LINE#         405
  C:050FH         LINE#         406
  C:0517H         LINE#         407
BL51 BANKED LINKER/LOCATER V6.22                                                      03/23/2026  23:29:03  PAGE 14


  C:051FH         LINE#         408
  C:0527H         LINE#         409
  C:052FH         LINE#         410
  C:0532H         LINE#         411
  C:0538H         LINE#         412
  C:0538H         LINE#         413
  C:053BH         LINE#         414
  C:0542H         LINE#         418
  C:0545H         LINE#         419
  C:0545H         LINE#         420
  C:0550H         LINE#         429
  C:055AH         LINE#         430
  C:0564H         LINE#         431
  C:056EH         LINE#         432
  C:0578H         LINE#         433
  C:0582H         LINE#         434
  C:058CH         LINE#         436
  C:0592H         LINE#         437
  C:0596H         LINE#         438
  C:05A0H         LINE#         439
  C:05AAH         LINE#         440
  C:05B4H         LINE#         441
  C:05BEH         LINE#         442
  C:05C8H         LINE#         443
  C:05D2H         LINE#         444
  C:05E2H         LINE#         446
  C:05ECH         LINE#         447
  C:05ECH         LINE#         448
  C:05ECH         LINE#         450
  C:05ECH         LINE#         451
  -------         ENDPROC       MYUARTCALLBACK
  -------         PROC          _DELAY_MS
  D:0006H         SYMBOL        xms
  -------         DO            
  D:0005H         SYMBOL        i
  D:0004H         SYMBOL        j
  -------         ENDDO         
  C:2094H         LINE#         479
  C:2094H         LINE#         480
  C:2094H         LINE#         482
  C:209EH         LINE#         483
  C:209FH         LINE#         484
  C:20A0H         LINE#         485
  C:20A1H         LINE#         486
  C:20A3H         LINE#         487
  C:20A5H         LINE#         489
  C:20A5H         LINE#         490
  C:20A7H         LINE#         491
  C:20A9H         LINE#         492
  C:20ABH         LINE#         493
  -------         ENDPROC       _DELAY_MS
  -------         PROC          MAIN
  -------         DO            
  D:0021H         SYMBOL        ver
  -------         ENDDO         
  C:1453H         LINE#         495
  C:1453H         LINE#         498
BL51 BANKED LINKER/LOCATER V6.22                                                      03/23/2026  23:29:03  PAGE 15


  C:1456H         LINE#         499
  C:1459H         LINE#         500
  C:145CH         LINE#         501
  C:1467H         LINE#         503
  C:147EH         LINE#         507
  C:1481H         LINE#         509
  C:148CH         LINE#         510
  C:1497H         LINE#         511
  C:14A2H         LINE#         512
  C:14ADH         LINE#         513
  C:14B8H         LINE#         514
  C:14BEH         LINE#         515
  C:14C2H         LINE#         517
  C:14C7H         LINE#         518
  C:14DFH         LINE#         520
  C:14E2H         LINE#         523
  C:14E2H         LINE#         526
  C:14E5H         LINE#         527
  -------         ENDPROC       MAIN
  -------         ENDMOD        MAIN

  -------         MODULE        RC522
  C:0000H         SYMBOL        _ICE_DUMMY_
  D:0092H         PUBLIC        P1M0
  D:0091H         PUBLIC        P1M1
  C:2145H         PUBLIC        PcdAntennaOff
  D:0090H         PUBLIC        P1
  D:00B4H         PUBLIC        P4M0
  B:0090H.1       PUBLIC        MF522_NSS
  D:00B3H         PUBLIC        P4M1
  D:00C0H         PUBLIC        P4
  B:00A8H.7       PUBLIC        EA
  C:197DH         PUBLIC        _PcdRequest
  C:1F42H         PUBLIC        rc522Init
  C:13C9H         PUBLIC        _CalulateCRC
  B:00C0H.3       PUBLIC        MF522_EA
  C:1723H         PUBLIC        _PcdRead
  C:0ECBH         PUBLIC        _PcdValue
  C:2046H         PUBLIC        _ClearBitMask
  C:1EDCH         PUBLIC        PcdReset
  C:20C2H         PUBLIC        PcdAntennaOn
  C:1D3AH         PUBLIC        PcdHalt
  C:0DD5H         PUBLIC        _PcdWrite
  C:0BB8H         PUBLIC        _PcdBakValue
  B:00C0H.2       PUBLIC        MF522_SI
  B:0090H.0       PUBLIC        MF522_SO
  C:11BAH         PUBLIC        _PcdAuthState
  C:19ECH         PUBLIC        _ReadRawRC
  C:1A58H         PUBLIC        _WriteRawRC
  C:0F90H         PUBLIC        _PcdAnticoll
  C:20ACH         PUBLIC        _SetBitMask
  B:00C0H.4       PUBLIC        MF522_IIC
  C:0890H         PUBLIC        _PcdComMF522
  B:00C0H.1       PUBLIC        MF522_SCK
  C:104BH         PUBLIC        _PcdSelect
  -------         PROC          RC522INIT
  C:1F42H         LINE#         12
BL51 BANKED LINKER/LOCATER V6.22                                                      03/23/2026  23:29:03  PAGE 16


  C:1F42H         LINE#         13
  C:1F44H         LINE#         15
  C:1F47H         LINE#         16
  C:1F4AH         LINE#         19
  C:1F4DH         LINE#         20
  C:1F50H         LINE#         23
  C:1F53H         LINE#         24
  C:1F56H         LINE#         27
  C:1F58H         LINE#         28
  C:1F5AH         LINE#         29
  C:1F5CH         LINE#         30
  C:1F5EH         LINE#         34
  C:1F60H         LINE#         35
  C:1F62H         LINE#         40
  C:1F65H         LINE#         41
  C:1F68H         LINE#         42
  C:1F6BH         LINE#         43
  C:1F6DH         LINE#         44
  -------         ENDPROC       RC522INIT
  -------         PROC          _PCDREQUEST
  D:0029H         SYMBOL        req_code
  D:002AH         SYMBOL        pTagType
  -------         DO            
  X:0063H         SYMBOL        status
  X:0064H         SYMBOL        unLen
  X:0066H         SYMBOL        ucComMF522Buf
  -------         ENDDO         
  C:197DH         LINE#         60
  C:1985H         LINE#         61
  C:1985H         LINE#         66
  C:1988H         LINE#         67
  C:198FH         LINE#         68
  C:1996H         LINE#         70
  C:199CH         LINE#         72
  C:19BDH         LINE#         74
  C:19C9H         LINE#         75
  C:19C9H         LINE#         76
  C:19D6H         LINE#         77
  C:19E6H         LINE#         78
  C:19E6H         LINE#         80
  C:19E6H         LINE#         82
  C:19E6H         LINE#         84
  C:19EBH         LINE#         85
  -------         ENDPROC       _PCDREQUEST
  -------         PROC          _PCDANTICOLL
  D:0029H         SYMBOL        pSnr
  -------         DO            
  X:0063H         SYMBOL        status
  X:0064H         SYMBOL        i
  X:0065H         SYMBOL        snr_check
  X:0066H         SYMBOL        unLen
  X:0068H         SYMBOL        ucComMF522Buf
  -------         ENDDO         
  C:0F90H         LINE#         92
  C:0F96H         LINE#         93
  C:0F96H         LINE#         95
  C:0F9BH         LINE#         100
BL51 BANKED LINKER/LOCATER V6.22                                                      03/23/2026  23:29:03  PAGE 17


  C:0F9EH         LINE#         101
  C:0FA5H         LINE#         102
  C:0FACH         LINE#         104
  C:0FB2H         LINE#         105
  C:0FB6H         LINE#         107
  C:0FDBH         LINE#         109
  C:0FDDH         LINE#         110
  C:0FDDH         LINE#         111
  C:0FE9H         LINE#         112
  C:0FE9H         LINE#         113
  C:1003H         LINE#         114
  C:101AH         LINE#         115
  C:1022H         LINE#         116
  C:1038H         LINE#         117
  C:103EH         LINE#         118
  C:103EH         LINE#         120
  C:1045H         LINE#         121
  C:104AH         LINE#         122
  -------         ENDPROC       _PCDANTICOLL
  -------         PROC          _PCDSELECT
  D:0029H         SYMBOL        pSnr
  -------         DO            
  X:0063H         SYMBOL        status
  X:0064H         SYMBOL        i
  X:0065H         SYMBOL        unLen
  X:0067H         SYMBOL        ucComMF522Buf
  -------         ENDDO         
  C:104BH         LINE#         129
  C:1051H         LINE#         130
  C:1051H         LINE#         136
  C:1057H         LINE#         137
  C:105BH         LINE#         138
  C:1060H         LINE#         139
  C:106EH         LINE#         140
  C:106EH         LINE#         141
  C:108BH         LINE#         142
  C:109FH         LINE#         143
  C:10A7H         LINE#         144
  C:10BBH         LINE#         146
  C:10BEH         LINE#         148
  C:10E3H         LINE#         150
  C:10F1H         LINE#         151
  C:10F7H         LINE#         153
  C:10FDH         LINE#         155
  C:1102H         LINE#         156
  -------         ENDPROC       _PCDSELECT
  -------         PROC          _PCDAUTHSTATE
  D:0007H         SYMBOL        auth_mode
  D:0005H         SYMBOL        addr
  D:002BH         SYMBOL        pKey
  D:002EH         SYMBOL        pSnr
  -------         DO            
  X:0063H         SYMBOL        status
  X:0064H         SYMBOL        unLen
  X:0066H         SYMBOL        i
  X:0067H         SYMBOL        ucComMF522Buf
  -------         ENDDO         
BL51 BANKED LINKER/LOCATER V6.22                                                      03/23/2026  23:29:03  PAGE 18


  C:11BAH         LINE#         168
  C:11C0H         LINE#         169
  C:11C0H         LINE#         174
  C:11C5H         LINE#         175
  C:11C8H         LINE#         176
  C:11CDH         LINE#         177
  C:11F7H         LINE#         178
  C:11FCH         LINE#         179
  C:1226H         LINE#         183
  C:124BH         LINE#         184
  C:1256H         LINE#         185
  C:125CH         LINE#         186
  C:1261H         LINE#         187
  -------         ENDPROC       _PCDAUTHSTATE
  -------         PROC          _PCDREAD
  D:0007H         SYMBOL        addr
  D:0029H         SYMBOL        pData
  -------         DO            
  X:005FH         SYMBOL        status
  X:0060H         SYMBOL        unLen
  X:0062H         SYMBOL        i
  X:0063H         SYMBOL        ucComMF522Buf
  -------         ENDDO         
  C:1723H         LINE#         195
  C:1729H         LINE#         196
  C:1729H         LINE#         201
  C:172FH         LINE#         202
  C:1732H         LINE#         203
  C:1742H         LINE#         205
  C:1767H         LINE#         206
  C:1773H         LINE#         208
  C:1773H         LINE#         209
  C:1777H         LINE#         210
  C:17A0H         LINE#         211
  C:17A0H         LINE#         213
  C:17A6H         LINE#         215
  C:17ABH         LINE#         216
  -------         ENDPROC       _PCDREAD
  -------         PROC          _PCDWRITE
  D:0007H         SYMBOL        addr
  D:0026H         SYMBOL        pData
  -------         DO            
  X:0063H         SYMBOL        status
  X:0064H         SYMBOL        unLen
  X:0066H         SYMBOL        i
  X:0067H         SYMBOL        ucComMF522Buf
  -------         ENDDO         
  C:0DD5H         LINE#         224
  C:0DDBH         LINE#         225
  C:0DDBH         LINE#         230
  C:0DE1H         LINE#         231
  C:0DE4H         LINE#         232
  C:0DF8H         LINE#         234
  C:0E1DH         LINE#         236
  C:0E33H         LINE#         237
  C:0E39H         LINE#         239
  C:0E42H         LINE#         240
BL51 BANKED LINKER/LOCATER V6.22                                                      03/23/2026  23:29:03  PAGE 19


  C:0E42H         LINE#         242
  C:0E46H         LINE#         243
  C:0E70H         LINE#         244
  C:0E84H         LINE#         246
  C:0EA9H         LINE#         247
  C:0EBFH         LINE#         248
  C:0EC5H         LINE#         249
  C:0EC5H         LINE#         251
  C:0ECAH         LINE#         252
  -------         ENDPROC       _PCDWRITE
  -------         PROC          _PCDVALUE
  D:0007H         SYMBOL        dd_mode
  D:0008H         SYMBOL        addr
  D:0009H         SYMBOL        pValue
  -------         DO            
  X:00ACH         SYMBOL        status
  X:00ADH         SYMBOL        unLen
  X:00AFH         SYMBOL        i
  X:00B0H         SYMBOL        ucComMF522Buf
  -------         ENDDO         
  C:0ECBH         LINE#         263
  C:0ED3H         LINE#         264
  C:0ED3H         LINE#         269
  C:0ED4H         LINE#         270
  C:0ED4H         LINE#         271
  C:0ED7H         LINE#         273
  C:0EDFH         LINE#         275
  C:0EF5H         LINE#         276
  C:0EFBH         LINE#         278
  C:0F01H         LINE#         279
  C:0F01H         LINE#         281
  C:0F05H         LINE#         282
  C:0F2FH         LINE#         283
  C:0F43H         LINE#         284
  C:0F4AH         LINE#         285
  C:0F55H         LINE#         286
  C:0F59H         LINE#         287
  C:0F5BH         LINE#         288
  C:0F5BH         LINE#         290
  C:0F61H         LINE#         291
  C:0F61H         LINE#         292
  C:0F63H         LINE#         293
  C:0F63H         LINE#         294
  C:0F66H         LINE#         296
  C:0F6EH         LINE#         298
  C:0F84H         LINE#         299
  C:0F8AH         LINE#         300
  C:0F8AH         LINE#         301
  C:0F8FH         LINE#         302
  -------         ENDPROC       _PCDVALUE
  -------         PROC          _PCDBAKVALUE
  D:0007H         SYMBOL        sourceaddr
  D:000EH         SYMBOL        goaladdr
  -------         DO            
  X:00D8H         SYMBOL        status
  X:00D9H         SYMBOL        unLen
  X:00DBH         SYMBOL        ucComMF522Buf
BL51 BANKED LINKER/LOCATER V6.22                                                      03/23/2026  23:29:03  PAGE 20


  -------         ENDDO         
  C:0BB8H         LINE#         310
  C:0BBAH         LINE#         311
  C:0BBAH         LINE#         316
  C:0BC0H         LINE#         317
  C:0BC3H         LINE#         318
  C:0BD7H         LINE#         320
  C:0BFCH         LINE#         322
  C:0C12H         LINE#         323
  C:0C18H         LINE#         325
  C:0C1EH         LINE#         326
  C:0C1EH         LINE#         327
  C:0C22H         LINE#         328
  C:0C24H         LINE#         329
  C:0C26H         LINE#         330
  C:0C28H         LINE#         331
  C:0C3CH         LINE#         333
  C:0C61H         LINE#         334
  C:0C65H         LINE#         335
  C:0C67H         LINE#         336
  C:0C67H         LINE#         338
  C:0C6DH         LINE#         339
  C:0C70H         LINE#         341
  C:0C76H         LINE#         342
  C:0C7AH         LINE#         344
  C:0C8EH         LINE#         346
  C:0CB3H         LINE#         348
  C:0CC9H         LINE#         349
  C:0CCFH         LINE#         351
  C:0CD4H         LINE#         352
  -------         ENDPROC       _PCDBAKVALUE
  -------         PROC          PCDHALT
  -------         DO            
  X:0063H         SYMBOL        status
  X:0064H         SYMBOL        unLen
  X:0066H         SYMBOL        ucComMF522Buf
  -------         ENDDO         
  C:1D3AH         LINE#         359
  C:1D3AH         LINE#         360
  C:1D3AH         LINE#         365
  C:1D40H         LINE#         366
  C:1D43H         LINE#         367
  C:1D57H         LINE#         369
  C:1D7CH         LINE#         371
  C:1D7EH         LINE#         372
  -------         ENDPROC       PCDHALT
  C:13C5H         SYMBOL        L?0140
  -------         PROC          L?0139
  -------         ENDPROC       L?0139
  C:13C5H         SYMBOL        L?0140
  -------         PROC          _CALULATECRC
  D:002CH         SYMBOL        pIndata
  D:002FH         SYMBOL        len
  D:0030H         SYMBOL        pOutData
  -------         DO            
  X:0079H         SYMBOL        i
  X:007AH         SYMBOL        n
BL51 BANKED LINKER/LOCATER V6.22                                                      03/23/2026  23:29:03  PAGE 21


  -------         ENDDO         
  C:13C9H         LINE#         377
  C:13D1H         LINE#         378
  C:13D1H         LINE#         380
  C:13D8H         LINE#         381
  C:13DBH         LINE#         382
  C:13E2H         LINE#         383
  C:13F1H         LINE#         384
  C:140DH         LINE#         385
  C:1414H         LINE#         386
  C:141AH         LINE#         388
  C:141AH         LINE#         389
  C:1424H         LINE#         390
  C:142AH         LINE#         391
  C:142AH         LINE#         392
  C:1432H         LINE#         393
  C:1441H         LINE#         394
  -------         ENDPROC       _CALULATECRC
  -------         PROC          PCDRESET
  C:1EDCH         LINE#         401
  C:1EDCH         LINE#         402
  C:1EDCH         LINE#         409
  C:1EE3H         LINE#         410
  C:1EE4H         LINE#         412
  C:1EEBH         LINE#         413
  C:1EF2H         LINE#         414
  C:1EF9H         LINE#         415
  C:1F00H         LINE#         416
  C:1F07H         LINE#         417
  C:1F0EH         LINE#         419
  C:1F10H         LINE#         420
  -------         ENDPROC       PCDRESET
  -------         PROC          _READRAWRC
  D:0007H         SYMBOL        Address
  -------         DO            
  X:0082H         SYMBOL        i
  X:0083H         SYMBOL        ucAddr
  X:0084H         SYMBOL        ucResult
  -------         ENDDO         
  C:19ECH         LINE#         427
  C:19ECH         LINE#         428
  C:19ECH         LINE#         430
  C:19F1H         LINE#         434
  C:19F3H         LINE#         435
  C:19F5H         LINE#         438
  C:1A00H         LINE#         441
  C:1A06H         LINE#         442
  C:1A15H         LINE#         443
  C:1A17H         LINE#         444
  C:1A1EH         LINE#         445
  C:1A20H         LINE#         446
  C:1A29H         LINE#         449
  C:1A2FH         LINE#         450
  C:1A31H         LINE#         451
  C:1A38H         LINE#         454
  C:1A3BH         LINE#         455
  C:1A3FH         LINE#         456
BL51 BANKED LINKER/LOCATER V6.22                                                      03/23/2026  23:29:03  PAGE 22


  C:1A3FH         LINE#         458
  C:1A41H         LINE#         459
  C:1A4AH         LINE#         461
  C:1A4CH         LINE#         462
  C:1A4EH         LINE#         466
  C:1A53H         LINE#         468
  -------         ENDPROC       _READRAWRC
  C:1A54H         SYMBOL        L?0144
  -------         PROC          L?0143
  -------         ENDPROC       L?0143
  C:1A54H         SYMBOL        L?0144
  -------         PROC          _WRITERAWRC
  D:0007H         SYMBOL        Address
  D:0005H         SYMBOL        value
  -------         DO            
  X:0082H         SYMBOL        i
  X:0083H         SYMBOL        ucAddr
  -------         ENDDO         
  C:1A58H         LINE#         475
  C:1A58H         LINE#         476
  C:1A58H         LINE#         481
  C:1A5AH         LINE#         482
  C:1A5CH         LINE#         485
  C:1A65H         LINE#         488
  C:1A6BH         LINE#         490
  C:1A7AH         LINE#         493
  C:1A7CH         LINE#         494
  C:1A83H         LINE#         495
  C:1A85H         LINE#         496
  C:1A8EH         LINE#         499
  C:1A94H         LINE#         501
  C:1A9FH         LINE#         503
  C:1AA1H         LINE#         504
  C:1AA5H         LINE#         505
  C:1AA7H         LINE#         506
  C:1AB0H         LINE#         508
  C:1AB2H         LINE#         509
  C:1AB4H         LINE#         512
  -------         ENDPROC       _WRITERAWRC
  -------         PROC          _SETBITMASK
  D:0006H         SYMBOL        reg
  D:0005H         SYMBOL        mask
  -------         DO            
  X:0081H         SYMBOL        tmp
  -------         ENDDO         
  C:20ACH         LINE#         519
  C:20AEH         LINE#         520
  C:20AEH         LINE#         521
  C:20B3H         LINE#         522
  C:20BBH         LINE#         523
  -------         ENDPROC       _SETBITMASK
  C:2042H         SYMBOL        L?0142
  -------         PROC          L?0141
  -------         ENDPROC       L?0141
  C:2042H         SYMBOL        L?0142
  -------         PROC          _CLEARBITMASK
  D:0006H         SYMBOL        reg
BL51 BANKED LINKER/LOCATER V6.22                                                      03/23/2026  23:29:03  PAGE 23


  D:0005H         SYMBOL        mask
  -------         DO            
  X:0081H         SYMBOL        tmp
  -------         ENDDO         
  C:2046H         LINE#         531
  C:2048H         LINE#         532
  C:2048H         LINE#         533
  C:204DH         LINE#         534
  C:2056H         LINE#         535
  -------         ENDPROC       _CLEARBITMASK
  C:0876H         SYMBOL        L?0137
  C:088CH         SYMBOL        L?0138
  -------         PROC          L?0136
  -------         ENDPROC       L?0136
  C:0876H         SYMBOL        L?0137
  C:088CH         SYMBOL        L?0138
  -------         PROC          _PCDCOMMF522
  D:0031H         SYMBOL        Command
  D:0032H         SYMBOL        pInData
  D:0035H         SYMBOL        InLenByte
  D:0036H         SYMBOL        pOutData
  D:0039H         SYMBOL        pOutLenBit
  -------         DO            
  X:007AH         SYMBOL        status
  X:007BH         SYMBOL        irqEn
  X:007CH         SYMBOL        waitFor
  X:007DH         SYMBOL        lastBits
  X:007EH         SYMBOL        n
  X:007FH         SYMBOL        i
  -------         ENDDO         
  C:0890H         LINE#         546
  C:0898H         LINE#         551
  C:0898H         LINE#         552
  C:089EH         LINE#         554
  C:08A1H         LINE#         555
  C:08A3H         LINE#         559
  C:08ADH         LINE#         560
  C:08ADH         LINE#         561
  C:08ADH         LINE#         562
  C:08B3H         LINE#         563
  C:08B7H         LINE#         564
  C:08B9H         LINE#         565
  C:08B9H         LINE#         566
  C:08BFH         LINE#         567
  C:08C3H         LINE#         568
  C:08C3H         LINE#         569
  C:08C3H         LINE#         570
  C:08C3H         LINE#         571
  C:08C3H         LINE#         573
  C:08CFH         LINE#         574
  C:08D6H         LINE#         575
  C:08D9H         LINE#         576
  C:08E0H         LINE#         578
  C:08F7H         LINE#         579
  C:091AH         LINE#         580
  C:0921H         LINE#         583
  C:0926H         LINE#         584
BL51 BANKED LINKER/LOCATER V6.22                                                      03/23/2026  23:29:03  PAGE 24


  C:092DH         LINE#         586
  C:0937H         LINE#         588
  C:0937H         LINE#         589
  C:0941H         LINE#         590
  C:094FH         LINE#         591
  C:094FH         LINE#         592
  C:0967H         LINE#         593
  C:096EH         LINE#         595
  C:097BH         LINE#         596
  C:097BH         LINE#         597
  C:0988H         LINE#         598
  C:0988H         LINE#         599
  C:098CH         LINE#         600
  C:0997H         LINE#         601
  C:099DH         LINE#         602
  C:09A6H         LINE#         603
  C:09A6H         LINE#         604
  C:09B0H         LINE#         605
  C:09BCH         LINE#         608
  C:09BEH         LINE#         609
  C:09E4H         LINE#         611
  C:09FAH         LINE#         612
  C:0A00H         LINE#         613
  C:0A02H         LINE#         614
  C:0A0BH         LINE#         615
  C:0A0EH         LINE#         616
  C:0A28H         LINE#         617
  C:0A52H         LINE#         618
  C:0A52H         LINE#         619
  C:0A52H         LINE#         621
  C:0A58H         LINE#         623
  C:0A58H         LINE#         625
  C:0A58H         LINE#         628
  C:0A5FH         LINE#         629
  C:0A62H         LINE#         630
  C:0A67H         LINE#         631
  -------         ENDPROC       _PCDCOMMF522
  -------         PROC          PCDANTENNAON
  -------         DO            
  X:005BH         SYMBOL        i
  -------         ENDDO         
  C:20C2H         LINE#         638
  C:20C2H         LINE#         639
  C:20C2H         LINE#         641
  C:20CCH         LINE#         642
  C:20D0H         LINE#         643
  C:20D0H         LINE#         644
  C:20D7H         LINE#         645
  C:20D7H         LINE#         646
  -------         ENDPROC       PCDANTENNAON
  -------         PROC          PCDANTENNAOFF
  C:2145H         LINE#         652
  C:2145H         LINE#         653
  C:2145H         LINE#         654
  -------         ENDPROC       PCDANTENNAOFF
  -------         ENDMOD        RC522

BL51 BANKED LINKER/LOCATER V6.22                                                      03/23/2026  23:29:03  PAGE 25


  -------         MODULE        ADC
  C:0000H         SYMBOL        _ICE_DUMMY_
  B:00A8H.7       PUBLIC        EA
  X:00C2H         PUBLIC        _adc
  X:00CEH         PUBLIC        _upcnt
  B:00A8H.5       PUBLIC        EADC
  C:05EDH         PUBLIC        ADC_Routine
  D:00BDH         PUBLIC        ADC_RES
  X:00CFH         PUBLIC        _center_win
  X:00D1H         PUBLIC        _key3cnt
  X:00D2H         PUBLIC        _centercnt
  D:00BCH         PUBLIC        ADC_CONTR
  X:00D3H         PUBLIC        _adc_turn
  C:2127H         PUBLIC        adcInit
  X:00D4H         PUBLIC        _rightcnt
  C:214CH         PUBLIC        getAdc
  C:1B15H         PUBLIC        _getADCKeyAct
  X:00D5H         PUBLIC        _leftcnt
  D:009DH         PUBLIC        P1ASF
  D:00BEH         PUBLIC        ADC_RESL
  X:00D6H         PUBLIC        _downcnt
  X:00D7H         PUBLIC        _adckeyPress
  -------         PROC          ADCINIT
  C:2127H         LINE#         11
  C:2127H         LINE#         12
  C:212AH         LINE#         13
  C:212DH         LINE#         15
  C:212FH         LINE#         16
  C:2131H         LINE#         17
  -------         ENDPROC       ADCINIT
  -------         PROC          GETADC
  C:214CH         LINE#         19
  C:214CH         LINE#         20
  C:2152H         LINE#         21
  -------         ENDPROC       GETADC
  -------         PROC          _GETADCKEYACT
  D:0007H         SYMBOL        key
  C:1B15H         LINE#         23
  C:1B15H         LINE#         24
  C:1B20H         LINE#         25
  C:1B2DH         LINE#         26
  C:1B3CH         LINE#         27
  C:1B4CH         LINE#         28
  C:1B5AH         LINE#         29
  C:1B69H         LINE#         30
  C:1B6BH         LINE#         31
  -------         ENDPROC       _GETADCKEYACT
  -------         PROC          ADC_ROUTINE
  C:05EDH         LINE#         33
  C:0604H         LINE#         34
  C:060BH         LINE#         35
  C:0620H         LINE#         36
  C:0622H         LINE#         37
  C:0626H         LINE#         38
  C:0639H         LINE#         39
  C:063BH         LINE#         40
  C:0643H         LINE#         41
BL51 BANKED LINKER/LOCATER V6.22                                                      03/23/2026  23:29:03  PAGE 26


  C:0658H         LINE#         42
  C:065AH         LINE#         43
  C:065EH         LINE#         44
  C:0671H         LINE#         45
  C:0673H         LINE#         46
  C:067BH         LINE#         47
  C:0694H         LINE#         48
  C:0697H         LINE#         49
  C:069FH         LINE#         50
  C:06B6H         LINE#         52
  C:06CDH         LINE#         53
  C:06E5H         LINE#         54
  C:06F1H         LINE#         55
  C:06F3H         LINE#         56
  C:06F8H         LINE#         58
  C:0711H         LINE#         59
  C:0729H         LINE#         60
  C:0735H         LINE#         61
  C:0737H         LINE#         62
  C:073CH         LINE#         64
  C:0755H         LINE#         66
  C:076BH         LINE#         67
  C:0777H         LINE#         68
  C:0779H         LINE#         69
  C:077EH         LINE#         78
  C:07B7H         LINE#         79
  C:07BEH         LINE#         80
  C:07C5H         LINE#         81
  C:07CCH         LINE#         82
  C:07CCH         LINE#         84
  C:07E5H         LINE#         85
  C:07FDH         LINE#         86
  C:0809H         LINE#         87
  C:080BH         LINE#         88
  C:0810H         LINE#         90
  C:0829H         LINE#         91
  C:083FH         LINE#         92
  C:084BH         LINE#         93
  C:084DH         LINE#         94
  C:0852H         LINE#         95
  C:0852H         LINE#         97
  C:085AH         LINE#         98
  C:085EH         LINE#         99
  -------         ENDPROC       ADC_ROUTINE
  -------         ENDMOD        ADC

  -------         MODULE        DISPLAY
  C:0000H         SYMBOL        _ICE_DUMMY_
  D:0093H         PUBLIC        P0M1
  C:0A68H         PUBLIC        _setNum
  D:0096H         PUBLIC        P2M0
  D:0080H         PUBLIC        P0
  D:0095H         PUBLIC        P2M1
  D:00A0H         PUBLIC        P2
  C:1E70H         PUBLIC        _dis_table
  X:00EDH         PUBLIC        _seg_shape
  X:00F5H         PUBLIC        _dis_shape
BL51 BANKED LINKER/LOCATER V6.22                                                      03/23/2026  23:29:03  PAGE 27


  C:20FDH         PUBLIC        _addPoint
  X:00F6H         PUBLIC        _dis_turn
  C:211BH         PUBLIC        disInit
  C:2153H         PUBLIC        _setLed
  C:1103H         PUBLIC        _setSeg
  C:1DC0H         PUBLIC        disRun
  D:0094H         PUBLIC        P0M0
  -------         PROC          DISINIT
  C:211BH         LINE#         23
  C:211BH         LINE#         25
  C:211EH         LINE#         26
  C:2121H         LINE#         27
  C:2123H         LINE#         28
  C:2126H         LINE#         29
  -------         ENDPROC       DISINIT
  -------         PROC          _SETLED
  D:0007H         SYMBOL        led_vector
  C:2153H         LINE#         31
  C:2153H         LINE#         32
  C:2158H         LINE#         33
  -------         ENDPROC       _SETLED
  -------         PROC          _SETSEG
  D:0007H         SYMBOL        s0
  D:0005H         SYMBOL        s1
  D:0003H         SYMBOL        s2
  D:0025H         SYMBOL        s3
  D:0026H         SYMBOL        s4
  D:0027H         SYMBOL        s5
  D:0028H         SYMBOL        s6
  D:0029H         SYMBOL        s7
  C:1103H         LINE#         35
  C:1103H         LINE#         36
  C:1118H         LINE#         37
  C:112FH         LINE#         38
  C:1146H         LINE#         39
  C:115DH         LINE#         40
  C:1174H         LINE#         41
  C:118BH         LINE#         42
  C:11A2H         LINE#         43
  C:11B9H         LINE#         44
  -------         ENDPROC       _SETSEG
  -------         PROC          _SETNUM
  D:0022H         SYMBOL        num
  C:0A68H         LINE#         46
  C:0A70H         LINE#         47
  C:0A94H         LINE#         48
  C:0AC0H         LINE#         49
  C:0AECH         LINE#         50
  C:0B17H         LINE#         51
  C:0B42H         LINE#         52
  C:0B6CH         LINE#         53
  C:0B96H         LINE#         54
  C:0BB7H         LINE#         55
  -------         ENDPROC       _SETNUM
  -------         PROC          _ADDPOINT
  D:0007H         SYMBOL        cur
  C:20FDH         LINE#         57
BL51 BANKED LINKER/LOCATER V6.22                                                      03/23/2026  23:29:03  PAGE 28


  C:20FDH         LINE#         58
  C:210BH         LINE#         59
  -------         ENDPROC       _ADDPOINT
  -------         PROC          DISRUN
  C:1DC0H         LINE#         61
  C:1DC0H         LINE#         64
  C:1DC7H         LINE#         65
  C:1DCFH         LINE#         66
  C:1DD5H         LINE#         67
  C:1DD8H         LINE#         68
  C:1DD9H         LINE#         69
  C:1DD9H         LINE#         70
  C:1DE8H         LINE#         71
  C:1DF5H         LINE#         72
  C:1DFDH         LINE#         73
  C:1DFDH         LINE#         75
  -------         ENDPROC       DISRUN
  -------         ENDMOD        DISPLAY

  -------         MODULE        KEY
  C:0000H         SYMBOL        _ICE_DUMMY_
  C:205FH         PUBLIC        _getKeyAct
  X:0101H         PUBLIC        keyPress
  -------         PROC          _GETKEYACT
  D:0007H         SYMBOL        key
  C:205FH         LINE#         5
  C:205FH         LINE#         6
  C:2062H         LINE#         7
  C:206AH         LINE#         8
  C:206AH         LINE#         9
  C:206DH         LINE#         10
  C:2077H         LINE#         11
  C:2077H         LINE#         12
  C:2079H         LINE#         13
  -------         ENDPROC       _GETKEYACT
  -------         ENDMOD        KEY

  -------         MODULE        SYS
  C:0000H         SYMBOL        _ICE_DUMMY_
  C:1D7FH         PUBLIC        Timer0_Routine
  B:00A8H.7       PUBLIC        EA
  C:2132H         PUBLIC        interruptInit
  C:0CD5H         PUBLIC        sysRun
  B:00B0H.2       PUBLIC        KEY1
  B:00B0H.3       PUBLIC        KEY2
  C:14E7H         PUBLIC        eventParse
  C:0006H         PUBLIC        Int0_Routine
  C:0007H         PUBLIC        Int1_Routine
  X:0088H         PUBLIC        time_flag
  X:0089H         PUBLIC        eventID
  D:0089H         PUBLIC        TMOD
  C:2024H         PUBLIC        _t0Init
  D:008EH         PUBLIC        AUXR
  X:008BH         PUBLIC        _i
  X:008CH         PUBLIC        userCallbacks
  B:00A8H.1       PUBLIC        ET0
  B:0088H.5       PUBLIC        TF0
BL51 BANKED LINKER/LOCATER V6.22                                                      03/23/2026  23:29:03  PAGE 29


  C:20D8H         PUBLIC        Timer0Init
  D:008CH         PUBLIC        TH0
  B:00A8H.0       PUBLIC        EX0
  B:0088H.0       PUBLIC        IT0
  B:00A8H.2       PUBLIC        EX1
  B:0088H.2       PUBLIC        IT1
  D:008AH         PUBLIC        TL0
  B:0088H.4       PUBLIC        TR0
  C:2003H         PUBLIC        _setCallback
  X:00AAH         PUBLIC        _speed_delta
  C:2159H         PUBLIC        sysInit
  -------         PROC          _T0INIT
  D:0007H         SYMBOL        ct
  C:2024H         LINE#         20
  C:2024H         LINE#         21
  C:2033H         LINE#         22
  C:203BH         LINE#         23
  C:203DH         LINE#         24
  C:203FH         LINE#         25
  C:2041H         LINE#         26
  -------         ENDPROC       _T0INIT
  -------         PROC          TIMER0INIT
  C:20D8H         LINE#         29
  C:20D8H         LINE#         30
  C:20D8H         LINE#         31
  C:20DBH         LINE#         32
  C:20DEH         LINE#         33
  C:20E1H         LINE#         34
  C:20E4H         LINE#         35
  C:20E6H         LINE#         36
  C:20E8H         LINE#         39
  C:20EAH         LINE#         40
  C:20ECH         LINE#         41
  -------         ENDPROC       TIMER0INIT
  -------         PROC          INTERRUPTINIT
  C:2132H         LINE#         43
  C:2132H         LINE#         44
  C:2134H         LINE#         45
  C:2136H         LINE#         46
  C:2138H         LINE#         47
  C:213AH         LINE#         48
  C:213CH         LINE#         49
  -------         ENDPROC       INTERRUPTINIT
  -------         PROC          SYSINIT
  C:2159H         LINE#         51
  C:2159H         LINE#         52
  C:215CH         LINE#         53
  -------         ENDPROC       SYSINIT
  -------         PROC          _SETCALLBACK
  D:0007H         SYMBOL        id
  D:0001H         SYMBOL        user_callback
  C:2003H         LINE#         56
  C:2003H         LINE#         57
  C:2023H         LINE#         58
  -------         ENDPROC       _SETCALLBACK
  -------         PROC          EVENTPARSE
  C:14E7H         LINE#         62
BL51 BANKED LINKER/LOCATER V6.22                                                      03/23/2026  23:29:03  PAGE 30


  C:14E7H         LINE#         63
  C:14EEH         LINE#         64
  C:1501H         LINE#         65
  C:1506H         LINE#         66
  C:150DH         LINE#         67
  C:150EH         LINE#         68
  C:1515H         LINE#         70
  C:1528H         LINE#         71
  C:152FH         LINE#         72
  C:1530H         LINE#         73
  C:1537H         LINE#         74
  C:154AH         LINE#         75
  C:154FH         LINE#         76
  C:1556H         LINE#         77
  C:1557H         LINE#         78
  C:155EH         LINE#         80
  C:1571H         LINE#         82
  C:1578H         LINE#         83
  C:1578H         LINE#         84
  -------         ENDPROC       EVENTPARSE
  -------         PROC          SYSRUN
  -------         DO            
  D:000CH         SYMBOL        _cnt
  X:0086H         SYMBOL        key1down
  X:0087H         SYMBOL        key2down
  -------         ENDDO         
  C:0CD5H         LINE#         86
  C:0CD5H         LINE#         90
  C:0CD8H         LINE#         92
  C:0CE3H         LINE#         96
  C:0CE6H         LINE#         97
  C:0CE9H         LINE#         99
  C:0CFCH         LINE#         109
  C:0CFFH         LINE#         111
  C:0D07H         LINE#         113
  C:0D0EH         LINE#         114
  C:0D15H         LINE#         116
  C:0D15H         LINE#         117
  C:0D17H         LINE#         118
  C:0D1FH         LINE#         119
  C:0D25H         LINE#         120
  C:0D25H         LINE#         121
  C:0D27H         LINE#         122
  C:0D2CH         LINE#         124
  C:0D2FH         LINE#         126
  C:0D37H         LINE#         128
  C:0D3EH         LINE#         129
  C:0D45H         LINE#         130
  C:0D45H         LINE#         131
  C:0D47H         LINE#         132
  C:0D4FH         LINE#         133
  C:0D55H         LINE#         134
  C:0D55H         LINE#         135
  C:0D57H         LINE#         136
  C:0D5CH         LINE#         139
  C:0D6BH         LINE#         140
  C:0D7EH         LINE#         141
BL51 BANKED LINKER/LOCATER V6.22                                                      03/23/2026  23:29:03  PAGE 31


  C:0D7EH         LINE#         144
  C:0D8DH         LINE#         145
  C:0DA0H         LINE#         146
  C:0DA0H         LINE#         148
  C:0DAFH         LINE#         150
  C:0DC2H         LINE#         183
  C:0DC7H         LINE#         184
  C:0DC7H         LINE#         185
  C:0DCFH         LINE#         186
  C:0DD4H         LINE#         187
  C:0DD4H         LINE#         188
  -------         ENDPROC       SYSRUN
  -------         PROC          TIMER0_ROUTINE
  C:1D7FH         LINE#         197
  C:1D9CH         LINE#         198
  C:1DA2H         LINE#         199
  C:1DA5H         LINE#         200
  -------         ENDPROC       TIMER0_ROUTINE
  -------         PROC          INT0_ROUTINE
  C:0006H         LINE#         203
  C:0006H         LINE#         205
  -------         ENDPROC       INT0_ROUTINE
  -------         PROC          INT1_ROUTINE
  C:0007H         LINE#         209
  C:0007H         LINE#         211
  -------         ENDPROC       INT1_ROUTINE
  -------         ENDMOD        SYS

  -------         MODULE        UART1
  C:0000H         SYMBOL        _ICE_DUMMY_
  B:00A8H.7       PUBLIC        EA
  C:1F11H         PUBLIC        _uart1Init
  B:00A8H.4       PUBLIC        ES
  C:1E38H         PUBLIC        _baudrate_table
  B:0098H.0       PUBLIC        RI
  B:0098H.1       PUBLIC        TI
  X:00F7H         PUBLIC        _buf
  X:00FAH         PUBLIC        _buf_cursor
  X:00FBH         PUBLIC        _head_num
  D:0099H         PUBLIC        SBUF
  D:0098H         PUBLIC        SCON
  D:0089H         PUBLIC        TMOD
  C:189BH         PUBLIC        UART1_Routine
  C:1F97H         PUBLIC        _setUart1Buf
  D:008EH         PUBLIC        AUXR
  X:00FCH         PUBLIC        _init_suf
  D:008DH         PUBLIC        TH1
  X:00FDH         PUBLIC        _buf_num
  D:008BH         PUBLIC        TL1
  B:0088H.6       PUBLIC        TR1
  C:1BC1H         PUBLIC        __get_initial_value
  X:00FEH         PUBLIC        _head
  C:1C61H         PUBLIC        check_head
  C:207AH         PUBLIC        _uart1Send
  -------         PROC          __GET_INITIAL_VALUE
  D:0026H         SYMBOL        baudrate
  -------         DO            
BL51 BANKED LINKER/LOCATER V6.22                                                      03/23/2026  23:29:03  PAGE 32


  X:005BH         SYMBOL        _ui
  -------         ENDDO         
  C:1BC1H         LINE#         22
  C:1BC9H         LINE#         24
  C:1BD8H         LINE#         25
  C:1C0BH         LINE#         26
  C:1C13H         LINE#         27
  C:1C15H         LINE#         28
  -------         ENDPROC       __GET_INITIAL_VALUE
  -------         PROC          _UART1INIT
  D:0022H         SYMBOL        baudrate
  C:1F11H         LINE#         30
  C:1F19H         LINE#         31
  C:1F1CH         LINE#         32
  C:1F24H         LINE#         34
  C:1F34H         LINE#         35
  C:1F36H         LINE#         36
  C:1F38H         LINE#         38
  C:1F3AH         LINE#         39
  C:1F3DH         LINE#         42
  C:1F3FH         LINE#         43
  C:1F41H         LINE#         44
  -------         ENDPROC       _UART1INIT
  -------         PROC          _UART1SEND
  D:0001H         SYMBOL        content
  D:0005H         SYMBOL        num
  C:207AH         LINE#         47
  C:207AH         LINE#         48
  C:2080H         LINE#         49
  C:2085H         LINE#         50
  C:2088H         LINE#         51
  C:208AH         LINE#         52
  C:2091H         LINE#         53
  C:2093H         LINE#         54
  -------         ENDPROC       _UART1SEND
  -------         PROC          _SETUART1BUF
  D:0001H         SYMBOL        buf
  D:0005H         SYMBOL        buf_num
  D:0026H         SYMBOL        head
  D:0029H         SYMBOL        head_num
  C:1F97H         LINE#         55
  C:1F97H         LINE#         56
  C:1FA2H         LINE#         57
  C:1FB0H         LINE#         58
  C:1FB5H         LINE#         59
  C:1FBBH         LINE#         60
  -------         ENDPROC       _SETUART1BUF
  -------         PROC          CHECK_HEAD
  -------         DO            
  X:0085H         SYMBOL        i
  -------         ENDDO         
  C:1C61H         LINE#         62
  C:1C61H         LINE#         65
  C:1C74H         LINE#         66
  C:1CA1H         LINE#         67
  C:1CA9H         LINE#         69
  C:1CABH         LINE#         70
BL51 BANKED LINKER/LOCATER V6.22                                                      03/23/2026  23:29:03  PAGE 33


  -------         ENDPROC       CHECK_HEAD
  -------         PROC          UART1_ROUTINE
  C:189BH         LINE#         73
  C:18B2H         LINE#         74
  C:18B7H         LINE#         76
  C:18BAH         LINE#         78
  C:18C8H         LINE#         79
  C:18DDH         LINE#         80
  C:18E3H         LINE#         83
  C:18E8H         LINE#         84
  C:18EAH         LINE#         85
  C:18F0H         LINE#         86
  C:18F7H         LINE#         87
  C:18F7H         LINE#         95
  C:18F7H         LINE#         96
  C:18F7H         LINE#         99
  C:18F9H         LINE#         100
  C:18F9H         LINE#         101
  -------         ENDPROC       UART1_ROUTINE
  -------         ENDMOD        UART1

  -------         MODULE        AT24C02
  C:0000H         SYMBOL        _ICE_DUMMY_
  D:00B4H         PUBLIC        P4M0
  D:00CAH         PUBLIC        P5M0
  D:00B3H         PUBLIC        P4M1
  D:00C9H         PUBLIC        P5M1
  D:00C0H         PUBLIC        P4
  D:00C8H         PUBLIC        P5
  C:1CACH         PUBLIC        _rAT
  C:1F6EH         PUBLIC        _wAT
  B:00C0H.0       PUBLIC        IIC_SDA
  B:00C8H.5       PUBLIC        IIC_SCL
  C:210CH         PUBLIC        _AT_IIC_Start
  C:0016H         PUBLIC        ATInit
  C:213DH         PUBLIC        _AT_IIC_Stop
  C:1FBCH         SYMBOL        _delay_ms
  C:1FE6H         SYMBOL        _delay_us
  C:1CF4H         PUBLIC        _AT_ReadByte
  C:1DFEH         PUBLIC        __AT_WriteByte
  C:1FE0H         SYMBOL        L?0038
  C:1FE2H         SYMBOL        L?0039
  -------         PROC          L?0037
  -------         ENDPROC       L?0037
  C:1FE0H         SYMBOL        L?0038
  C:1FE2H         SYMBOL        L?0039
  -------         PROC          _DELAY_US
  D:0006H         SYMBOL        us
  -------         DO            
  X:0061H         SYMBOL        i
  -------         ENDDO         
  C:1FE6H         LINE#         11
  C:1FE6H         LINE#         13
  C:1FF0H         LINE#         14
  C:2002H         LINE#         16
  -------         ENDPROC       _DELAY_US
  -------         PROC          _DELAY_MS
BL51 BANKED LINKER/LOCATER V6.22                                                      03/23/2026  23:29:03  PAGE 34


  D:0006H         SYMBOL        ms
  -------         DO            
  X:005EH         SYMBOL        i
  X:005FH         SYMBOL        j
  -------         ENDDO         
  C:1FBCH         LINE#         18
  C:1FBCH         LINE#         20
  C:1FCAH         LINE#         21
  C:1FDFH         LINE#         22
  -------         ENDPROC       _DELAY_MS
  -------         PROC          ATINIT
  C:0016H         LINE#         25
  C:0016H         LINE#         27
  C:001CH         LINE#         28
  C:0022H         LINE#         29
  -------         ENDPROC       ATINIT
  -------         PROC          _AT_IIC_START
  C:210CH         LINE#         31
  C:210CH         LINE#         32
  C:210EH         LINE#         33
  C:2110H         LINE#         34
  C:2113H         LINE#         35
  C:2115H         LINE#         36
  C:2118H         LINE#         37
  C:211AH         LINE#         38
  -------         ENDPROC       _AT_IIC_START
  -------         PROC          _AT_IIC_STOP
  C:213DH         LINE#         40
  C:213DH         LINE#         41
  C:213FH         LINE#         42
  C:213FH         LINE#         43
  C:2142H         LINE#         44
  C:2144H         LINE#         45
  -------         ENDPROC       _AT_IIC_STOP
  -------         PROC          __AT_WRITEBYTE
  D:0003H         SYMBOL        dat
  -------         DO            
  X:005FH         SYMBOL        i
  B:0020H.0       SYMBOL        ack
  -------         ENDDO         
  C:1DFEH         LINE#         48
  C:1E00H         LINE#         53
  C:1E05H         LINE#         54
  C:1E0DH         LINE#         55
  C:1E0FH         LINE#         56
  C:1E13H         LINE#         57
  C:1E16H         LINE#         58
  C:1E16H         LINE#         59
  C:1E19H         LINE#         60
  C:1E1BH         LINE#         61
  C:1E27H         LINE#         63
  C:1E29H         LINE#         64
  C:1E2CH         LINE#         65
  C:1E2CH         LINE#         66
  C:1E2FH         LINE#         67
  C:1E33H         LINE#         68
  C:1E35H         LINE#         69
BL51 BANKED LINKER/LOCATER V6.22                                                      03/23/2026  23:29:03  PAGE 35


  C:1E37H         LINE#         70
  -------         ENDPROC       __AT_WRITEBYTE
  -------         PROC          _AT_READBYTE
  B:0020H.0       SYMBOL        ack
  -------         DO            
  X:005FH         SYMBOL        i
  X:0060H         SYMBOL        dat
  -------         ENDDO         
  C:1CF4H         LINE#         73
  C:1CF4H         LINE#         75
  C:1CF9H         LINE#         76
  C:1CFBH         LINE#         78
  C:1CFFH         LINE#         79
  C:1CFFH         LINE#         80
  C:1D02H         LINE#         81
  C:1D09H         LINE#         82
  C:1D10H         LINE#         83
  C:1D12H         LINE#         84
  C:1D15H         LINE#         85
  C:1D21H         LINE#         88
  C:1D24H         LINE#         89
  C:1D26H         LINE#         90
  C:1D28H         LINE#         91
  C:1D28H         LINE#         92
  C:1D2AH         LINE#         93
  C:1D2AH         LINE#         94
  C:1D2DH         LINE#         95
  C:1D2DH         LINE#         96
  C:1D30H         LINE#         97
  C:1D32H         LINE#         98
  C:1D34H         LINE#         100
  C:1D39H         LINE#         101
  -------         ENDPROC       _AT_READBYTE
  -------         PROC          _RAT
  D:0002H         SYMBOL        addr
  -------         DO            
  X:005DH         SYMBOL        dat
  X:005EH         SYMBOL        device_addr
  -------         ENDDO         
  C:1CACH         LINE#         103
  C:1CAEH         LINE#         105
  C:1CB4H         LINE#         108
  C:1CB7H         LINE#         111
  C:1CC1H         LINE#         112
  C:1CC1H         LINE#         113
  C:1CC3H         LINE#         114
  C:1CC3H         LINE#         117
  C:1CCAH         LINE#         118
  C:1CCAH         LINE#         119
  C:1CCCH         LINE#         120
  C:1CCCH         LINE#         123
  C:1CCFH         LINE#         126
  C:1CDBH         LINE#         127
  C:1CDEH         LINE#         128
  C:1CE1H         LINE#         129
  C:1CE1H         LINE#         132
  C:1CEBH         LINE#         135
BL51 BANKED LINKER/LOCATER V6.22                                                      03/23/2026  23:29:03  PAGE 36


  C:1CEEH         LINE#         137
  C:1CF3H         LINE#         138
  -------         ENDPROC       _RAT
  -------         PROC          _WAT
  D:0001H         SYMBOL        addr
  D:0002H         SYMBOL        val
  -------         DO            
  X:005DH         SYMBOL        device_addr
  -------         ENDDO         
  C:1F6EH         LINE#         140
  C:1F72H         LINE#         141
  C:1F78H         LINE#         144
  C:1F7BH         LINE#         147
  C:1F83H         LINE#         150
  C:1F88H         LINE#         153
  C:1F8DH         LINE#         156
  C:1F90H         LINE#         159
  -------         ENDPROC       _WAT
  -------         ENDMOD        AT24C02

  -------         MODULE        ?C?COPY
  C:00FEH         PUBLIC        ?C?COPY
  -------         ENDMOD        ?C?COPY

  -------         MODULE        ?C?CLDPTR
  C:0124H         PUBLIC        ?C?CLDPTR
  -------         ENDMOD        ?C?CLDPTR

  -------         MODULE        ?C?CLDOPTR
  C:013DH         PUBLIC        ?C?CLDOPTR
  -------         ENDMOD        ?C?CLDOPTR

  -------         MODULE        ?C?CSTPTR
  C:016AH         PUBLIC        ?C?CSTPTR
  -------         ENDMOD        ?C?CSTPTR

  -------         MODULE        ?C?CSTOPTR
  C:017CH         PUBLIC        ?C?CSTOPTR
  -------         ENDMOD        ?C?CSTOPTR

  -------         MODULE        ?C?UIDIV
  C:019EH         PUBLIC        ?C?UIDIV
  -------         ENDMOD        ?C?UIDIV

  -------         MODULE        ?C?ISTPTR
  C:01F3H         PUBLIC        ?C?ISTPTR
  -------         ENDMOD        ?C?ISTPTR

  -------         MODULE        ?C?ULDIV
  C:024EH         PUBLIC        ?C?ULDIV
  -------         ENDMOD        ?C?ULDIV

  -------         MODULE        ?C?ULCMP
  C:02E0H         PUBLIC        ?C?ULCMP
  -------         ENDMOD        ?C?ULCMP

  -------         MODULE        ?C?LLDCODE
BL51 BANKED LINKER/LOCATER V6.22                                                      03/23/2026  23:29:03  PAGE 37


  C:02F1H         PUBLIC        ?C?LLDCODE
  -------         ENDMOD        ?C?LLDCODE

  -------         MODULE        ?C?OFFXADD
  C:0301H         PUBLIC        ?C?OFFXADD
  -------         ENDMOD        ?C?OFFXADD

  -------         MODULE        ?C?ICALL
  C:030DH         PUBLIC        ?C?ICALL
  C:0311H         PUBLIC        ?C?ICALL2
  -------         ENDMOD        ?C?ICALL

*** WARNING L16: UNCALLED SEGMENT, IGNORED FOR OVERLAY PROCESS
    SEGMENT: ?PR?_DELAY_MS?MAIN

*** WARNING L16: UNCALLED SEGMENT, IGNORED FOR OVERLAY PROCESS
    SEGMENT: ?PR?_PCDVALUE?RC522

*** WARNING L16: UNCALLED SEGMENT, IGNORED FOR OVERLAY PROCESS
    SEGMENT: ?PR?_PCDBAKVALUE?RC522

*** WARNING L16: UNCALLED SEGMENT, IGNORED FOR OVERLAY PROCESS
    SEGMENT: ?PR?_ADDPOINT?DISPLAY

*** WARNING L16: UNCALLED SEGMENT, IGNORED FOR OVERLAY PROCESS
    SEGMENT: ?PR?_T0INIT?SYS

Program Size: data=43.1 xdata=258 code=8530
LINK/LOCATE RUN COMPLETE.  5 WARNING(S),  0 ERROR(S)
