BL51 BANKED LINKER/LOCATER V6.22                                                        03/28/2026  14:09:39  PAGE 1


BL51 BANKED LINKER/LOCATER V6.22, INVOKED BY:
D:\0_SOFTWARE\KEIL5\C51\BIN\BL51.EXE .\Objects\STARTUP.obj, .\Objects\main.obj, .\Objects\rc522.obj, .\Objects\adc.obj, 
>> .\Objects\display.obj, .\Objects\key.obj, .\Objects\sys.obj, .\Objects\uart1.obj, .\Objects\AT24C02.obj TO .\Objects\
>> project PRINT (.\Listings\project.m51) RAMSIZE (256)


MEMORY MODEL: SMALL


INPUT MODULES INCLUDED:
  .\Objects\STARTUP.obj (?C_STARTUP)
  .\Objects\main.obj (MAIN)
  .\Objects\rc522.obj (RC522)
  .\Objects\adc.obj (ADC)
  .\Objects\display.obj (DISPLAY)
  .\Objects\key.obj (KEY)
  .\Objects\sys.obj (SYS)
  .\Objects\uart1.obj (UART1)
  .\Objects\AT24C02.obj (AT24C02)
  D:\0_SOFTWARE\KEIL5\C51\LIB\C51S.LIB (?C_INIT)
  D:\0_SOFTWARE\KEIL5\C51\LIB\C51S.LIB (?C?COPY)
  D:\0_SOFTWARE\KEIL5\C51\LIB\C51S.LIB (?C?CLDPTR)
  D:\0_SOFTWARE\KEIL5\C51\LIB\C51S.LIB (?C?CLDOPTR)
  D:\0_SOFTWARE\KEIL5\C51\LIB\C51S.LIB (?C?CSTPTR)
  D:\0_SOFTWARE\KEIL5\C51\LIB\C51S.LIB (?C?CSTOPTR)
  D:\0_SOFTWARE\KEIL5\C51\LIB\C51S.LIB (?C?UIDIV)
  D:\0_SOFTWARE\KEIL5\C51\LIB\C51S.LIB (?C?ISTPTR)
  D:\0_SOFTWARE\KEIL5\C51\LIB\C51S.LIB (?C?ULDIV)
  D:\0_SOFTWARE\KEIL5\C51\LIB\C51S.LIB (?C?ULCMP)
  D:\0_SOFTWARE\KEIL5\C51\LIB\C51S.LIB (?C?LLDCODE)
  D:\0_SOFTWARE\KEIL5\C51\LIB\C51S.LIB (?C?OFFXADD)
  D:\0_SOFTWARE\KEIL5\C51\LIB\C51S.LIB (?C?ICALL)


LINK MAP OF MODULE:  .\Objects\project (?C_STARTUP)


            TYPE    BASE      LENGTH    RELOCATION   SEGMENT NAME
            -----------------------------------------------------

            * * * * * * *   D A T A   M E M O R Y   * * * * * * *
            REG     0000H     0008H     ABSOLUTE     "REG BANK 0"
            DATA    0008H     0004H     UNIT         ?DT?_PCDVALUE?RC522
            DATA    000CH     0002H     UNIT         ?DT?SYS
            DATA    000EH     0001H     UNIT         ?DT?_PCDBAKVALUE?RC522
                    000FH     0011H                  *** GAP ***
            BIT     0020H.0   0000H.1   UNIT         _BIT_GROUP_
                    0020H.1   0000H.7                *** GAP ***
            DATA    0021H     001BH     UNIT         _DATA_GROUP_
            IDATA   003CH     0001H     UNIT         ?STACK

            * * * * * * *  X D A T A   M E M O R Y  * * * * * * *
            XDATA   0000H     005BH     UNIT         ?XD?MAIN
            XDATA   005BH     002BH     UNIT         _XDATA_GROUP_
            XDATA   0086H     0026H     UNIT         ?XD?SYS
            XDATA   00ACH     0016H     UNIT         ?XD?_PCDVALUE?RC522
            XDATA   00C2H     0016H     UNIT         ?XD?ADC
            XDATA   00D8H     0015H     UNIT         ?XD?_PCDBAKVALUE?RC522
BL51 BANKED LINKER/LOCATER V6.22                                                      03/28/2026  14:09:39  PAGE 2


            XDATA   00EDH     000AH     UNIT         ?XD?DISPLAY
            XDATA   00F7H     000AH     UNIT         ?XD?UART1
            XDATA   0101H     0001H     UNIT         ?XD?KEY

            * * * * * * *   C O D E   M E M O R Y   * * * * * * *
            CODE    0000H     0003H     ABSOLUTE     
            CODE    0003H     0003H     ABSOLUTE     
            CODE    0006H     0001H     UNIT         ?PR?INT0_ROUTINE?SYS
            CODE    0007H     0001H     UNIT         ?PR?INT1_ROUTINE?SYS
                    0008H     0003H                  *** GAP ***
            CODE    000BH     0003H     ABSOLUTE     
                    000EH     0005H                  *** GAP ***
            CODE    0013H     0003H     ABSOLUTE     
            CODE    0016H     000DH     UNIT         ?PR?ATINIT?AT24C02
            CODE    0023H     0003H     ABSOLUTE     
                    0026H     0005H                  *** GAP ***
            CODE    002BH     0003H     ABSOLUTE     
            CODE    002EH     0338H     UNIT         ?PR?MYUARTCALLBACK?MAIN
            CODE    0366H     02E5H     UNIT         ?C?LIB_CODE
            CODE    064BH     0286H     UNIT         ?PR?ADC_ROUTINE?ADC
            CODE    08D1H     01F5H     UNIT         ?PR?_PCDCOMMF522?RC522
            CODE    0AC6H     0150H     UNIT         ?PR?_SETNUM?DISPLAY
            CODE    0C16H     011DH     UNIT         ?PR?_PCDBAKVALUE?RC522
            CODE    0D33H     0100H     UNIT         ?PR?SYSRUN?SYS
            CODE    0E33H     00F6H     UNIT         ?PR?_PCDWRITE?RC522
            CODE    0F29H     00C5H     UNIT         ?PR?_PCDVALUE?RC522
            CODE    0FEEH     00BBH     UNIT         ?PR?_PCDANTICOLL?RC522
            CODE    10A9H     00B8H     UNIT         ?PR?_PCDSELECT?RC522
            CODE    1161H     00B7H     UNIT         ?PR?_SETSEG?DISPLAY
            CODE    1218H     00A8H     UNIT         ?PR?_PCDAUTHSTATE?RC522
            CODE    12C0H     00A7H     UNIT         ?PR?_READRFID?MAIN
            CODE    1367H     00A7H     UNIT         ?PR?_WRITERFID?MAIN
            CODE    140EH     00A3H     UNIT         ?PR?_CALULATECRC?RC522
            CODE    14B1H     0094H     UNIT         ?PR?MAIN?MAIN
            CODE    1545H     0092H     UNIT         ?PR?EVENTPARSE?SYS
            CODE    15D7H     0091H     UNIT         ?PR?MYADCKEYCALLBACK?MAIN
            CODE    1668H     008DH     UNIT         ?C_INITSEG
            CODE    16F5H     008CH     UNIT         ?C_C51STARTUP
            CODE    1781H     0089H     UNIT         ?PR?_PCDREAD?RC522
            CODE    180AH     007AH     UNIT         ?PR?MYKEYCALLBACK?MAIN
            CODE    1884H     0075H     UNIT         ?PR?_READ_UID?MAIN
            CODE    18F9H     0073H     UNIT         ?PR?UART1_ROUTINE?UART1
            CODE    196CH     006FH     UNIT         ?PR?MY100MSCALLBACK?MAIN
            CODE    19DBH     006FH     UNIT         ?PR?_PCDREQUEST?RC522
            CODE    1A4AH     0068H     UNIT         ?PR?_READRAWRC?RC522
            CODE    1AB2H     0061H     UNIT         ?PR?_WRITERAWRC?RC522
            CODE    1B13H     0057H     UNIT         ?PR?COMMIT_SENSOR_DATA?MAIN
            CODE    1B6AH     0057H     UNIT         ?PR?_GETADCKEYACT?ADC
            CODE    1BC1H     0055H     UNIT         ?PR?_SIMPLE_READ_UID?MAIN
            CODE    1C16H     0055H     UNIT         ?PR?__GET_INITIAL_VALUE?UART1
            CODE    1C6BH     004BH     UNIT         ?PR?_SET_CHECKSUM?MAIN
            CODE    1CB6H     004BH     UNIT         ?PR?CHECK_HEAD?UART1
            CODE    1D01H     0048H     UNIT         ?PR?_RAT?AT24C02
            CODE    1D49H     0046H     UNIT         ?PR?_AT_READBYTE?AT24C02
            CODE    1D8FH     0045H     UNIT         ?PR?PCDHALT?RC522
            CODE    1DD4H     0041H     UNIT         ?PR?TIMER0_ROUTINE?SYS
            CODE    1E15H     003EH     UNIT         ?PR?DISRUN?DISPLAY
BL51 BANKED LINKER/LOCATER V6.22                                                      03/28/2026  14:09:39  PAGE 3


            CODE    1E53H     003AH     UNIT         ?PR?__AT_WRITEBYTE?AT24C02
            CODE    1E8DH     0038H     UNIT         ?CO?UART1
            CODE    1EC5H     0037H     UNIT         ?CO?DISPLAY
            CODE    1EFCH     0035H     UNIT         ?PR?MY1SCALLBACK?MAIN
            CODE    1F31H     0035H     UNIT         ?PR?PCDRESET?RC522
            CODE    1F66H     0031H     UNIT         ?PR?_UART1INIT?UART1
            CODE    1F97H     002CH     UNIT         ?PR?RC522INIT?RC522
            CODE    1FC3H     0029H     UNIT         ?PR?_WAT?AT24C02
            CODE    1FECH     0025H     UNIT         ?PR?_SETUART1BUF?UART1
            CODE    2011H     0024H     UNIT         ?PR?_DELAY_MS?AT24C02
            CODE    2035H     0023H     UNIT         ?PR?_DELAY_US?AT24C02
            CODE    2058H     0021H     UNIT         ?PR?_SETCALLBACK?SYS
            CODE    2079H     001EH     UNIT         ?PR?_T0INIT?SYS
            CODE    2097H     001DH     UNIT         ?PR?_CLEARBITMASK?RC522
            CODE    20B4H     001BH     UNIT         ?PR?_GETKEYACT?KEY
            CODE    20CFH     001AH     UNIT         ?PR?_UART1SEND?UART1
            CODE    20E9H     0018H     UNIT         ?PR?_DELAY_MS?MAIN
            CODE    2101H     0016H     UNIT         ?PR?_SETBITMASK?RC522
            CODE    2117H     0016H     UNIT         ?PR?PCDANTENNAON?RC522
            CODE    212DH     0015H     UNIT         ?PR?TIMER0INIT?SYS
            CODE    2142H     0010H     UNIT         ?CO?MAIN
            CODE    2152H     000FH     UNIT         ?PR?_ADDPOINT?DISPLAY
            CODE    2161H     000FH     UNIT         ?PR?_AT_IIC_START?AT24C02
            CODE    2170H     000CH     UNIT         ?PR?DISINIT?DISPLAY
            CODE    217CH     000BH     UNIT         ?PR?ADCINIT?ADC
            CODE    2187H     000BH     UNIT         ?PR?INTERRUPTINIT?SYS
            CODE    2192H     0008H     UNIT         ?PR?_AT_IIC_STOP?AT24C02
            CODE    219AH     0007H     UNIT         ?PR?PCDANTENNAOFF?RC522
            CODE    21A1H     0007H     UNIT         ?PR?GETADC?ADC
            CODE    21A8H     0006H     UNIT         ?PR?_SETLED?DISPLAY
            CODE    21AEH     0006H     UNIT         ?PR?SYSINIT?SYS



OVERLAY MAP OF MODULE:   .\Objects\project (?C_STARTUP)


SEGMENT                                  BIT_GROUP          DATA_GROUP          XDATA_GROUP
  +--> CALLED SEGMENT                 START    LENGTH     START    LENGTH     START    LENGTH
---------------------------------------------------------------------------------------------
?C_C51STARTUP                         -----    -----      -----    -----      -----    -----
  +--> ?PR?MAIN?MAIN
  +--> ?C_INITSEG

?PR?MAIN?MAIN                         -----    -----      0021H    0001H      -----    -----
  +--> ?PR?SYSINIT?SYS
  +--> ?PR?DISINIT?DISPLAY
  +--> ?PR?ATINIT?AT24C02
  +--> ?PR?_UART1INIT?UART1
  +--> ?PR?_SETUART1BUF?UART1
  +--> ?PR?ADCINIT?ADC
  +--> ?PR?MY100MSCALLBACK?MAIN
  +--> ?PR?_SETCALLBACK?SYS
  +--> ?PR?MYKEYCALLBACK?MAIN
  +--> ?PR?MYADCKEYCALLBACK?MAIN
  +--> ?PR?MYUARTCALLBACK?MAIN
  +--> ?PR?MY1SCALLBACK?MAIN
BL51 BANKED LINKER/LOCATER V6.22                                                      03/28/2026  14:09:39  PAGE 4


  +--> ?PR?_SETLED?DISPLAY
  +--> ?PR?_SETSEG?DISPLAY
  +--> ?PR?RC522INIT?RC522
  +--> ?PR?SYSRUN?SYS

?PR?SYSINIT?SYS                       -----    -----      -----    -----      -----    -----
  +--> ?PR?INTERRUPTINIT?SYS
  +--> ?PR?TIMER0INIT?SYS

?PR?_UART1INIT?UART1                  -----    -----      0022H    0004H      -----    -----
  +--> ?PR?__GET_INITIAL_VALUE?UART1

?PR?__GET_INITIAL_VALUE?UART1         -----    -----      0026H    0004H      005BH    0001H
  +--> ?CO?UART1

?PR?_SETUART1BUF?UART1                -----    -----      0022H    0008H      -----    -----

?PR?MY100MSCALLBACK?MAIN              -----    -----      -----    -----      -----    -----
  +--> ?PR?_SETLED?DISPLAY
  +--> ?PR?_SETSEG?DISPLAY
  +--> ?PR?_SETNUM?DISPLAY

?PR?_SETSEG?DISPLAY                   -----    -----      0022H    0008H      -----    -----
  +--> ?CO?DISPLAY

?PR?_SETNUM?DISPLAY                   -----    -----      0022H    0004H      -----    -----
  +--> ?CO?DISPLAY

?PR?MYKEYCALLBACK?MAIN                -----    -----      -----    -----      005BH    0001H
  +--> ?PR?_GETKEYACT?KEY
  +--> ?PR?_SETLED?DISPLAY
  +--> ?PR?_SETNUM?DISPLAY
  +--> ?PR?_READ_UID?MAIN
  +--> ?PR?_UART1SEND?UART1

?PR?_READ_UID?MAIN                    -----    -----      0022H    0003H      005DH    0002H
  +--> ?PR?_PCDREQUEST?RC522
  +--> ?PR?_PCDANTICOLL?RC522
  +--> ?PR?_PCDSELECT?RC522
  +--> ?PR?PCDHALT?RC522

?PR?_PCDREQUEST?RC522                 -----    -----      0029H    0004H      0063H    0015H
  +--> ?PR?_CLEARBITMASK?RC522
  +--> ?PR?_WRITERAWRC?RC522
  +--> ?PR?_SETBITMASK?RC522
  +--> ?PR?_PCDCOMMF522?RC522

?PR?_CLEARBITMASK?RC522               -----    -----      -----    -----      0081H    0001H
  +--> ?PR?_READRAWRC?RC522
  +--> ?PR?_WRITERAWRC?RC522

?PR?_READRAWRC?RC522                  -----    -----      -----    -----      0082H    0003H

?PR?_WRITERAWRC?RC522                 -----    -----      -----    -----      0082H    0002H

?PR?_SETBITMASK?RC522                 -----    -----      -----    -----      0081H    0001H
  +--> ?PR?_READRAWRC?RC522
BL51 BANKED LINKER/LOCATER V6.22                                                      03/28/2026  14:09:39  PAGE 5


  +--> ?PR?_WRITERAWRC?RC522

?PR?_PCDCOMMF522?RC522                -----    -----      0031H    000BH      007AH    0007H
  +--> ?PR?_WRITERAWRC?RC522
  +--> ?PR?_CLEARBITMASK?RC522
  +--> ?PR?_SETBITMASK?RC522
  +--> ?PR?_READRAWRC?RC522

?PR?_PCDANTICOLL?RC522                -----    -----      0029H    0003H      0063H    0017H
  +--> ?PR?_CLEARBITMASK?RC522
  +--> ?PR?_WRITERAWRC?RC522
  +--> ?PR?_PCDCOMMF522?RC522
  +--> ?PR?_SETBITMASK?RC522

?PR?_PCDSELECT?RC522                  -----    -----      0029H    0003H      0063H    0016H
  +--> ?PR?_CALULATECRC?RC522
  +--> ?PR?_CLEARBITMASK?RC522
  +--> ?PR?_PCDCOMMF522?RC522

?PR?_CALULATECRC?RC522                -----    -----      002CH    0007H      0079H    0002H
  +--> ?PR?_CLEARBITMASK?RC522
  +--> ?PR?_WRITERAWRC?RC522
  +--> ?PR?_SETBITMASK?RC522
  +--> ?PR?_READRAWRC?RC522

?PR?PCDHALT?RC522                     -----    -----      -----    -----      0063H    0015H
  +--> ?PR?_CALULATECRC?RC522
  +--> ?PR?_PCDCOMMF522?RC522

?PR?MYADCKEYCALLBACK?MAIN             -----    -----      -----    -----      005BH    0001H
  +--> ?PR?_GETADCKEYACT?ADC
  +--> ?PR?_READRFID?MAIN
  +--> ?PR?_UART1SEND?UART1
  +--> ?CO?MAIN
  +--> ?PR?_WRITERFID?MAIN
  +--> ?PR?COMMIT_SENSOR_DATA?MAIN

?PR?_READRFID?MAIN                    -----    -----      0022H    0007H      005DH    0002H
  +--> ?PR?_PCDREQUEST?RC522
  +--> ?PR?_PCDANTICOLL?RC522
  +--> ?PR?_PCDSELECT?RC522
  +--> ?PR?_PCDAUTHSTATE?RC522
  +--> ?PR?_PCDREAD?RC522
  +--> ?PR?PCDHALT?RC522

?PR?_PCDAUTHSTATE?RC522               -----    -----      0029H    0008H      0063H    0016H
  +--> ?PR?_PCDCOMMF522?RC522
  +--> ?PR?_READRAWRC?RC522

?PR?_PCDREAD?RC522                    -----    -----      0029H    0003H      005FH    0016H
  +--> ?PR?_CALULATECRC?RC522
  +--> ?PR?_PCDCOMMF522?RC522

?PR?_WRITERFID?MAIN                   -----    -----      0022H    0004H      005DH    0006H
  +--> ?PR?_PCDREQUEST?RC522
  +--> ?PR?_PCDANTICOLL?RC522
  +--> ?PR?_PCDSELECT?RC522
BL51 BANKED LINKER/LOCATER V6.22                                                      03/28/2026  14:09:39  PAGE 6


  +--> ?PR?_PCDAUTHSTATE?RC522
  +--> ?PR?_PCDWRITE?RC522
  +--> ?PR?PCDHALT?RC522

?PR?_PCDWRITE?RC522                   -----    -----      0026H    0003H      0063H    0016H
  +--> ?PR?_CALULATECRC?RC522
  +--> ?PR?_PCDCOMMF522?RC522

?PR?COMMIT_SENSOR_DATA?MAIN           -----    -----      -----    -----      -----    -----
  +--> ?PR?GETADC?ADC
  +--> ?PR?_SET_CHECKSUM?MAIN
  +--> ?PR?_UART1SEND?UART1

?PR?_SET_CHECKSUM?MAIN                -----    -----      0022H    0003H      005DH    0002H

?PR?MYUARTCALLBACK?MAIN               -----    -----      -----    -----      005BH    0002H
  +--> ?PR?_SET_CHECKSUM?MAIN
  +--> ?PR?_READ_UID?MAIN
  +--> ?PR?_READRFID?MAIN
  +--> ?PR?_WRITERFID?MAIN
  +--> ?PR?COMMIT_SENSOR_DATA?MAIN
  +--> ?PR?_WAT?AT24C02
  +--> ?PR?_RAT?AT24C02
  +--> ?PR?_UART1SEND?UART1

?PR?_WAT?AT24C02                      -----    -----      -----    -----      005DH    0001H
  +--> ?PR?_AT_IIC_START?AT24C02
  +--> ?PR?__AT_WRITEBYTE?AT24C02
  +--> ?PR?_AT_IIC_STOP?AT24C02
  +--> ?PR?_DELAY_MS?AT24C02

?PR?_AT_IIC_START?AT24C02             -----    -----      -----    -----      -----    -----
  +--> ?PR?_DELAY_US?AT24C02

?PR?_DELAY_US?AT24C02                 -----    -----      -----    -----      0061H    0001H

?PR?__AT_WRITEBYTE?AT24C02            0020H.0  0000H.1    -----    -----      005FH    0001H
  +--> ?PR?_DELAY_US?AT24C02

?PR?_AT_IIC_STOP?AT24C02              -----    -----      -----    -----      -----    -----
  +--> ?PR?_DELAY_US?AT24C02

?PR?_DELAY_MS?AT24C02                 -----    -----      -----    -----      005EH    0002H

?PR?_RAT?AT24C02                      -----    -----      -----    -----      005DH    0002H
  +--> ?PR?_AT_IIC_START?AT24C02
  +--> ?PR?__AT_WRITEBYTE?AT24C02
  +--> ?PR?_AT_IIC_STOP?AT24C02
  +--> ?PR?_AT_READBYTE?AT24C02

?PR?_AT_READBYTE?AT24C02              0020H.0  0000H.1    -----    -----      005FH    0002H
  +--> ?PR?_DELAY_US?AT24C02

?PR?MY1SCALLBACK?MAIN                 -----    -----      -----    -----      -----    -----
  +--> ?PR?_SIMPLE_READ_UID?MAIN
  +--> ?PR?COMMIT_SENSOR_DATA?MAIN

BL51 BANKED LINKER/LOCATER V6.22                                                      03/28/2026  14:09:39  PAGE 7


?PR?_SIMPLE_READ_UID?MAIN             -----    -----      0022H    0003H      005BH    0002H
  +--> ?PR?_PCDREQUEST?RC522
  +--> ?PR?_PCDANTICOLL?RC522

?PR?RC522INIT?RC522                   -----    -----      -----    -----      -----    -----
  +--> ?PR?PCDRESET?RC522
  +--> ?PR?PCDANTENNAOFF?RC522
  +--> ?PR?PCDANTENNAON?RC522

?PR?PCDRESET?RC522                    -----    -----      -----    -----      -----    -----
  +--> ?PR?_WRITERAWRC?RC522

?PR?PCDANTENNAOFF?RC522               -----    -----      -----    -----      -----    -----
  +--> ?PR?_CLEARBITMASK?RC522

?PR?PCDANTENNAON?RC522                -----    -----      -----    -----      005BH    0001H
  +--> ?PR?_READRAWRC?RC522
  +--> ?PR?_SETBITMASK?RC522

?PR?SYSRUN?SYS                        -----    -----      -----    -----      -----    -----
  +--> ?PR?EVENTPARSE?SYS

*** NEW ROOT ***************************************************

?PR?TIMER0_ROUTINE?SYS                -----    -----      -----    -----      -----    -----
  +--> ?PR?DISRUN?DISPLAY

*** NEW ROOT ***************************************************

?PR?UART1_ROUTINE?UART1               -----    -----      -----    -----      -----    -----
  +--> ?PR?CHECK_HEAD?UART1

?PR?CHECK_HEAD?UART1                  -----    -----      -----    -----      0085H    0001H



SYMBOL TABLE OF MODULE:  .\Objects\project (?C_STARTUP)

  VALUE           TYPE          NAME
  ----------------------------------

  -------         MODULE        ?C_STARTUP
  C:16F5H         SEGMENT       ?C_C51STARTUP
  I:003CH         SEGMENT       ?STACK
  C:0000H         PUBLIC        ?C_STARTUP
  D:00E0H         SYMBOL        ACC
  D:00F0H         SYMBOL        B
  D:0083H         SYMBOL        DPH
  D:0082H         SYMBOL        DPL
  N:0000H         SYMBOL        IBPSTACK
  N:0100H         SYMBOL        IBPSTACKTOP
  N:0080H         SYMBOL        IDATALEN
  C:16F8H         SYMBOL        IDATALOOP
  N:0000H         SYMBOL        PBPSTACK
  N:0100H         SYMBOL        PBPSTACKTOP
  N:0000H         SYMBOL        PDATALEN
  N:0000H         SYMBOL        PDATASTART
BL51 BANKED LINKER/LOCATER V6.22                                                      03/28/2026  14:09:39  PAGE 8


  N:0000H         SYMBOL        PPAGE
  N:0000H         SYMBOL        PPAGEENABLE
  D:00A0H         SYMBOL        PPAGE_SFR
  D:0081H         SYMBOL        SP
  C:16F5H         SYMBOL        STARTUP1
  N:0000H         SYMBOL        XBPSTACK
  N:0000H         SYMBOL        XBPSTACKTOP
  N:0000H         SYMBOL        XDATALEN
  N:0000H         SYMBOL        XDATASTART
  C:0000H         LINE#         126
  C:16F5H         LINE#         133
  C:16F7H         LINE#         134
  C:16F8H         LINE#         135
  C:16F9H         LINE#         136
  C:16FBH         LINE#         185
  C:16FEH         LINE#         196
  -------         ENDMOD        ?C_STARTUP

  -------         MODULE        MAIN
  C:0000H         SYMBOL        _ICE_DUMMY_
  C:1EFCH         PUBLIC        my1SCallback
  D:0090H         PUBLIC        P1
  D:00C0H         PUBLIC        P4
  C:1C78H         PUBLIC        _set_checksum
  X:0000H         PUBLIC        receive_buf
  C:1B13H         PUBLIC        commit_sensor_data
  X:0018H         PUBLIC        counter_1s
  C:002EH         PUBLIC        myUartCallback
  X:0019H         PUBLIC        card_data
  C:180AH         PUBLIC        myKeyCallback
  X:0029H         PUBLIC        adc_data
  C:14B1H         PUBLIC        main
  X:0035H         PUBLIC        mode
  X:0036H         PUBLIC        status
  X:0037H         PUBLIC        led_vector
  C:1BC1H         PUBLIC        _simple_read_uid
  C:2142H         PUBLIC        test_data
  C:188AH         PUBLIC        _read_uid
  X:0038H         PUBLIC        uid
  C:12C0H         PUBLIC        _readRFID
  X:003CH         PUBLIC        card_key
  X:0042H         PUBLIC        send_buf
  C:20E9H         PUBLIC        _delay_ms
  C:1367H         PUBLIC        _writeRFID
  X:005AH         PUBLIC        is_stream_led
  C:196CH         PUBLIC        my100msCallback
  C:15D7H         PUBLIC        myADCKeyCallback
  C:1C6FH         SYMBOL        L?0116
  -------         PROC          L?0115
  -------         ENDPROC       L?0115
  C:1C6FH         SYMBOL        L?0116
  -------         PROC          _SET_CHECKSUM
  D:0022H         SYMBOL        buf
  D:0005H         SYMBOL        num
  -------         DO            
  X:005DH         SYMBOL        i
  X:005EH         SYMBOL        tmp
BL51 BANKED LINKER/LOCATER V6.22                                                      03/28/2026  14:09:39  PAGE 9


  -------         ENDDO         
  C:1C78H         LINE#         23
  C:1C7EH         LINE#         25
  C:1C83H         LINE#         26
  C:1C90H         LINE#         27
  C:1CA8H         LINE#         28
  C:1CB0H         LINE#         29
  C:1CB5H         LINE#         30
  -------         ENDPROC       _SET_CHECKSUM
  -------         PROC          _SIMPLE_READ_UID
  D:0022H         SYMBOL        _id
  -------         DO            
  X:005BH         SYMBOL        tmp
  X:005CH         SYMBOL        try_cnt
  -------         ENDDO         
  C:1BC1H         LINE#         40
  C:1BC7H         LINE#         41
  C:1BD0H         LINE#         43
  C:1BD0H         LINE#         44
  C:1BE5H         LINE#         45
  C:1BF8H         LINE#         47
  C:1C02H         LINE#         48
  C:1C02H         LINE#         49
  C:1C0EH         LINE#         50
  C:1C13H         LINE#         51
  C:1C13H         LINE#         52
  C:1C15H         LINE#         53
  C:1C15H         LINE#         54
  -------         ENDPROC       _SIMPLE_READ_UID
  -------         PROC          L?0117
  -------         ENDPROC       L?0117
  -------         PROC          _READ_UID
  D:0022H         SYMBOL        _id
  -------         DO            
  X:005DH         SYMBOL        tmp
  X:005EH         SYMBOL        try_cnt
  -------         ENDDO         
  C:188AH         LINE#         58
  C:1890H         LINE#         59
  C:1899H         LINE#         61
  C:1899H         LINE#         62
  C:18AEH         LINE#         64
  C:18C1H         LINE#         67
  C:18D4H         LINE#         69
  C:18DDH         LINE#         70
  C:18DDH         LINE#         71
  C:18E9H         LINE#         72
  C:18EEH         LINE#         73
  C:18EEH         LINE#         74
  C:18F0H         LINE#         75
  C:18F3H         LINE#         76
  C:18F8H         LINE#         77
  -------         ENDPROC       _READ_UID
  -------         PROC          _READRFID
  D:0022H         SYMBOL        _addr
  D:0023H         SYMBOL        _uid
  D:0026H         SYMBOL        _buf
BL51 BANKED LINKER/LOCATER V6.22                                                      03/28/2026  14:09:39  PAGE 10


  -------         DO            
  X:005DH         SYMBOL        tmp
  X:005EH         SYMBOL        try_cnt
  -------         ENDDO         
  C:12C0H         LINE#         81
  C:12C8H         LINE#         82
  C:12D1H         LINE#         83
  C:12D1H         LINE#         84
  C:12E6H         LINE#         86
  C:12F9H         LINE#         88
  C:130CH         LINE#         90
  C:132CH         LINE#         94
  C:1341H         LINE#         96
  C:134AH         LINE#         97
  C:134AH         LINE#         98
  C:1356H         LINE#         99
  C:135BH         LINE#         100
  C:135BH         LINE#         101
  C:135EH         LINE#         104
  C:1361H         LINE#         105
  C:1366H         LINE#         106
  -------         ENDPROC       _READRFID
  -------         PROC          _WRITERFID
  D:0022H         SYMBOL        _addr
  D:0023H         SYMBOL        _data
  -------         DO            
  X:005DH         SYMBOL        tmp
  X:005EH         SYMBOL        try_cnt
  X:005FH         SYMBOL        _uid
  -------         ENDDO         
  C:1367H         LINE#         110
  C:136FH         LINE#         111
  C:1378H         LINE#         113
  C:1378H         LINE#         114
  C:138DH         LINE#         116
  C:13A0H         LINE#         118
  C:13B3H         LINE#         120
  C:13D3H         LINE#         122
  C:13E8H         LINE#         126
  C:13F1H         LINE#         127
  C:13F1H         LINE#         128
  C:13FDH         LINE#         129
  C:1402H         LINE#         130
  C:1402H         LINE#         131
  C:1405H         LINE#         134
  C:1408H         LINE#         135
  C:140DH         LINE#         136
  -------         ENDPROC       _WRITERFID
  -------         PROC          COMMIT_SENSOR_DATA
  C:1B13H         LINE#         138
  C:1B13H         LINE#         139
  C:1B23H         LINE#         141
  C:1B29H         LINE#         142
  C:1B2DH         LINE#         143
  C:1B3AH         LINE#         144
  C:1B3DH         LINE#         145
  C:1B4AH         LINE#         146
BL51 BANKED LINKER/LOCATER V6.22                                                      03/28/2026  14:09:39  PAGE 11


  C:1B4DH         LINE#         147
  C:1B56H         LINE#         148
  C:1B58H         LINE#         149
  C:1B60H         LINE#         150
  -------         ENDPROC       COMMIT_SENSOR_DATA
  -------         PROC          MY1SCALLBACK
  C:1EFCH         LINE#         156
  C:1EFCH         LINE#         157
  C:1F07H         LINE#         159
  C:1F0EH         LINE#         162
  C:1F1AH         LINE#         163
  C:1F20H         LINE#         164
  C:1F22H         LINE#         165
  C:1F27H         LINE#         167
  C:1F2DH         LINE#         168
  C:1F30H         LINE#         169
  C:1F30H         LINE#         170
  C:1F30H         LINE#         171
  -------         ENDPROC       MY1SCALLBACK
  -------         PROC          MY100MSCALLBACK
  C:196CH         LINE#         173
  C:196CH         LINE#         174
  C:1974H         LINE#         175
  C:197AH         LINE#         176
  C:1982H         LINE#         177
  C:19B8H         LINE#         178
  C:19C9H         LINE#         179
  C:19CAH         LINE#         180
  C:19CAH         LINE#         181
  C:19CFH         LINE#         182
  C:19DAH         LINE#         183
  C:19DAH         LINE#         184
  C:19DAH         LINE#         185
  -------         ENDPROC       MY100MSCALLBACK
  -------         PROC          MYKEYCALLBACK
  -------         DO            
  X:005BH         SYMBOL        key
  -------         ENDDO         
  C:180AH         LINE#         187
  C:180AH         LINE#         191
  C:1814H         LINE#         192
  C:1818H         LINE#         195
  C:182DH         LINE#         198
  C:182FH         LINE#         199
  C:1836H         LINE#         200
  C:1838H         LINE#         201
  C:183FH         LINE#         202
  C:1844H         LINE#         203
  C:184CH         LINE#         204
  C:184EH         LINE#         205
  C:1855H         LINE#         206
  C:1860H         LINE#         207
  C:1860H         LINE#         208
  C:1860H         LINE#         210
  C:1866H         LINE#         211
  C:186FH         LINE#         212
  C:1872H         LINE#         227
BL51 BANKED LINKER/LOCATER V6.22                                                      03/28/2026  14:09:39  PAGE 12


  C:1878H         LINE#         228
  C:1883H         LINE#         229
  C:1883H         LINE#         232
  C:1883H         LINE#         234
  -------         ENDPROC       MYKEYCALLBACK
  -------         PROC          MYADCKEYCALLBACK
  -------         DO            
  X:005BH         SYMBOL        key
  -------         ENDDO         
  C:15D7H         LINE#         236
  C:15D7H         LINE#         239
  C:15E0H         LINE#         241
  C:15E9H         LINE#         243
  C:15EDH         LINE#         246
  C:1606H         LINE#         247
  C:160AH         LINE#         248
  C:160FH         LINE#         249
  C:1617H         LINE#         250
  C:1619H         LINE#         251
  C:1619H         LINE#         252
  C:1624H         LINE#         253
  C:162FH         LINE#         254
  C:162FH         LINE#         261
  C:162FH         LINE#         263
  C:1639H         LINE#         264
  C:163CH         LINE#         267
  C:164CH         LINE#         268
  C:1657H         LINE#         269
  C:1657H         LINE#         271
  C:1661H         LINE#         272
  C:1664H         LINE#         273
  C:1667H         LINE#         275
  C:1667H         LINE#         276
  C:1667H         LINE#         301
  -------         ENDPROC       MYADCKEYCALLBACK
  -------         PROC          MYUARTCALLBACK
  -------         DO            
  X:005BH         SYMBOL        command
  X:005CH         SYMBOL        write_addr
  -------         ENDDO         
  C:002EH         LINE#         303
  C:002EH         LINE#         305
  C:0034H         LINE#         306
  C:0037H         LINE#         313
  C:004CH         LINE#         315
  C:0054H         LINE#         316
  C:0056H         LINE#         321
  C:0061H         LINE#         322
  C:0064H         LINE#         323
  C:0068H         LINE#         324
  C:006CH         LINE#         325
  C:007AH         LINE#         326
  C:007DH         LINE#         328
  C:007DH         LINE#         331
  C:0080H         LINE#         332
  C:0083H         LINE#         333
  C:008BH         LINE#         334
BL51 BANKED LINKER/LOCATER V6.22                                                      03/28/2026  14:09:39  PAGE 13


  C:0093H         LINE#         335
  C:009BH         LINE#         336
  C:00A3H         LINE#         337
  C:00B1H         LINE#         339
  C:00B1H         LINE#         340
  C:00B4H         LINE#         341
  C:00BFH         LINE#         345
  C:00C5H         LINE#         346
  C:00C9H         LINE#         347
  C:00D2H         LINE#         349
  C:00E9H         LINE#         350
  C:00EFH         LINE#         351
  C:00F3H         LINE#         352
  C:00F7H         LINE#         353
  C:0104H         LINE#         354
  C:0107H         LINE#         356
  C:0107H         LINE#         358
  C:010FH         LINE#         359
  C:0117H         LINE#         360
  C:011FH         LINE#         361
  C:0127H         LINE#         362
  C:012FH         LINE#         363
  C:0137H         LINE#         364
  C:013FH         LINE#         365
  C:0147H         LINE#         366
  C:014FH         LINE#         367
  C:0157H         LINE#         368
  C:015FH         LINE#         369
  C:0167H         LINE#         370
  C:016FH         LINE#         371
  C:0177H         LINE#         372
  C:017FH         LINE#         373
  C:0187H         LINE#         374
  C:0195H         LINE#         375
  C:0195H         LINE#         376
  C:0198H         LINE#         377
  C:01A3H         LINE#         382
  C:01B9H         LINE#         384
  C:01BCH         LINE#         385
  C:01C0H         LINE#         386
  C:01C4H         LINE#         387
  C:01D2H         LINE#         388
  C:01D5H         LINE#         390
  C:01D5H         LINE#         392
  C:01D8H         LINE#         393
  C:01DCH         LINE#         394
  C:01DFH         LINE#         395
  C:01E7H         LINE#         396
  C:01EFH         LINE#         397
  C:01F7H         LINE#         398
  C:01FFH         LINE#         399
  C:0207H         LINE#         400
  C:020FH         LINE#         401
  C:0217H         LINE#         402
  C:021FH         LINE#         403
  C:0227H         LINE#         404
  C:022FH         LINE#         405
BL51 BANKED LINKER/LOCATER V6.22                                                      03/28/2026  14:09:39  PAGE 14


  C:0237H         LINE#         406
  C:023FH         LINE#         407
  C:0247H         LINE#         408
  C:024FH         LINE#         409
  C:0257H         LINE#         410
  C:025FH         LINE#         411
  C:026DH         LINE#         412
  C:026DH         LINE#         413
  C:0270H         LINE#         414
  C:0277H         LINE#         418
  C:027AH         LINE#         419
  C:027AH         LINE#         420
  C:0285H         LINE#         429
  C:028FH         LINE#         430
  C:0299H         LINE#         431
  C:02A3H         LINE#         432
  C:02ADH         LINE#         433
  C:02B7H         LINE#         434
  C:02C1H         LINE#         436
  C:02C7H         LINE#         437
  C:02CBH         LINE#         438
  C:02D5H         LINE#         439
  C:02DFH         LINE#         440
  C:02E9H         LINE#         441
  C:02F3H         LINE#         442
  C:02FDH         LINE#         443
  C:0302H         LINE#         444
  C:0308H         LINE#         446
  C:0308H         LINE#         447
  C:030AH         LINE#         448
  C:0312H         LINE#         452
  C:0318H         LINE#         453
  C:031CH         LINE#         454
  C:0326H         LINE#         455
  C:0330H         LINE#         456
  C:033AH         LINE#         457
  C:0344H         LINE#         458
  C:034EH         LINE#         459
  C:0353H         LINE#         460
  C:035BH         LINE#         462
  C:0365H         LINE#         464
  C:0365H         LINE#         465
  C:0365H         LINE#         467
  C:0365H         LINE#         468
  -------         ENDPROC       MYUARTCALLBACK
  -------         PROC          _DELAY_MS
  D:0006H         SYMBOL        xms
  -------         DO            
  D:0005H         SYMBOL        i
  D:0004H         SYMBOL        j
  -------         ENDDO         
  C:20E9H         LINE#         496
  C:20E9H         LINE#         497
  C:20E9H         LINE#         499
  C:20F3H         LINE#         500
  C:20F4H         LINE#         501
  C:20F5H         LINE#         502
BL51 BANKED LINKER/LOCATER V6.22                                                      03/28/2026  14:09:39  PAGE 15


  C:20F6H         LINE#         503
  C:20F8H         LINE#         504
  C:20FAH         LINE#         506
  C:20FAH         LINE#         507
  C:20FCH         LINE#         508
  C:20FEH         LINE#         509
  C:2100H         LINE#         510
  -------         ENDPROC       _DELAY_MS
  -------         PROC          MAIN
  -------         DO            
  D:0021H         SYMBOL        ver
  -------         ENDDO         
  C:14B1H         LINE#         512
  C:14B1H         LINE#         515
  C:14B4H         LINE#         516
  C:14B7H         LINE#         517
  C:14BAH         LINE#         518
  C:14C5H         LINE#         520
  C:14DCH         LINE#         524
  C:14DFH         LINE#         526
  C:14EAH         LINE#         527
  C:14F5H         LINE#         528
  C:1500H         LINE#         529
  C:150BH         LINE#         530
  C:1516H         LINE#         531
  C:151CH         LINE#         532
  C:1520H         LINE#         534
  C:1525H         LINE#         535
  C:153DH         LINE#         537
  C:1540H         LINE#         540
  C:1540H         LINE#         543
  C:1543H         LINE#         544
  -------         ENDPROC       MAIN
  -------         ENDMOD        MAIN

  -------         MODULE        RC522
  C:0000H         SYMBOL        _ICE_DUMMY_
  D:0092H         PUBLIC        P1M0
  D:0091H         PUBLIC        P1M1
  C:219AH         PUBLIC        PcdAntennaOff
  D:0090H         PUBLIC        P1
  D:00B4H         PUBLIC        P4M0
  B:0090H.1       PUBLIC        MF522_NSS
  D:00B3H         PUBLIC        P4M1
  D:00C0H         PUBLIC        P4
  B:00A8H.7       PUBLIC        EA
  C:19DBH         PUBLIC        _PcdRequest
  C:1F97H         PUBLIC        rc522Init
  C:1427H         PUBLIC        _CalulateCRC
  B:00C0H.3       PUBLIC        MF522_EA
  C:1781H         PUBLIC        _PcdRead
  C:0F29H         PUBLIC        _PcdValue
  C:209BH         PUBLIC        _ClearBitMask
  C:1F31H         PUBLIC        PcdReset
  C:2117H         PUBLIC        PcdAntennaOn
  C:1D8FH         PUBLIC        PcdHalt
  C:0E33H         PUBLIC        _PcdWrite
BL51 BANKED LINKER/LOCATER V6.22                                                      03/28/2026  14:09:39  PAGE 16


  C:0C16H         PUBLIC        _PcdBakValue
  B:00C0H.2       PUBLIC        MF522_SI
  B:0090H.0       PUBLIC        MF522_SO
  C:1218H         PUBLIC        _PcdAuthState
  C:1A4AH         PUBLIC        _ReadRawRC
  C:1AB6H         PUBLIC        _WriteRawRC
  C:0FEEH         PUBLIC        _PcdAnticoll
  C:2101H         PUBLIC        _SetBitMask
  B:00C0H.4       PUBLIC        MF522_IIC
  C:08EEH         PUBLIC        _PcdComMF522
  B:00C0H.1       PUBLIC        MF522_SCK
  C:10A9H         PUBLIC        _PcdSelect
  -------         PROC          RC522INIT
  C:1F97H         LINE#         12
  C:1F97H         LINE#         13
  C:1F99H         LINE#         15
  C:1F9CH         LINE#         16
  C:1F9FH         LINE#         19
  C:1FA2H         LINE#         20
  C:1FA5H         LINE#         23
  C:1FA8H         LINE#         24
  C:1FABH         LINE#         27
  C:1FADH         LINE#         28
  C:1FAFH         LINE#         29
  C:1FB1H         LINE#         30
  C:1FB3H         LINE#         34
  C:1FB5H         LINE#         35
  C:1FB7H         LINE#         40
  C:1FBAH         LINE#         41
  C:1FBDH         LINE#         42
  C:1FC0H         LINE#         43
  C:1FC2H         LINE#         44
  -------         ENDPROC       RC522INIT
  -------         PROC          _PCDREQUEST
  D:0029H         SYMBOL        req_code
  D:002AH         SYMBOL        pTagType
  -------         DO            
  X:0063H         SYMBOL        status
  X:0064H         SYMBOL        unLen
  X:0066H         SYMBOL        ucComMF522Buf
  -------         ENDDO         
  C:19DBH         LINE#         60
  C:19E3H         LINE#         61
  C:19E3H         LINE#         66
  C:19E6H         LINE#         67
  C:19EDH         LINE#         68
  C:19F4H         LINE#         70
  C:19FAH         LINE#         72
  C:1A1BH         LINE#         74
  C:1A27H         LINE#         75
  C:1A27H         LINE#         76
  C:1A34H         LINE#         77
  C:1A44H         LINE#         78
  C:1A44H         LINE#         80
  C:1A44H         LINE#         82
  C:1A44H         LINE#         84
  C:1A49H         LINE#         85
BL51 BANKED LINKER/LOCATER V6.22                                                      03/28/2026  14:09:39  PAGE 17


  -------         ENDPROC       _PCDREQUEST
  -------         PROC          _PCDANTICOLL
  D:0029H         SYMBOL        pSnr
  -------         DO            
  X:0063H         SYMBOL        status
  X:0064H         SYMBOL        i
  X:0065H         SYMBOL        snr_check
  X:0066H         SYMBOL        unLen
  X:0068H         SYMBOL        ucComMF522Buf
  -------         ENDDO         
  C:0FEEH         LINE#         92
  C:0FF4H         LINE#         93
  C:0FF4H         LINE#         95
  C:0FF9H         LINE#         100
  C:0FFCH         LINE#         101
  C:1003H         LINE#         102
  C:100AH         LINE#         104
  C:1010H         LINE#         105
  C:1014H         LINE#         107
  C:1039H         LINE#         109
  C:103BH         LINE#         110
  C:103BH         LINE#         111
  C:1047H         LINE#         112
  C:1047H         LINE#         113
  C:1061H         LINE#         114
  C:1078H         LINE#         115
  C:1080H         LINE#         116
  C:1096H         LINE#         117
  C:109CH         LINE#         118
  C:109CH         LINE#         120
  C:10A3H         LINE#         121
  C:10A8H         LINE#         122
  -------         ENDPROC       _PCDANTICOLL
  -------         PROC          _PCDSELECT
  D:0029H         SYMBOL        pSnr
  -------         DO            
  X:0063H         SYMBOL        status
  X:0064H         SYMBOL        i
  X:0065H         SYMBOL        unLen
  X:0067H         SYMBOL        ucComMF522Buf
  -------         ENDDO         
  C:10A9H         LINE#         129
  C:10AFH         LINE#         130
  C:10AFH         LINE#         136
  C:10B5H         LINE#         137
  C:10B9H         LINE#         138
  C:10BEH         LINE#         139
  C:10CCH         LINE#         140
  C:10CCH         LINE#         141
  C:10E9H         LINE#         142
  C:10FDH         LINE#         143
  C:1105H         LINE#         144
  C:1119H         LINE#         146
  C:111CH         LINE#         148
  C:1141H         LINE#         150
  C:114FH         LINE#         151
  C:1155H         LINE#         153
BL51 BANKED LINKER/LOCATER V6.22                                                      03/28/2026  14:09:39  PAGE 18


  C:115BH         LINE#         155
  C:1160H         LINE#         156
  -------         ENDPROC       _PCDSELECT
  -------         PROC          _PCDAUTHSTATE
  D:0007H         SYMBOL        auth_mode
  D:0005H         SYMBOL        addr
  D:002BH         SYMBOL        pKey
  D:002EH         SYMBOL        pSnr
  -------         DO            
  X:0063H         SYMBOL        status
  X:0064H         SYMBOL        unLen
  X:0066H         SYMBOL        i
  X:0067H         SYMBOL        ucComMF522Buf
  -------         ENDDO         
  C:1218H         LINE#         168
  C:121EH         LINE#         169
  C:121EH         LINE#         174
  C:1223H         LINE#         175
  C:1226H         LINE#         176
  C:122BH         LINE#         177
  C:1255H         LINE#         178
  C:125AH         LINE#         179
  C:1284H         LINE#         183
  C:12A9H         LINE#         184
  C:12B4H         LINE#         185
  C:12BAH         LINE#         186
  C:12BFH         LINE#         187
  -------         ENDPROC       _PCDAUTHSTATE
  -------         PROC          _PCDREAD
  D:0007H         SYMBOL        addr
  D:0029H         SYMBOL        pData
  -------         DO            
  X:005FH         SYMBOL        status
  X:0060H         SYMBOL        unLen
  X:0062H         SYMBOL        i
  X:0063H         SYMBOL        ucComMF522Buf
  -------         ENDDO         
  C:1781H         LINE#         195
  C:1787H         LINE#         196
  C:1787H         LINE#         201
  C:178DH         LINE#         202
  C:1790H         LINE#         203
  C:17A0H         LINE#         205
  C:17C5H         LINE#         206
  C:17D1H         LINE#         208
  C:17D1H         LINE#         209
  C:17D5H         LINE#         210
  C:17FEH         LINE#         211
  C:17FEH         LINE#         213
  C:1804H         LINE#         215
  C:1809H         LINE#         216
  -------         ENDPROC       _PCDREAD
  -------         PROC          _PCDWRITE
  D:0007H         SYMBOL        addr
  D:0026H         SYMBOL        pData
  -------         DO            
  X:0063H         SYMBOL        status
BL51 BANKED LINKER/LOCATER V6.22                                                      03/28/2026  14:09:39  PAGE 19


  X:0064H         SYMBOL        unLen
  X:0066H         SYMBOL        i
  X:0067H         SYMBOL        ucComMF522Buf
  -------         ENDDO         
  C:0E33H         LINE#         224
  C:0E39H         LINE#         225
  C:0E39H         LINE#         230
  C:0E3FH         LINE#         231
  C:0E42H         LINE#         232
  C:0E56H         LINE#         234
  C:0E7BH         LINE#         236
  C:0E91H         LINE#         237
  C:0E97H         LINE#         239
  C:0EA0H         LINE#         240
  C:0EA0H         LINE#         242
  C:0EA4H         LINE#         243
  C:0ECEH         LINE#         244
  C:0EE2H         LINE#         246
  C:0F07H         LINE#         247
  C:0F1DH         LINE#         248
  C:0F23H         LINE#         249
  C:0F23H         LINE#         251
  C:0F28H         LINE#         252
  -------         ENDPROC       _PCDWRITE
  -------         PROC          _PCDVALUE
  D:0007H         SYMBOL        dd_mode
  D:0008H         SYMBOL        addr
  D:0009H         SYMBOL        pValue
  -------         DO            
  X:00ACH         SYMBOL        status
  X:00ADH         SYMBOL        unLen
  X:00AFH         SYMBOL        i
  X:00B0H         SYMBOL        ucComMF522Buf
  -------         ENDDO         
  C:0F29H         LINE#         263
  C:0F31H         LINE#         264
  C:0F31H         LINE#         269
  C:0F32H         LINE#         270
  C:0F32H         LINE#         271
  C:0F35H         LINE#         273
  C:0F3DH         LINE#         275
  C:0F53H         LINE#         276
  C:0F59H         LINE#         278
  C:0F5FH         LINE#         279
  C:0F5FH         LINE#         281
  C:0F63H         LINE#         282
  C:0F8DH         LINE#         283
  C:0FA1H         LINE#         284
  C:0FA8H         LINE#         285
  C:0FB3H         LINE#         286
  C:0FB7H         LINE#         287
  C:0FB9H         LINE#         288
  C:0FB9H         LINE#         290
  C:0FBFH         LINE#         291
  C:0FBFH         LINE#         292
  C:0FC1H         LINE#         293
  C:0FC1H         LINE#         294
BL51 BANKED LINKER/LOCATER V6.22                                                      03/28/2026  14:09:39  PAGE 20


  C:0FC4H         LINE#         296
  C:0FCCH         LINE#         298
  C:0FE2H         LINE#         299
  C:0FE8H         LINE#         300
  C:0FE8H         LINE#         301
  C:0FEDH         LINE#         302
  -------         ENDPROC       _PCDVALUE
  -------         PROC          _PCDBAKVALUE
  D:0007H         SYMBOL        sourceaddr
  D:000EH         SYMBOL        goaladdr
  -------         DO            
  X:00D8H         SYMBOL        status
  X:00D9H         SYMBOL        unLen
  X:00DBH         SYMBOL        ucComMF522Buf
  -------         ENDDO         
  C:0C16H         LINE#         310
  C:0C18H         LINE#         311
  C:0C18H         LINE#         316
  C:0C1EH         LINE#         317
  C:0C21H         LINE#         318
  C:0C35H         LINE#         320
  C:0C5AH         LINE#         322
  C:0C70H         LINE#         323
  C:0C76H         LINE#         325
  C:0C7CH         LINE#         326
  C:0C7CH         LINE#         327
  C:0C80H         LINE#         328
  C:0C82H         LINE#         329
  C:0C84H         LINE#         330
  C:0C86H         LINE#         331
  C:0C9AH         LINE#         333
  C:0CBFH         LINE#         334
  C:0CC3H         LINE#         335
  C:0CC5H         LINE#         336
  C:0CC5H         LINE#         338
  C:0CCBH         LINE#         339
  C:0CCEH         LINE#         341
  C:0CD4H         LINE#         342
  C:0CD8H         LINE#         344
  C:0CECH         LINE#         346
  C:0D11H         LINE#         348
  C:0D27H         LINE#         349
  C:0D2DH         LINE#         351
  C:0D32H         LINE#         352
  -------         ENDPROC       _PCDBAKVALUE
  -------         PROC          PCDHALT
  -------         DO            
  X:0063H         SYMBOL        status
  X:0064H         SYMBOL        unLen
  X:0066H         SYMBOL        ucComMF522Buf
  -------         ENDDO         
  C:1D8FH         LINE#         359
  C:1D8FH         LINE#         360
  C:1D8FH         LINE#         365
  C:1D95H         LINE#         366
  C:1D98H         LINE#         367
  C:1DACH         LINE#         369
BL51 BANKED LINKER/LOCATER V6.22                                                      03/28/2026  14:09:39  PAGE 21


  C:1DD1H         LINE#         371
  C:1DD3H         LINE#         372
  -------         ENDPROC       PCDHALT
  C:1423H         SYMBOL        L?0140
  -------         PROC          L?0139
  -------         ENDPROC       L?0139
  C:1423H         SYMBOL        L?0140
  -------         PROC          _CALULATECRC
  D:002CH         SYMBOL        pIndata
  D:002FH         SYMBOL        len
  D:0030H         SYMBOL        pOutData
  -------         DO            
  X:0079H         SYMBOL        i
  X:007AH         SYMBOL        n
  -------         ENDDO         
  C:1427H         LINE#         377
  C:142FH         LINE#         378
  C:142FH         LINE#         380
  C:1436H         LINE#         381
  C:1439H         LINE#         382
  C:1440H         LINE#         383
  C:144FH         LINE#         384
  C:146BH         LINE#         385
  C:1472H         LINE#         386
  C:1478H         LINE#         388
  C:1478H         LINE#         389
  C:1482H         LINE#         390
  C:1488H         LINE#         391
  C:1488H         LINE#         392
  C:1490H         LINE#         393
  C:149FH         LINE#         394
  -------         ENDPROC       _CALULATECRC
  -------         PROC          PCDRESET
  C:1F31H         LINE#         401
  C:1F31H         LINE#         402
  C:1F31H         LINE#         409
  C:1F38H         LINE#         410
  C:1F39H         LINE#         412
  C:1F40H         LINE#         413
  C:1F47H         LINE#         414
  C:1F4EH         LINE#         415
  C:1F55H         LINE#         416
  C:1F5CH         LINE#         417
  C:1F63H         LINE#         419
  C:1F65H         LINE#         420
  -------         ENDPROC       PCDRESET
  -------         PROC          _READRAWRC
  D:0007H         SYMBOL        Address
  -------         DO            
  X:0082H         SYMBOL        i
  X:0083H         SYMBOL        ucAddr
  X:0084H         SYMBOL        ucResult
  -------         ENDDO         
  C:1A4AH         LINE#         427
  C:1A4AH         LINE#         428
  C:1A4AH         LINE#         430
  C:1A4FH         LINE#         434
BL51 BANKED LINKER/LOCATER V6.22                                                      03/28/2026  14:09:39  PAGE 22


  C:1A51H         LINE#         435
  C:1A53H         LINE#         438
  C:1A5EH         LINE#         441
  C:1A64H         LINE#         442
  C:1A73H         LINE#         443
  C:1A75H         LINE#         444
  C:1A7CH         LINE#         445
  C:1A7EH         LINE#         446
  C:1A87H         LINE#         449
  C:1A8DH         LINE#         450
  C:1A8FH         LINE#         451
  C:1A96H         LINE#         454
  C:1A99H         LINE#         455
  C:1A9DH         LINE#         456
  C:1A9DH         LINE#         458
  C:1A9FH         LINE#         459
  C:1AA8H         LINE#         461
  C:1AAAH         LINE#         462
  C:1AACH         LINE#         466
  C:1AB1H         LINE#         468
  -------         ENDPROC       _READRAWRC
  C:1AB2H         SYMBOL        L?0144
  -------         PROC          L?0143
  -------         ENDPROC       L?0143
  C:1AB2H         SYMBOL        L?0144
  -------         PROC          _WRITERAWRC
  D:0007H         SYMBOL        Address
  D:0005H         SYMBOL        value
  -------         DO            
  X:0082H         SYMBOL        i
  X:0083H         SYMBOL        ucAddr
  -------         ENDDO         
  C:1AB6H         LINE#         475
  C:1AB6H         LINE#         476
  C:1AB6H         LINE#         481
  C:1AB8H         LINE#         482
  C:1ABAH         LINE#         485
  C:1AC3H         LINE#         488
  C:1AC9H         LINE#         490
  C:1AD8H         LINE#         493
  C:1ADAH         LINE#         494
  C:1AE1H         LINE#         495
  C:1AE3H         LINE#         496
  C:1AECH         LINE#         499
  C:1AF2H         LINE#         501
  C:1AFDH         LINE#         503
  C:1AFFH         LINE#         504
  C:1B03H         LINE#         505
  C:1B05H         LINE#         506
  C:1B0EH         LINE#         508
  C:1B10H         LINE#         509
  C:1B12H         LINE#         512
  -------         ENDPROC       _WRITERAWRC
  -------         PROC          _SETBITMASK
  D:0006H         SYMBOL        reg
  D:0005H         SYMBOL        mask
  -------         DO            
BL51 BANKED LINKER/LOCATER V6.22                                                      03/28/2026  14:09:39  PAGE 23


  X:0081H         SYMBOL        tmp
  -------         ENDDO         
  C:2101H         LINE#         519
  C:2103H         LINE#         520
  C:2103H         LINE#         521
  C:2108H         LINE#         522
  C:2110H         LINE#         523
  -------         ENDPROC       _SETBITMASK
  C:2097H         SYMBOL        L?0142
  -------         PROC          L?0141
  -------         ENDPROC       L?0141
  C:2097H         SYMBOL        L?0142
  -------         PROC          _CLEARBITMASK
  D:0006H         SYMBOL        reg
  D:0005H         SYMBOL        mask
  -------         DO            
  X:0081H         SYMBOL        tmp
  -------         ENDDO         
  C:209BH         LINE#         531
  C:209DH         LINE#         532
  C:209DH         LINE#         533
  C:20A2H         LINE#         534
  C:20ABH         LINE#         535
  -------         ENDPROC       _CLEARBITMASK
  C:08D4H         SYMBOL        L?0137
  C:08EAH         SYMBOL        L?0138
  -------         PROC          L?0136
  -------         ENDPROC       L?0136
  C:08D4H         SYMBOL        L?0137
  C:08EAH         SYMBOL        L?0138
  -------         PROC          _PCDCOMMF522
  D:0031H         SYMBOL        Command
  D:0032H         SYMBOL        pInData
  D:0035H         SYMBOL        InLenByte
  D:0036H         SYMBOL        pOutData
  D:0039H         SYMBOL        pOutLenBit
  -------         DO            
  X:007AH         SYMBOL        status
  X:007BH         SYMBOL        irqEn
  X:007CH         SYMBOL        waitFor
  X:007DH         SYMBOL        lastBits
  X:007EH         SYMBOL        n
  X:007FH         SYMBOL        i
  -------         ENDDO         
  C:08EEH         LINE#         546
  C:08F6H         LINE#         551
  C:08F6H         LINE#         552
  C:08FCH         LINE#         554
  C:08FFH         LINE#         555
  C:0901H         LINE#         559
  C:090BH         LINE#         560
  C:090BH         LINE#         561
  C:090BH         LINE#         562
  C:0911H         LINE#         563
  C:0915H         LINE#         564
  C:0917H         LINE#         565
  C:0917H         LINE#         566
BL51 BANKED LINKER/LOCATER V6.22                                                      03/28/2026  14:09:39  PAGE 24


  C:091DH         LINE#         567
  C:0921H         LINE#         568
  C:0921H         LINE#         569
  C:0921H         LINE#         570
  C:0921H         LINE#         571
  C:0921H         LINE#         573
  C:092DH         LINE#         574
  C:0934H         LINE#         575
  C:0937H         LINE#         576
  C:093EH         LINE#         578
  C:0955H         LINE#         579
  C:0978H         LINE#         580
  C:097FH         LINE#         583
  C:0984H         LINE#         584
  C:098BH         LINE#         586
  C:0995H         LINE#         588
  C:0995H         LINE#         589
  C:099FH         LINE#         590
  C:09ADH         LINE#         591
  C:09ADH         LINE#         592
  C:09C5H         LINE#         593
  C:09CCH         LINE#         595
  C:09D9H         LINE#         596
  C:09D9H         LINE#         597
  C:09E6H         LINE#         598
  C:09E6H         LINE#         599
  C:09EAH         LINE#         600
  C:09F5H         LINE#         601
  C:09FBH         LINE#         602
  C:0A04H         LINE#         603
  C:0A04H         LINE#         604
  C:0A0EH         LINE#         605
  C:0A1AH         LINE#         608
  C:0A1CH         LINE#         609
  C:0A42H         LINE#         611
  C:0A58H         LINE#         612
  C:0A5EH         LINE#         613
  C:0A60H         LINE#         614
  C:0A69H         LINE#         615
  C:0A6CH         LINE#         616
  C:0A86H         LINE#         617
  C:0AB0H         LINE#         618
  C:0AB0H         LINE#         619
  C:0AB0H         LINE#         621
  C:0AB6H         LINE#         623
  C:0AB6H         LINE#         625
  C:0AB6H         LINE#         628
  C:0ABDH         LINE#         629
  C:0AC0H         LINE#         630
  C:0AC5H         LINE#         631
  -------         ENDPROC       _PCDCOMMF522
  -------         PROC          PCDANTENNAON
  -------         DO            
  X:005BH         SYMBOL        i
  -------         ENDDO         
  C:2117H         LINE#         638
  C:2117H         LINE#         639
BL51 BANKED LINKER/LOCATER V6.22                                                      03/28/2026  14:09:39  PAGE 25


  C:2117H         LINE#         641
  C:2121H         LINE#         642
  C:2125H         LINE#         643
  C:2125H         LINE#         644
  C:212CH         LINE#         645
  C:212CH         LINE#         646
  -------         ENDPROC       PCDANTENNAON
  -------         PROC          PCDANTENNAOFF
  C:219AH         LINE#         652
  C:219AH         LINE#         653
  C:219AH         LINE#         654
  -------         ENDPROC       PCDANTENNAOFF
  -------         ENDMOD        RC522

  -------         MODULE        ADC
  C:0000H         SYMBOL        _ICE_DUMMY_
  B:00A8H.7       PUBLIC        EA
  X:00C2H         PUBLIC        _adc
  X:00CEH         PUBLIC        _upcnt
  B:00A8H.5       PUBLIC        EADC
  C:064BH         PUBLIC        ADC_Routine
  D:00BDH         PUBLIC        ADC_RES
  X:00CFH         PUBLIC        _center_win
  X:00D1H         PUBLIC        _key3cnt
  X:00D2H         PUBLIC        _centercnt
  D:00BCH         PUBLIC        ADC_CONTR
  X:00D3H         PUBLIC        _adc_turn
  C:217CH         PUBLIC        adcInit
  X:00D4H         PUBLIC        _rightcnt
  C:21A1H         PUBLIC        getAdc
  C:1B6AH         PUBLIC        _getADCKeyAct
  X:00D5H         PUBLIC        _leftcnt
  D:009DH         PUBLIC        P1ASF
  D:00BEH         PUBLIC        ADC_RESL
  X:00D6H         PUBLIC        _downcnt
  X:00D7H         PUBLIC        _adckeyPress
  -------         PROC          ADCINIT
  C:217CH         LINE#         11
  C:217CH         LINE#         12
  C:217FH         LINE#         13
  C:2182H         LINE#         15
  C:2184H         LINE#         16
  C:2186H         LINE#         17
  -------         ENDPROC       ADCINIT
  -------         PROC          GETADC
  C:21A1H         LINE#         19
  C:21A1H         LINE#         20
  C:21A7H         LINE#         21
  -------         ENDPROC       GETADC
  -------         PROC          _GETADCKEYACT
  D:0007H         SYMBOL        key
  C:1B6AH         LINE#         23
  C:1B6AH         LINE#         24
  C:1B75H         LINE#         25
  C:1B82H         LINE#         26
  C:1B91H         LINE#         27
  C:1BA1H         LINE#         28
BL51 BANKED LINKER/LOCATER V6.22                                                      03/28/2026  14:09:39  PAGE 26


  C:1BAFH         LINE#         29
  C:1BBEH         LINE#         30
  C:1BC0H         LINE#         31
  -------         ENDPROC       _GETADCKEYACT
  -------         PROC          ADC_ROUTINE
  C:064BH         LINE#         33
  C:0662H         LINE#         34
  C:0669H         LINE#         35
  C:067EH         LINE#         36
  C:0680H         LINE#         37
  C:0684H         LINE#         38
  C:0697H         LINE#         39
  C:0699H         LINE#         40
  C:06A1H         LINE#         41
  C:06B6H         LINE#         42
  C:06B8H         LINE#         43
  C:06BCH         LINE#         44
  C:06CFH         LINE#         45
  C:06D1H         LINE#         46
  C:06D9H         LINE#         47
  C:06F2H         LINE#         48
  C:06F5H         LINE#         49
  C:06FDH         LINE#         50
  C:0714H         LINE#         52
  C:072BH         LINE#         53
  C:0743H         LINE#         54
  C:074FH         LINE#         55
  C:0751H         LINE#         56
  C:0756H         LINE#         58
  C:076FH         LINE#         59
  C:0787H         LINE#         60
  C:0793H         LINE#         61
  C:0795H         LINE#         62
  C:079AH         LINE#         64
  C:07B3H         LINE#         66
  C:07C9H         LINE#         67
  C:07D5H         LINE#         68
  C:07D7H         LINE#         69
  C:07DCH         LINE#         78
  C:0815H         LINE#         79
  C:081CH         LINE#         80
  C:0823H         LINE#         81
  C:082AH         LINE#         82
  C:082AH         LINE#         84
  C:0843H         LINE#         85
  C:085BH         LINE#         86
  C:0867H         LINE#         87
  C:0869H         LINE#         88
  C:086EH         LINE#         90
  C:0887H         LINE#         91
  C:089DH         LINE#         92
  C:08A9H         LINE#         93
  C:08ABH         LINE#         94
  C:08B0H         LINE#         95
  C:08B0H         LINE#         97
  C:08B8H         LINE#         98
  C:08BCH         LINE#         99
BL51 BANKED LINKER/LOCATER V6.22                                                      03/28/2026  14:09:39  PAGE 27


  -------         ENDPROC       ADC_ROUTINE
  -------         ENDMOD        ADC

  -------         MODULE        DISPLAY
  C:0000H         SYMBOL        _ICE_DUMMY_
  D:0093H         PUBLIC        P0M1
  C:0AC6H         PUBLIC        _setNum
  D:0096H         PUBLIC        P2M0
  D:0080H         PUBLIC        P0
  D:0095H         PUBLIC        P2M1
  D:00A0H         PUBLIC        P2
  C:1EC5H         PUBLIC        _dis_table
  X:00EDH         PUBLIC        _seg_shape
  X:00F5H         PUBLIC        _dis_shape
  C:2152H         PUBLIC        _addPoint
  X:00F6H         PUBLIC        _dis_turn
  C:2170H         PUBLIC        disInit
  C:21A8H         PUBLIC        _setLed
  C:1161H         PUBLIC        _setSeg
  C:1E15H         PUBLIC        disRun
  D:0094H         PUBLIC        P0M0
  -------         PROC          DISINIT
  C:2170H         LINE#         23
  C:2170H         LINE#         25
  C:2173H         LINE#         26
  C:2176H         LINE#         27
  C:2178H         LINE#         28
  C:217BH         LINE#         29
  -------         ENDPROC       DISINIT
  -------         PROC          _SETLED
  D:0007H         SYMBOL        led_vector
  C:21A8H         LINE#         31
  C:21A8H         LINE#         32
  C:21ADH         LINE#         33
  -------         ENDPROC       _SETLED
  -------         PROC          _SETSEG
  D:0007H         SYMBOL        s0
  D:0005H         SYMBOL        s1
  D:0003H         SYMBOL        s2
  D:0025H         SYMBOL        s3
  D:0026H         SYMBOL        s4
  D:0027H         SYMBOL        s5
  D:0028H         SYMBOL        s6
  D:0029H         SYMBOL        s7
  C:1161H         LINE#         35
  C:1161H         LINE#         36
  C:1176H         LINE#         37
  C:118DH         LINE#         38
  C:11A4H         LINE#         39
  C:11BBH         LINE#         40
  C:11D2H         LINE#         41
  C:11E9H         LINE#         42
  C:1200H         LINE#         43
  C:1217H         LINE#         44
  -------         ENDPROC       _SETSEG
  -------         PROC          _SETNUM
  D:0022H         SYMBOL        num
BL51 BANKED LINKER/LOCATER V6.22                                                      03/28/2026  14:09:39  PAGE 28


  C:0AC6H         LINE#         46
  C:0ACEH         LINE#         47
  C:0AF2H         LINE#         48
  C:0B1EH         LINE#         49
  C:0B4AH         LINE#         50
  C:0B75H         LINE#         51
  C:0BA0H         LINE#         52
  C:0BCAH         LINE#         53
  C:0BF4H         LINE#         54
  C:0C15H         LINE#         55
  -------         ENDPROC       _SETNUM
  -------         PROC          _ADDPOINT
  D:0007H         SYMBOL        cur
  C:2152H         LINE#         57
  C:2152H         LINE#         58
  C:2160H         LINE#         59
  -------         ENDPROC       _ADDPOINT
  -------         PROC          DISRUN
  C:1E15H         LINE#         61
  C:1E15H         LINE#         64
  C:1E1CH         LINE#         65
  C:1E24H         LINE#         66
  C:1E2AH         LINE#         67
  C:1E2DH         LINE#         68
  C:1E2EH         LINE#         69
  C:1E2EH         LINE#         70
  C:1E3DH         LINE#         71
  C:1E4AH         LINE#         72
  C:1E52H         LINE#         73
  C:1E52H         LINE#         75
  -------         ENDPROC       DISRUN
  -------         ENDMOD        DISPLAY

  -------         MODULE        KEY
  C:0000H         SYMBOL        _ICE_DUMMY_
  C:20B4H         PUBLIC        _getKeyAct
  X:0101H         PUBLIC        keyPress
  -------         PROC          _GETKEYACT
  D:0007H         SYMBOL        key
  C:20B4H         LINE#         5
  C:20B4H         LINE#         6
  C:20B7H         LINE#         7
  C:20BFH         LINE#         8
  C:20BFH         LINE#         9
  C:20C2H         LINE#         10
  C:20CCH         LINE#         11
  C:20CCH         LINE#         12
  C:20CEH         LINE#         13
  -------         ENDPROC       _GETKEYACT
  -------         ENDMOD        KEY

  -------         MODULE        SYS
  C:0000H         SYMBOL        _ICE_DUMMY_
  C:1DD4H         PUBLIC        Timer0_Routine
  B:00A8H.7       PUBLIC        EA
  C:2187H         PUBLIC        interruptInit
  C:0D33H         PUBLIC        sysRun
BL51 BANKED LINKER/LOCATER V6.22                                                      03/28/2026  14:09:39  PAGE 29


  B:00B0H.2       PUBLIC        KEY1
  B:00B0H.3       PUBLIC        KEY2
  C:1545H         PUBLIC        eventParse
  C:0006H         PUBLIC        Int0_Routine
  C:0007H         PUBLIC        Int1_Routine
  X:0088H         PUBLIC        time_flag
  X:0089H         PUBLIC        eventID
  D:0089H         PUBLIC        TMOD
  C:2079H         PUBLIC        _t0Init
  D:008EH         PUBLIC        AUXR
  X:008BH         PUBLIC        _i
  X:008CH         PUBLIC        userCallbacks
  B:00A8H.1       PUBLIC        ET0
  B:0088H.5       PUBLIC        TF0
  C:212DH         PUBLIC        Timer0Init
  D:008CH         PUBLIC        TH0
  B:00A8H.0       PUBLIC        EX0
  B:0088H.0       PUBLIC        IT0
  B:00A8H.2       PUBLIC        EX1
  B:0088H.2       PUBLIC        IT1
  D:008AH         PUBLIC        TL0
  B:0088H.4       PUBLIC        TR0
  C:2058H         PUBLIC        _setCallback
  X:00AAH         PUBLIC        _speed_delta
  C:21AEH         PUBLIC        sysInit
  -------         PROC          _T0INIT
  D:0007H         SYMBOL        ct
  C:2079H         LINE#         20
  C:2079H         LINE#         21
  C:2088H         LINE#         22
  C:2090H         LINE#         23
  C:2092H         LINE#         24
  C:2094H         LINE#         25
  C:2096H         LINE#         26
  -------         ENDPROC       _T0INIT
  -------         PROC          TIMER0INIT
  C:212DH         LINE#         29
  C:212DH         LINE#         30
  C:212DH         LINE#         31
  C:2130H         LINE#         32
  C:2133H         LINE#         33
  C:2136H         LINE#         34
  C:2139H         LINE#         35
  C:213BH         LINE#         36
  C:213DH         LINE#         39
  C:213FH         LINE#         40
  C:2141H         LINE#         41
  -------         ENDPROC       TIMER0INIT
  -------         PROC          INTERRUPTINIT
  C:2187H         LINE#         43
  C:2187H         LINE#         44
  C:2189H         LINE#         45
  C:218BH         LINE#         46
  C:218DH         LINE#         47
  C:218FH         LINE#         48
  C:2191H         LINE#         49
  -------         ENDPROC       INTERRUPTINIT
BL51 BANKED LINKER/LOCATER V6.22                                                      03/28/2026  14:09:39  PAGE 30


  -------         PROC          SYSINIT
  C:21AEH         LINE#         51
  C:21AEH         LINE#         52
  C:21B1H         LINE#         53
  -------         ENDPROC       SYSINIT
  -------         PROC          _SETCALLBACK
  D:0007H         SYMBOL        id
  D:0001H         SYMBOL        user_callback
  C:2058H         LINE#         56
  C:2058H         LINE#         57
  C:2078H         LINE#         58
  -------         ENDPROC       _SETCALLBACK
  -------         PROC          EVENTPARSE
  C:1545H         LINE#         62
  C:1545H         LINE#         63
  C:154CH         LINE#         64
  C:155FH         LINE#         65
  C:1564H         LINE#         66
  C:156BH         LINE#         67
  C:156CH         LINE#         68
  C:1573H         LINE#         70
  C:1586H         LINE#         71
  C:158DH         LINE#         72
  C:158EH         LINE#         73
  C:1595H         LINE#         74
  C:15A8H         LINE#         75
  C:15ADH         LINE#         76
  C:15B4H         LINE#         77
  C:15B5H         LINE#         78
  C:15BCH         LINE#         80
  C:15CFH         LINE#         82
  C:15D6H         LINE#         83
  C:15D6H         LINE#         84
  -------         ENDPROC       EVENTPARSE
  -------         PROC          SYSRUN
  -------         DO            
  D:000CH         SYMBOL        _cnt
  X:0086H         SYMBOL        key1down
  X:0087H         SYMBOL        key2down
  -------         ENDDO         
  C:0D33H         LINE#         86
  C:0D33H         LINE#         90
  C:0D36H         LINE#         92
  C:0D41H         LINE#         96
  C:0D44H         LINE#         97
  C:0D47H         LINE#         99
  C:0D5AH         LINE#         109
  C:0D5DH         LINE#         111
  C:0D65H         LINE#         113
  C:0D6CH         LINE#         114
  C:0D73H         LINE#         116
  C:0D73H         LINE#         117
  C:0D75H         LINE#         118
  C:0D7DH         LINE#         119
  C:0D83H         LINE#         120
  C:0D83H         LINE#         121
  C:0D85H         LINE#         122
BL51 BANKED LINKER/LOCATER V6.22                                                      03/28/2026  14:09:39  PAGE 31


  C:0D8AH         LINE#         124
  C:0D8DH         LINE#         126
  C:0D95H         LINE#         128
  C:0D9CH         LINE#         129
  C:0DA3H         LINE#         130
  C:0DA3H         LINE#         131
  C:0DA5H         LINE#         132
  C:0DADH         LINE#         133
  C:0DB3H         LINE#         134
  C:0DB3H         LINE#         135
  C:0DB5H         LINE#         136
  C:0DBAH         LINE#         139
  C:0DC9H         LINE#         140
  C:0DDCH         LINE#         141
  C:0DDCH         LINE#         144
  C:0DEBH         LINE#         145
  C:0DFEH         LINE#         146
  C:0DFEH         LINE#         148
  C:0E0DH         LINE#         150
  C:0E20H         LINE#         183
  C:0E25H         LINE#         184
  C:0E25H         LINE#         185
  C:0E2DH         LINE#         186
  C:0E32H         LINE#         187
  C:0E32H         LINE#         188
  -------         ENDPROC       SYSRUN
  -------         PROC          TIMER0_ROUTINE
  C:1DD4H         LINE#         197
  C:1DF1H         LINE#         198
  C:1DF7H         LINE#         199
  C:1DFAH         LINE#         200
  -------         ENDPROC       TIMER0_ROUTINE
  -------         PROC          INT0_ROUTINE
  C:0006H         LINE#         203
  C:0006H         LINE#         205
  -------         ENDPROC       INT0_ROUTINE
  -------         PROC          INT1_ROUTINE
  C:0007H         LINE#         209
  C:0007H         LINE#         211
  -------         ENDPROC       INT1_ROUTINE
  -------         ENDMOD        SYS

  -------         MODULE        UART1
  C:0000H         SYMBOL        _ICE_DUMMY_
  B:00A8H.7       PUBLIC        EA
  C:1F66H         PUBLIC        _uart1Init
  B:00A8H.4       PUBLIC        ES
  C:1E8DH         PUBLIC        _baudrate_table
  B:0098H.0       PUBLIC        RI
  B:0098H.1       PUBLIC        TI
  X:00F7H         PUBLIC        _buf
  X:00FAH         PUBLIC        _buf_cursor
  X:00FBH         PUBLIC        _head_num
  D:0099H         PUBLIC        SBUF
  D:0098H         PUBLIC        SCON
  D:0089H         PUBLIC        TMOD
  C:18F9H         PUBLIC        UART1_Routine
BL51 BANKED LINKER/LOCATER V6.22                                                      03/28/2026  14:09:39  PAGE 32


  C:1FECH         PUBLIC        _setUart1Buf
  D:008EH         PUBLIC        AUXR
  X:00FCH         PUBLIC        _init_suf
  D:008DH         PUBLIC        TH1
  X:00FDH         PUBLIC        _buf_num
  D:008BH         PUBLIC        TL1
  B:0088H.6       PUBLIC        TR1
  C:1C16H         PUBLIC        __get_initial_value
  X:00FEH         PUBLIC        _head
  C:1CB6H         PUBLIC        check_head
  C:20CFH         PUBLIC        _uart1Send
  -------         PROC          __GET_INITIAL_VALUE
  D:0026H         SYMBOL        baudrate
  -------         DO            
  X:005BH         SYMBOL        _ui
  -------         ENDDO         
  C:1C16H         LINE#         22
  C:1C1EH         LINE#         24
  C:1C2DH         LINE#         25
  C:1C60H         LINE#         26
  C:1C68H         LINE#         27
  C:1C6AH         LINE#         28
  -------         ENDPROC       __GET_INITIAL_VALUE
  -------         PROC          _UART1INIT
  D:0022H         SYMBOL        baudrate
  C:1F66H         LINE#         30
  C:1F6EH         LINE#         31
  C:1F71H         LINE#         32
  C:1F79H         LINE#         34
  C:1F89H         LINE#         35
  C:1F8BH         LINE#         36
  C:1F8DH         LINE#         38
  C:1F8FH         LINE#         39
  C:1F92H         LINE#         42
  C:1F94H         LINE#         43
  C:1F96H         LINE#         44
  -------         ENDPROC       _UART1INIT
  -------         PROC          _UART1SEND
  D:0001H         SYMBOL        content
  D:0005H         SYMBOL        num
  C:20CFH         LINE#         47
  C:20CFH         LINE#         48
  C:20D5H         LINE#         49
  C:20DAH         LINE#         50
  C:20DDH         LINE#         51
  C:20DFH         LINE#         52
  C:20E6H         LINE#         53
  C:20E8H         LINE#         54
  -------         ENDPROC       _UART1SEND
  -------         PROC          _SETUART1BUF
  D:0001H         SYMBOL        buf
  D:0005H         SYMBOL        buf_num
  D:0026H         SYMBOL        head
  D:0029H         SYMBOL        head_num
  C:1FECH         LINE#         55
  C:1FECH         LINE#         56
  C:1FF7H         LINE#         57
BL51 BANKED LINKER/LOCATER V6.22                                                      03/28/2026  14:09:39  PAGE 33


  C:2005H         LINE#         58
  C:200AH         LINE#         59
  C:2010H         LINE#         60
  -------         ENDPROC       _SETUART1BUF
  -------         PROC          CHECK_HEAD
  -------         DO            
  X:0085H         SYMBOL        i
  -------         ENDDO         
  C:1CB6H         LINE#         62
  C:1CB6H         LINE#         65
  C:1CC9H         LINE#         66
  C:1CF6H         LINE#         67
  C:1CFEH         LINE#         69
  C:1D00H         LINE#         70
  -------         ENDPROC       CHECK_HEAD
  -------         PROC          UART1_ROUTINE
  C:18F9H         LINE#         73
  C:1910H         LINE#         74
  C:1915H         LINE#         76
  C:1918H         LINE#         78
  C:1926H         LINE#         79
  C:193BH         LINE#         80
  C:1941H         LINE#         83
  C:1946H         LINE#         84
  C:1948H         LINE#         85
  C:194EH         LINE#         86
  C:1955H         LINE#         87
  C:1955H         LINE#         95
  C:1955H         LINE#         96
  C:1955H         LINE#         99
  C:1957H         LINE#         100
  C:1957H         LINE#         101
  -------         ENDPROC       UART1_ROUTINE
  -------         ENDMOD        UART1

  -------         MODULE        AT24C02
  C:0000H         SYMBOL        _ICE_DUMMY_
  D:00B4H         PUBLIC        P4M0
  D:00CAH         PUBLIC        P5M0
  D:00B3H         PUBLIC        P4M1
  D:00C9H         PUBLIC        P5M1
  D:00C0H         PUBLIC        P4
  D:00C8H         PUBLIC        P5
  C:1D01H         PUBLIC        _rAT
  C:1FC3H         PUBLIC        _wAT
  B:00C0H.0       PUBLIC        IIC_SDA
  B:00C8H.5       PUBLIC        IIC_SCL
  C:2161H         PUBLIC        _AT_IIC_Start
  C:0016H         PUBLIC        ATInit
  C:2192H         PUBLIC        _AT_IIC_Stop
  C:2011H         SYMBOL        _delay_ms
  C:203BH         SYMBOL        _delay_us
  C:1D49H         PUBLIC        _AT_ReadByte
  C:1E53H         PUBLIC        __AT_WriteByte
  C:2035H         SYMBOL        L?0038
  C:2037H         SYMBOL        L?0039
  -------         PROC          L?0037
BL51 BANKED LINKER/LOCATER V6.22                                                      03/28/2026  14:09:39  PAGE 34


  -------         ENDPROC       L?0037
  C:2035H         SYMBOL        L?0038
  C:2037H         SYMBOL        L?0039
  -------         PROC          _DELAY_US
  D:0006H         SYMBOL        us
  -------         DO            
  X:0061H         SYMBOL        i
  -------         ENDDO         
  C:203BH         LINE#         11
  C:203BH         LINE#         13
  C:2045H         LINE#         14
  C:2057H         LINE#         16
  -------         ENDPROC       _DELAY_US
  -------         PROC          _DELAY_MS
  D:0006H         SYMBOL        ms
  -------         DO            
  X:005EH         SYMBOL        i
  X:005FH         SYMBOL        j
  -------         ENDDO         
  C:2011H         LINE#         18
  C:2011H         LINE#         20
  C:201FH         LINE#         21
  C:2034H         LINE#         22
  -------         ENDPROC       _DELAY_MS
  -------         PROC          ATINIT
  C:0016H         LINE#         25
  C:0016H         LINE#         27
  C:001CH         LINE#         28
  C:0022H         LINE#         29
  -------         ENDPROC       ATINIT
  -------         PROC          _AT_IIC_START
  C:2161H         LINE#         31
  C:2161H         LINE#         32
  C:2163H         LINE#         33
  C:2165H         LINE#         34
  C:2168H         LINE#         35
  C:216AH         LINE#         36
  C:216DH         LINE#         37
  C:216FH         LINE#         38
  -------         ENDPROC       _AT_IIC_START
  -------         PROC          _AT_IIC_STOP
  C:2192H         LINE#         40
  C:2192H         LINE#         41
  C:2194H         LINE#         42
  C:2194H         LINE#         43
  C:2197H         LINE#         44
  C:2199H         LINE#         45
  -------         ENDPROC       _AT_IIC_STOP
  -------         PROC          __AT_WRITEBYTE
  D:0003H         SYMBOL        dat
  -------         DO            
  X:005FH         SYMBOL        i
  B:0020H.0       SYMBOL        ack
  -------         ENDDO         
  C:1E53H         LINE#         48
  C:1E55H         LINE#         53
  C:1E5AH         LINE#         54
BL51 BANKED LINKER/LOCATER V6.22                                                      03/28/2026  14:09:39  PAGE 35


  C:1E62H         LINE#         55
  C:1E64H         LINE#         56
  C:1E68H         LINE#         57
  C:1E6BH         LINE#         58
  C:1E6BH         LINE#         59
  C:1E6EH         LINE#         60
  C:1E70H         LINE#         61
  C:1E7CH         LINE#         63
  C:1E7EH         LINE#         64
  C:1E81H         LINE#         65
  C:1E81H         LINE#         66
  C:1E84H         LINE#         67
  C:1E88H         LINE#         68
  C:1E8AH         LINE#         69
  C:1E8CH         LINE#         70
  -------         ENDPROC       __AT_WRITEBYTE
  -------         PROC          _AT_READBYTE
  B:0020H.0       SYMBOL        ack
  -------         DO            
  X:005FH         SYMBOL        i
  X:0060H         SYMBOL        dat
  -------         ENDDO         
  C:1D49H         LINE#         73
  C:1D49H         LINE#         75
  C:1D4EH         LINE#         76
  C:1D50H         LINE#         78
  C:1D54H         LINE#         79
  C:1D54H         LINE#         80
  C:1D57H         LINE#         81
  C:1D5EH         LINE#         82
  C:1D65H         LINE#         83
  C:1D67H         LINE#         84
  C:1D6AH         LINE#         85
  C:1D76H         LINE#         88
  C:1D79H         LINE#         89
  C:1D7BH         LINE#         90
  C:1D7DH         LINE#         91
  C:1D7DH         LINE#         92
  C:1D7FH         LINE#         93
  C:1D7FH         LINE#         94
  C:1D82H         LINE#         95
  C:1D82H         LINE#         96
  C:1D85H         LINE#         97
  C:1D87H         LINE#         98
  C:1D89H         LINE#         100
  C:1D8EH         LINE#         101
  -------         ENDPROC       _AT_READBYTE
  -------         PROC          _RAT
  D:0002H         SYMBOL        addr
  -------         DO            
  X:005DH         SYMBOL        dat
  X:005EH         SYMBOL        device_addr
  -------         ENDDO         
  C:1D01H         LINE#         103
  C:1D03H         LINE#         105
  C:1D09H         LINE#         108
  C:1D0CH         LINE#         111
BL51 BANKED LINKER/LOCATER V6.22                                                      03/28/2026  14:09:39  PAGE 36


  C:1D16H         LINE#         112
  C:1D16H         LINE#         113
  C:1D18H         LINE#         114
  C:1D18H         LINE#         117
  C:1D1FH         LINE#         118
  C:1D1FH         LINE#         119
  C:1D21H         LINE#         120
  C:1D21H         LINE#         123
  C:1D24H         LINE#         126
  C:1D30H         LINE#         127
  C:1D33H         LINE#         128
  C:1D36H         LINE#         129
  C:1D36H         LINE#         132
  C:1D40H         LINE#         135
  C:1D43H         LINE#         137
  C:1D48H         LINE#         138
  -------         ENDPROC       _RAT
  -------         PROC          _WAT
  D:0001H         SYMBOL        addr
  D:0002H         SYMBOL        val
  -------         DO            
  X:005DH         SYMBOL        device_addr
  -------         ENDDO         
  C:1FC3H         LINE#         140
  C:1FC7H         LINE#         141
  C:1FCDH         LINE#         144
  C:1FD0H         LINE#         147
  C:1FD8H         LINE#         150
  C:1FDDH         LINE#         153
  C:1FE2H         LINE#         156
  C:1FE5H         LINE#         159
  -------         ENDPROC       _WAT
  -------         ENDMOD        AT24C02

  -------         MODULE        ?C?COPY
  C:0436H         PUBLIC        ?C?COPY
  -------         ENDMOD        ?C?COPY

  -------         MODULE        ?C?CLDPTR
  C:045CH         PUBLIC        ?C?CLDPTR
  -------         ENDMOD        ?C?CLDPTR

  -------         MODULE        ?C?CLDOPTR
  C:0475H         PUBLIC        ?C?CLDOPTR
  -------         ENDMOD        ?C?CLDOPTR

  -------         MODULE        ?C?CSTPTR
  C:04A2H         PUBLIC        ?C?CSTPTR
  -------         ENDMOD        ?C?CSTPTR

  -------         MODULE        ?C?CSTOPTR
  C:04B4H         PUBLIC        ?C?CSTOPTR
  -------         ENDMOD        ?C?CSTOPTR

  -------         MODULE        ?C?UIDIV
  C:04D6H         PUBLIC        ?C?UIDIV
  -------         ENDMOD        ?C?UIDIV
BL51 BANKED LINKER/LOCATER V6.22                                                      03/28/2026  14:09:39  PAGE 37



  -------         MODULE        ?C?ISTPTR
  C:052BH         PUBLIC        ?C?ISTPTR
  -------         ENDMOD        ?C?ISTPTR

  -------         MODULE        ?C?ULDIV
  C:0586H         PUBLIC        ?C?ULDIV
  -------         ENDMOD        ?C?ULDIV

  -------         MODULE        ?C?ULCMP
  C:0618H         PUBLIC        ?C?ULCMP
  -------         ENDMOD        ?C?ULCMP

  -------         MODULE        ?C?LLDCODE
  C:0629H         PUBLIC        ?C?LLDCODE
  -------         ENDMOD        ?C?LLDCODE

  -------         MODULE        ?C?OFFXADD
  C:0639H         PUBLIC        ?C?OFFXADD
  -------         ENDMOD        ?C?OFFXADD

  -------         MODULE        ?C?ICALL
  C:0645H         PUBLIC        ?C?ICALL
  C:0649H         PUBLIC        ?C?ICALL2
  -------         ENDMOD        ?C?ICALL

*** WARNING L16: UNCALLED SEGMENT, IGNORED FOR OVERLAY PROCESS
    SEGMENT: ?PR?_DELAY_MS?MAIN

*** WARNING L16: UNCALLED SEGMENT, IGNORED FOR OVERLAY PROCESS
    SEGMENT: ?PR?_PCDVALUE?RC522

*** WARNING L16: UNCALLED SEGMENT, IGNORED FOR OVERLAY PROCESS
    SEGMENT: ?PR?_PCDBAKVALUE?RC522

*** WARNING L16: UNCALLED SEGMENT, IGNORED FOR OVERLAY PROCESS
    SEGMENT: ?PR?_ADDPOINT?DISPLAY

*** WARNING L16: UNCALLED SEGMENT, IGNORED FOR OVERLAY PROCESS
    SEGMENT: ?PR?_T0INIT?SYS

Program Size: data=43.1 xdata=258 code=8615
LINK/LOCATE RUN COMPLETE.  5 WARNING(S),  0 ERROR(S)
