BL51 BANKED LINKER/LOCATER V6.22                                                        03/30/2026  13:13:49  PAGE 1


BL51 BANKED LINKER/LOCATER V6.22, INVOKED BY:
D:\0_SOFTWARE\KEIL5\C51\BIN\BL51.EXE .\Objects\STARTUP.obj, .\Objects\main.obj, .\Objects\rc522.obj, .\Objects\adc.obj, 
>> .\Objects\display.obj, .\Objects\key.obj, .\Objects\sys.obj, .\Objects\uart1.obj, .\Objects\AT24C02.obj TO .\Objects\
>> project PRINT (.\Listings\project.m51) RAMSIZE (256)


MEMORY MODEL: SMALL


INPUT MODULES INCLUDED:
  .\Objects\STARTUP.obj (?C_STARTUP)
  .\Objects\main.obj (MAIN)
  .\Objects\rc522.obj (RC522)
  .\Objects\adc.obj (ADC)
  .\Objects\display.obj (DISPLAY)
  .\Objects\key.obj (KEY)
  .\Objects\sys.obj (SYS)
  .\Objects\uart1.obj (UART1)
  .\Objects\AT24C02.obj (AT24C02)
  D:\0_SOFTWARE\KEIL5\C51\LIB\C51S.LIB (?C_INIT)
  D:\0_SOFTWARE\KEIL5\C51\LIB\C51S.LIB (?C?COPY)
  D:\0_SOFTWARE\KEIL5\C51\LIB\C51S.LIB (?C?CLDPTR)
  D:\0_SOFTWARE\KEIL5\C51\LIB\C51S.LIB (?C?CLDOPTR)
  D:\0_SOFTWARE\KEIL5\C51\LIB\C51S.LIB (?C?CSTPTR)
  D:\0_SOFTWARE\KEIL5\C51\LIB\C51S.LIB (?C?CSTOPTR)
  D:\0_SOFTWARE\KEIL5\C51\LIB\C51S.LIB (?C?UIDIV)
  D:\0_SOFTWARE\KEIL5\C51\LIB\C51S.LIB (?C?ISTPTR)
  D:\0_SOFTWARE\KEIL5\C51\LIB\C51S.LIB (?C?ULDIV)
  D:\0_SOFTWARE\KEIL5\C51\LIB\C51S.LIB (?C?ULCMP)
  D:\0_SOFTWARE\KEIL5\C51\LIB\C51S.LIB (?C?LLDCODE)
  D:\0_SOFTWARE\KEIL5\C51\LIB\C51S.LIB (?C?OFFXADD)
  D:\0_SOFTWARE\KEIL5\C51\LIB\C51S.LIB (?C?ICALL)


LINK MAP OF MODULE:  .\Objects\project (?C_STARTUP)


            TYPE    BASE      LENGTH    RELOCATION   SEGMENT NAME
            -----------------------------------------------------

            * * * * * * *   D A T A   M E M O R Y   * * * * * * *
            REG     0000H     0008H     ABSOLUTE     "REG BANK 0"
            DATA    0008H     0004H     UNIT         ?DT?_PCDVALUE?RC522
            DATA    000CH     0002H     UNIT         ?DT?SYS
            DATA    000EH     0001H     UNIT         ?DT?_PCDBAKVALUE?RC522
                    000FH     0011H                  *** GAP ***
            BIT     0020H.0   0000H.1   UNIT         _BIT_GROUP_
                    0020H.1   0000H.7                *** GAP ***
            DATA    0021H     001AH     UNIT         _DATA_GROUP_
            IDATA   003BH     0001H     UNIT         ?STACK

            * * * * * * *  X D A T A   M E M O R Y  * * * * * * *
            XDATA   0000H     0062H     UNIT         ?XD?MAIN
            XDATA   0062H     002CH     UNIT         _XDATA_GROUP_
            XDATA   008EH     0026H     UNIT         ?XD?SYS
            XDATA   00B4H     0016H     UNIT         ?XD?_PCDVALUE?RC522
            XDATA   00CAH     0016H     UNIT         ?XD?ADC
            XDATA   00E0H     0015H     UNIT         ?XD?_PCDBAKVALUE?RC522
BL51 BANKED LINKER/LOCATER V6.22                                                      03/30/2026  13:13:49  PAGE 2


            XDATA   00F5H     000AH     UNIT         ?XD?DISPLAY
            XDATA   00FFH     000AH     UNIT         ?XD?UART1
            XDATA   0109H     0001H     UNIT         ?XD?KEY

            * * * * * * *   C O D E   M E M O R Y   * * * * * * *
            CODE    0000H     0003H     ABSOLUTE     
            CODE    0003H     0003H     ABSOLUTE     
            CODE    0006H     0001H     UNIT         ?PR?INT0_ROUTINE?SYS
            CODE    0007H     0001H     UNIT         ?PR?INT1_ROUTINE?SYS
                    0008H     0003H                  *** GAP ***
            CODE    000BH     0003H     ABSOLUTE     
                    000EH     0005H                  *** GAP ***
            CODE    0013H     0003H     ABSOLUTE     
            CODE    0016H     000DH     UNIT         ?PR?ATINIT?AT24C02
            CODE    0023H     0003H     ABSOLUTE     
                    0026H     0005H                  *** GAP ***
            CODE    002BH     0003H     ABSOLUTE     
            CODE    002EH     02E5H     UNIT         ?C?LIB_CODE
            CODE    0313H     0293H     UNIT         ?PR?MYUARTCALLBACK?MAIN
            CODE    05A6H     0286H     UNIT         ?PR?ADC_ROUTINE?ADC
            CODE    082CH     01F5H     UNIT         ?PR?_PCDCOMMF522?RC522
            CODE    0A21H     0150H     UNIT         ?PR?_SETNUM?DISPLAY
            CODE    0B71H     011DH     UNIT         ?PR?_PCDBAKVALUE?RC522
            CODE    0C8EH     0100H     UNIT         ?PR?SYSRUN?SYS
            CODE    0D8EH     00F6H     UNIT         ?PR?_PCDWRITE?RC522
            CODE    0E84H     00C5H     UNIT         ?PR?_PCDVALUE?RC522
            CODE    0F49H     00BBH     UNIT         ?PR?_PCDANTICOLL?RC522
            CODE    1004H     00B9H     UNIT         ?PR?MY100MSCALLBACK?MAIN
            CODE    10BDH     00B8H     UNIT         ?PR?_PCDSELECT?RC522
            CODE    1175H     00B7H     UNIT         ?PR?_SETSEG?DISPLAY
            CODE    122CH     00B3H     UNIT         ?PR?MYADCKEYCALLBACK?MAIN
            CODE    12DFH     00A8H     UNIT         ?PR?_PCDAUTHSTATE?RC522
            CODE    1387H     00A7H     UNIT         ?PR?_READRFID?MAIN
            CODE    142EH     00A7H     UNIT         ?PR?_WRITERFID?MAIN
            CODE    14D5H     00A3H     UNIT         ?PR?_CALULATECRC?RC522
            CODE    1578H     009AH     UNIT         ?C_INITSEG
            CODE    1612H     0097H     UNIT         ?PR?MAIN?MAIN
            CODE    16A9H     0092H     UNIT         ?PR?EVENTPARSE?SYS
            CODE    173BH     008CH     UNIT         ?C_C51STARTUP
            CODE    17C7H     0089H     UNIT         ?PR?_PCDREAD?RC522
            CODE    1850H     007AH     UNIT         ?PR?MYKEYCALLBACK?MAIN
            CODE    18CAH     0078H     UNIT         ?PR?_SET_CHECKSUM?MAIN
            CODE    1942H     0075H     UNIT         ?PR?_READ_UID?MAIN
            CODE    19B7H     0073H     UNIT         ?PR?UART1_ROUTINE?UART1
            CODE    1A2AH     006FH     UNIT         ?PR?_PCDREQUEST?RC522
            CODE    1A99H     0068H     UNIT         ?PR?_READRAWRC?RC522
            CODE    1B01H     0061H     UNIT         ?PR?_WRITERAWRC?RC522
            CODE    1B62H     0057H     UNIT         ?PR?COMMIT_SENSOR_DATA?MAIN
            CODE    1BB9H     0057H     UNIT         ?PR?_GETADCKEYACT?ADC
            CODE    1C10H     0055H     UNIT         ?PR?_SIMPLE_READ_UID?MAIN
            CODE    1C65H     0055H     UNIT         ?PR?__GET_INITIAL_VALUE?UART1
            CODE    1CBAH     004BH     UNIT         ?PR?CHECK_HEAD?UART1
            CODE    1D05H     0048H     UNIT         ?PR?_RAT?AT24C02
            CODE    1D4DH     0046H     UNIT         ?PR?_AT_READBYTE?AT24C02
            CODE    1D93H     0045H     UNIT         ?PR?PCDHALT?RC522
            CODE    1DD8H     0041H     UNIT         ?PR?TIMER0_ROUTINE?SYS
            CODE    1E19H     003EH     UNIT         ?PR?DISRUN?DISPLAY
BL51 BANKED LINKER/LOCATER V6.22                                                      03/30/2026  13:13:49  PAGE 3


            CODE    1E57H     003AH     UNIT         ?PR?__AT_WRITEBYTE?AT24C02
            CODE    1E91H     0038H     UNIT         ?CO?UART1
            CODE    1EC9H     0037H     UNIT         ?CO?DISPLAY
            CODE    1F00H     0035H     UNIT         ?PR?MY1SCALLBACK?MAIN
            CODE    1F35H     0035H     UNIT         ?PR?PCDRESET?RC522
            CODE    1F6AH     0031H     UNIT         ?PR?_UART1INIT?UART1
            CODE    1F9BH     002CH     UNIT         ?PR?RC522INIT?RC522
            CODE    1FC7H     002BH     UNIT         ?PR?_WRITE_DEVICE_SEQ?MAIN
            CODE    1FF2H     0029H     UNIT         ?PR?_WAT?AT24C02
            CODE    201BH     0025H     UNIT         ?PR?_SETUART1BUF?UART1
            CODE    2040H     0024H     UNIT         ?PR?_DELAY_MS?AT24C02
            CODE    2064H     0023H     UNIT         ?PR?_DELAY_US?AT24C02
            CODE    2087H     0022H     UNIT         ?PR?READ_DEVICE_SEQ?MAIN
            CODE    20A9H     0021H     UNIT         ?PR?_SETCALLBACK?SYS
            CODE    20CAH     001EH     UNIT         ?PR?_T0INIT?SYS
            CODE    20E8H     001DH     UNIT         ?PR?_CLEARBITMASK?RC522
            CODE    2105H     001BH     UNIT         ?PR?_GETKEYACT?KEY
            CODE    2120H     001AH     UNIT         ?PR?_UART1SEND?UART1
            CODE    213AH     0016H     UNIT         ?CO?MAIN
            CODE    2150H     0016H     UNIT         ?PR?_SETBITMASK?RC522
            CODE    2166H     0016H     UNIT         ?PR?PCDANTENNAON?RC522
            CODE    217CH     0015H     UNIT         ?PR?TIMER0INIT?SYS
            CODE    2191H     000FH     UNIT         ?PR?_ADDPOINT?DISPLAY
            CODE    21A0H     000FH     UNIT         ?PR?_AT_IIC_START?AT24C02
            CODE    21AFH     000CH     UNIT         ?PR?DISINIT?DISPLAY
            CODE    21BBH     000BH     UNIT         ?PR?ADCINIT?ADC
            CODE    21C6H     000BH     UNIT         ?PR?INTERRUPTINIT?SYS
            CODE    21D1H     0008H     UNIT         ?PR?_AT_IIC_STOP?AT24C02
            CODE    21D9H     0007H     UNIT         ?PR?PCDANTENNAOFF?RC522
            CODE    21E0H     0007H     UNIT         ?PR?GETADC?ADC
            CODE    21E7H     0006H     UNIT         ?PR?_SETLED?DISPLAY
            CODE    21EDH     0006H     UNIT         ?PR?SYSINIT?SYS



OVERLAY MAP OF MODULE:   .\Objects\project (?C_STARTUP)


SEGMENT                                  BIT_GROUP          DATA_GROUP          XDATA_GROUP
  +--> CALLED SEGMENT                 START    LENGTH     START    LENGTH     START    LENGTH
---------------------------------------------------------------------------------------------
?C_C51STARTUP                         -----    -----      -----    -----      -----    -----
  +--> ?PR?MAIN?MAIN
  +--> ?C_INITSEG

?PR?MAIN?MAIN                         -----    -----      -----    -----      -----    -----
  +--> ?PR?SYSINIT?SYS
  +--> ?PR?DISINIT?DISPLAY
  +--> ?PR?ATINIT?AT24C02
  +--> ?PR?_UART1INIT?UART1
  +--> ?PR?_SETUART1BUF?UART1
  +--> ?PR?ADCINIT?ADC
  +--> ?PR?MY100MSCALLBACK?MAIN
  +--> ?PR?_SETCALLBACK?SYS
  +--> ?PR?MYKEYCALLBACK?MAIN
  +--> ?PR?MYADCKEYCALLBACK?MAIN
  +--> ?PR?MYUARTCALLBACK?MAIN
BL51 BANKED LINKER/LOCATER V6.22                                                      03/30/2026  13:13:49  PAGE 4


  +--> ?PR?MY1SCALLBACK?MAIN
  +--> ?PR?READ_DEVICE_SEQ?MAIN
  +--> ?PR?_SETLED?DISPLAY
  +--> ?PR?_SETSEG?DISPLAY
  +--> ?PR?RC522INIT?RC522
  +--> ?PR?SYSRUN?SYS

?PR?SYSINIT?SYS                       -----    -----      -----    -----      -----    -----
  +--> ?PR?INTERRUPTINIT?SYS
  +--> ?PR?TIMER0INIT?SYS

?PR?_UART1INIT?UART1                  -----    -----      0021H    0004H      -----    -----
  +--> ?PR?__GET_INITIAL_VALUE?UART1

?PR?__GET_INITIAL_VALUE?UART1         -----    -----      0025H    0004H      0062H    0001H
  +--> ?CO?UART1

?PR?_SETUART1BUF?UART1                -----    -----      0021H    0008H      -----    -----

?PR?MY100MSCALLBACK?MAIN              -----    -----      -----    -----      -----    -----
  +--> ?PR?_SETLED?DISPLAY
  +--> ?PR?_SETSEG?DISPLAY
  +--> ?PR?_SETNUM?DISPLAY

?PR?_SETSEG?DISPLAY                   -----    -----      0021H    0008H      -----    -----
  +--> ?CO?DISPLAY

?PR?_SETNUM?DISPLAY                   -----    -----      0021H    0004H      -----    -----
  +--> ?CO?DISPLAY

?PR?MYKEYCALLBACK?MAIN                -----    -----      -----    -----      0062H    0001H
  +--> ?PR?_GETKEYACT?KEY
  +--> ?PR?_SETLED?DISPLAY
  +--> ?PR?_SETNUM?DISPLAY
  +--> ?PR?_READ_UID?MAIN
  +--> ?PR?_UART1SEND?UART1

?PR?_READ_UID?MAIN                    -----    -----      0021H    0003H      0064H    0002H
  +--> ?PR?_PCDREQUEST?RC522
  +--> ?PR?_PCDANTICOLL?RC522
  +--> ?PR?_PCDSELECT?RC522
  +--> ?PR?PCDHALT?RC522

?PR?_PCDREQUEST?RC522                 -----    -----      0028H    0004H      006BH    0015H
  +--> ?PR?_CLEARBITMASK?RC522
  +--> ?PR?_WRITERAWRC?RC522
  +--> ?PR?_SETBITMASK?RC522
  +--> ?PR?_PCDCOMMF522?RC522

?PR?_CLEARBITMASK?RC522               -----    -----      -----    -----      0089H    0001H
  +--> ?PR?_READRAWRC?RC522
  +--> ?PR?_WRITERAWRC?RC522

?PR?_READRAWRC?RC522                  -----    -----      -----    -----      008AH    0003H

?PR?_WRITERAWRC?RC522                 -----    -----      -----    -----      008AH    0002H

BL51 BANKED LINKER/LOCATER V6.22                                                      03/30/2026  13:13:49  PAGE 5


?PR?_SETBITMASK?RC522                 -----    -----      -----    -----      0089H    0001H
  +--> ?PR?_READRAWRC?RC522
  +--> ?PR?_WRITERAWRC?RC522

?PR?_PCDCOMMF522?RC522                -----    -----      0030H    000BH      0082H    0007H
  +--> ?PR?_WRITERAWRC?RC522
  +--> ?PR?_CLEARBITMASK?RC522
  +--> ?PR?_SETBITMASK?RC522
  +--> ?PR?_READRAWRC?RC522

?PR?_PCDANTICOLL?RC522                -----    -----      0028H    0003H      006BH    0017H
  +--> ?PR?_CLEARBITMASK?RC522
  +--> ?PR?_WRITERAWRC?RC522
  +--> ?PR?_PCDCOMMF522?RC522
  +--> ?PR?_SETBITMASK?RC522

?PR?_PCDSELECT?RC522                  -----    -----      0028H    0003H      006BH    0016H
  +--> ?PR?_CALULATECRC?RC522
  +--> ?PR?_CLEARBITMASK?RC522
  +--> ?PR?_PCDCOMMF522?RC522

?PR?_CALULATECRC?RC522                -----    -----      002BH    0007H      0081H    0002H
  +--> ?PR?_CLEARBITMASK?RC522
  +--> ?PR?_WRITERAWRC?RC522
  +--> ?PR?_SETBITMASK?RC522
  +--> ?PR?_READRAWRC?RC522

?PR?PCDHALT?RC522                     -----    -----      -----    -----      006BH    0015H
  +--> ?PR?_CALULATECRC?RC522
  +--> ?PR?_PCDCOMMF522?RC522

?PR?MYADCKEYCALLBACK?MAIN             -----    -----      -----    -----      0062H    0007H
  +--> ?PR?_GETADCKEYACT?ADC
  +--> ?PR?_READRFID?MAIN
  +--> ?PR?_UART1SEND?UART1
  +--> ?CO?MAIN
  +--> ?PR?_WRITE_DEVICE_SEQ?MAIN
  +--> ?PR?READ_DEVICE_SEQ?MAIN

?PR?_READRFID?MAIN                    -----    -----      0021H    0007H      0069H    0002H
  +--> ?PR?_PCDREQUEST?RC522
  +--> ?PR?_PCDANTICOLL?RC522
  +--> ?PR?_PCDSELECT?RC522
  +--> ?PR?_PCDAUTHSTATE?RC522
  +--> ?PR?_PCDREAD?RC522
  +--> ?PR?PCDHALT?RC522

?PR?_PCDAUTHSTATE?RC522               -----    -----      0028H    0008H      006BH    0016H
  +--> ?PR?_PCDCOMMF522?RC522
  +--> ?PR?_READRAWRC?RC522

?PR?_PCDREAD?RC522                    -----    -----      0028H    0003H      006BH    0016H
  +--> ?PR?_CALULATECRC?RC522
  +--> ?PR?_PCDCOMMF522?RC522

?PR?_WRITE_DEVICE_SEQ?MAIN            -----    -----      0021H    0004H      -----    -----
  +--> ?PR?_WAT?AT24C02
BL51 BANKED LINKER/LOCATER V6.22                                                      03/30/2026  13:13:49  PAGE 6



?PR?_WAT?AT24C02                      -----    -----      -----    -----      0069H    0001H
  +--> ?PR?_AT_IIC_START?AT24C02
  +--> ?PR?__AT_WRITEBYTE?AT24C02
  +--> ?PR?_AT_IIC_STOP?AT24C02
  +--> ?PR?_DELAY_MS?AT24C02

?PR?_AT_IIC_START?AT24C02             -----    -----      -----    -----      -----    -----
  +--> ?PR?_DELAY_US?AT24C02

?PR?_DELAY_US?AT24C02                 -----    -----      -----    -----      006DH    0001H

?PR?__AT_WRITEBYTE?AT24C02            0020H.0  0000H.1    -----    -----      006BH    0001H
  +--> ?PR?_DELAY_US?AT24C02

?PR?_AT_IIC_STOP?AT24C02              -----    -----      -----    -----      -----    -----
  +--> ?PR?_DELAY_US?AT24C02

?PR?_DELAY_MS?AT24C02                 -----    -----      -----    -----      006AH    0002H

?PR?READ_DEVICE_SEQ?MAIN              -----    -----      0021H    0001H      -----    -----
  +--> ?PR?_RAT?AT24C02

?PR?_RAT?AT24C02                      -----    -----      -----    -----      0069H    0002H
  +--> ?PR?_AT_IIC_START?AT24C02
  +--> ?PR?__AT_WRITEBYTE?AT24C02
  +--> ?PR?_AT_IIC_STOP?AT24C02
  +--> ?PR?_AT_READBYTE?AT24C02

?PR?_AT_READBYTE?AT24C02              0020H.0  0000H.1    -----    -----      006BH    0002H
  +--> ?PR?_DELAY_US?AT24C02

?PR?MYUARTCALLBACK?MAIN               -----    -----      -----    -----      0062H    0002H
  +--> ?PR?_SET_CHECKSUM?MAIN
  +--> ?PR?_READ_UID?MAIN
  +--> ?PR?_READRFID?MAIN
  +--> ?PR?_WRITERFID?MAIN
  +--> ?PR?COMMIT_SENSOR_DATA?MAIN
  +--> ?PR?_WRITE_DEVICE_SEQ?MAIN
  +--> ?PR?READ_DEVICE_SEQ?MAIN
  +--> ?PR?_UART1SEND?UART1

?PR?_SET_CHECKSUM?MAIN                -----    -----      0021H    0003H      0064H    0002H

?PR?_WRITERFID?MAIN                   -----    -----      0021H    0004H      0064H    0006H
  +--> ?PR?_PCDREQUEST?RC522
  +--> ?PR?_PCDANTICOLL?RC522
  +--> ?PR?_PCDSELECT?RC522
  +--> ?PR?_PCDAUTHSTATE?RC522
  +--> ?PR?_PCDWRITE?RC522
  +--> ?PR?PCDHALT?RC522

?PR?_PCDWRITE?RC522                   -----    -----      0025H    0003H      006AH    0016H
  +--> ?PR?_CALULATECRC?RC522
  +--> ?PR?_PCDCOMMF522?RC522

?PR?COMMIT_SENSOR_DATA?MAIN           -----    -----      -----    -----      -----    -----
BL51 BANKED LINKER/LOCATER V6.22                                                      03/30/2026  13:13:49  PAGE 7


  +--> ?PR?GETADC?ADC
  +--> ?PR?_SET_CHECKSUM?MAIN
  +--> ?PR?_UART1SEND?UART1

?PR?MY1SCALLBACK?MAIN                 -----    -----      -----    -----      -----    -----
  +--> ?PR?_SIMPLE_READ_UID?MAIN
  +--> ?PR?COMMIT_SENSOR_DATA?MAIN

?PR?_SIMPLE_READ_UID?MAIN             -----    -----      0021H    0003H      0062H    0002H
  +--> ?PR?_PCDREQUEST?RC522
  +--> ?PR?_PCDANTICOLL?RC522

?PR?RC522INIT?RC522                   -----    -----      -----    -----      -----    -----
  +--> ?PR?PCDRESET?RC522
  +--> ?PR?PCDANTENNAOFF?RC522
  +--> ?PR?PCDANTENNAON?RC522

?PR?PCDRESET?RC522                    -----    -----      -----    -----      -----    -----
  +--> ?PR?_WRITERAWRC?RC522

?PR?PCDANTENNAOFF?RC522               -----    -----      -----    -----      -----    -----
  +--> ?PR?_CLEARBITMASK?RC522

?PR?PCDANTENNAON?RC522                -----    -----      -----    -----      0062H    0001H
  +--> ?PR?_READRAWRC?RC522
  +--> ?PR?_SETBITMASK?RC522

?PR?SYSRUN?SYS                        -----    -----      -----    -----      -----    -----
  +--> ?PR?EVENTPARSE?SYS

*** NEW ROOT ***************************************************

?PR?TIMER0_ROUTINE?SYS                -----    -----      -----    -----      -----    -----
  +--> ?PR?DISRUN?DISPLAY

*** NEW ROOT ***************************************************

?PR?UART1_ROUTINE?UART1               -----    -----      -----    -----      -----    -----
  +--> ?PR?CHECK_HEAD?UART1

?PR?CHECK_HEAD?UART1                  -----    -----      -----    -----      008DH    0001H



SYMBOL TABLE OF MODULE:  .\Objects\project (?C_STARTUP)

  VALUE           TYPE          NAME
  ----------------------------------

  -------         MODULE        ?C_STARTUP
  C:173BH         SEGMENT       ?C_C51STARTUP
  I:003BH         SEGMENT       ?STACK
  C:0000H         PUBLIC        ?C_STARTUP
  D:00E0H         SYMBOL        ACC
  D:00F0H         SYMBOL        B
  D:0083H         SYMBOL        DPH
  D:0082H         SYMBOL        DPL
BL51 BANKED LINKER/LOCATER V6.22                                                      03/30/2026  13:13:49  PAGE 8


  N:0000H         SYMBOL        IBPSTACK
  N:0100H         SYMBOL        IBPSTACKTOP
  N:0080H         SYMBOL        IDATALEN
  C:173EH         SYMBOL        IDATALOOP
  N:0000H         SYMBOL        PBPSTACK
  N:0100H         SYMBOL        PBPSTACKTOP
  N:0000H         SYMBOL        PDATALEN
  N:0000H         SYMBOL        PDATASTART
  N:0000H         SYMBOL        PPAGE
  N:0000H         SYMBOL        PPAGEENABLE
  D:00A0H         SYMBOL        PPAGE_SFR
  D:0081H         SYMBOL        SP
  C:173BH         SYMBOL        STARTUP1
  N:0000H         SYMBOL        XBPSTACK
  N:0000H         SYMBOL        XBPSTACKTOP
  N:0000H         SYMBOL        XDATALEN
  N:0000H         SYMBOL        XDATASTART
  C:0000H         LINE#         126
  C:173BH         LINE#         133
  C:173DH         LINE#         134
  C:173EH         LINE#         135
  C:173FH         LINE#         136
  C:1741H         LINE#         185
  C:1744H         LINE#         196
  -------         ENDMOD        ?C_STARTUP

  -------         MODULE        MAIN
  C:0000H         SYMBOL        _ICE_DUMMY_
  C:1F00H         PUBLIC        my1SCallback
  D:0090H         PUBLIC        P1
  D:00C0H         PUBLIC        P4
  C:1904H         PUBLIC        _set_checksum
  X:0000H         PUBLIC        receive_buf
  C:1B62H         PUBLIC        commit_sensor_data
  X:0018H         PUBLIC        counter_1s
  C:0313H         PUBLIC        myUartCallback
  X:0019H         PUBLIC        card_data
  X:0029H         PUBLIC        cur_device_flag
  C:2087H         PUBLIC        read_device_seq
  X:002AH         PUBLIC        device_seq
  C:1850H         PUBLIC        myKeyCallback
  X:0030H         PUBLIC        adc_data
  C:1612H         PUBLIC        main
  X:003CH         PUBLIC        mode
  X:003DH         PUBLIC        status
  C:1FC7H         PUBLIC        _write_device_seq
  X:003EH         PUBLIC        led_vector
  C:1C10H         PUBLIC        _simple_read_uid
  C:213AH         PUBLIC        test_data
  C:1948H         PUBLIC        _read_uid
  C:214AH         SYMBOL        _?ix1000
  X:003FH         PUBLIC        uid
  C:1387H         PUBLIC        _readRFID
  X:0043H         PUBLIC        card_key
  X:0049H         PUBLIC        send_buf
  C:142EH         PUBLIC        _writeRFID
  X:0061H         PUBLIC        is_stream_led
BL51 BANKED LINKER/LOCATER V6.22                                                      03/30/2026  13:13:49  PAGE 9


  C:1004H         PUBLIC        my100msCallback
  C:122CH         PUBLIC        myADCKeyCallback
  -------         PROC          MAIN
  C:1612H         LINE#         45
  C:1612H         LINE#         48
  C:1615H         LINE#         49
  C:1618H         LINE#         50
  C:161BH         LINE#         51
  C:1626H         LINE#         53
  C:163DH         LINE#         57
  C:1640H         LINE#         59
  C:164BH         LINE#         60
  C:1656H         LINE#         61
  C:1661H         LINE#         62
  C:166CH         LINE#         63
  C:1677H         LINE#         64
  C:167DH         LINE#         65
  C:1681H         LINE#         67
  C:1684H         LINE#         69
  C:1689H         LINE#         70
  C:16A1H         LINE#         72
  C:16A4H         LINE#         75
  C:16A4H         LINE#         78
  C:16A7H         LINE#         79
  -------         ENDPROC       MAIN
  -------         PROC          _READRFID
  D:0021H         SYMBOL        _addr
  D:0022H         SYMBOL        _uid
  D:0025H         SYMBOL        _buf
  -------         DO            
  X:0069H         SYMBOL        tmp
  X:006AH         SYMBOL        try_cnt
  -------         ENDDO         
  C:1387H         LINE#         84
  C:138FH         LINE#         85
  C:1398H         LINE#         86
  C:1398H         LINE#         87
  C:13ADH         LINE#         89
  C:13C0H         LINE#         91
  C:13D3H         LINE#         93
  C:13F3H         LINE#         97
  C:1408H         LINE#         99
  C:1411H         LINE#         100
  C:1411H         LINE#         101
  C:141DH         LINE#         102
  C:1422H         LINE#         103
  C:1422H         LINE#         104
  C:1425H         LINE#         107
  C:1428H         LINE#         108
  C:142DH         LINE#         109
  -------         ENDPROC       _READRFID
  -------         PROC          _SIMPLE_READ_UID
  D:0021H         SYMBOL        _id
  -------         DO            
  X:0062H         SYMBOL        tmp
  X:0063H         SYMBOL        try_cnt
  -------         ENDDO         
BL51 BANKED LINKER/LOCATER V6.22                                                      03/30/2026  13:13:49  PAGE 10


  C:1C10H         LINE#         112
  C:1C16H         LINE#         113
  C:1C1FH         LINE#         115
  C:1C1FH         LINE#         116
  C:1C34H         LINE#         117
  C:1C47H         LINE#         119
  C:1C51H         LINE#         120
  C:1C51H         LINE#         121
  C:1C5DH         LINE#         122
  C:1C62H         LINE#         123
  C:1C62H         LINE#         124
  C:1C64H         LINE#         125
  C:1C64H         LINE#         126
  -------         ENDPROC       _SIMPLE_READ_UID
  -------         PROC          _WRITERFID
  D:0021H         SYMBOL        _addr
  D:0022H         SYMBOL        _data
  -------         DO            
  X:0064H         SYMBOL        tmp
  X:0065H         SYMBOL        try_cnt
  X:0066H         SYMBOL        _uid
  -------         ENDDO         
  C:142EH         LINE#         130
  C:1436H         LINE#         131
  C:143FH         LINE#         133
  C:143FH         LINE#         134
  C:1454H         LINE#         136
  C:1467H         LINE#         138
  C:147AH         LINE#         140
  C:149AH         LINE#         142
  C:14AFH         LINE#         146
  C:14B8H         LINE#         147
  C:14B8H         LINE#         148
  C:14C4H         LINE#         149
  C:14C9H         LINE#         150
  C:14C9H         LINE#         151
  C:14CCH         LINE#         152
  C:14CFH         LINE#         153
  C:14D4H         LINE#         154
  -------         ENDPROC       _WRITERFID
  -------         PROC          L?0121
  -------         ENDPROC       L?0121
  -------         PROC          _READ_UID
  D:0021H         SYMBOL        _id
  -------         DO            
  X:0064H         SYMBOL        tmp
  X:0065H         SYMBOL        try_cnt
  -------         ENDDO         
  C:1948H         LINE#         158
  C:194EH         LINE#         159
  C:1957H         LINE#         161
  C:1957H         LINE#         162
  C:196CH         LINE#         164
  C:197FH         LINE#         167
  C:1992H         LINE#         169
  C:199BH         LINE#         170
  C:199BH         LINE#         171
BL51 BANKED LINKER/LOCATER V6.22                                                      03/30/2026  13:13:49  PAGE 11


  C:19A7H         LINE#         172
  C:19ACH         LINE#         173
  C:19ACH         LINE#         174
  C:19AEH         LINE#         175
  C:19B1H         LINE#         176
  C:19B6H         LINE#         177
  -------         ENDPROC       _READ_UID
  -------         PROC          READ_DEVICE_SEQ
  -------         DO            
  D:0021H         SYMBOL        i
  -------         ENDDO         
  C:2087H         LINE#         179
  C:2087H         LINE#         181
  C:208AH         LINE#         182
  C:209FH         LINE#         183
  C:20A8H         LINE#         184
  -------         ENDPROC       READ_DEVICE_SEQ
  -------         PROC          _WRITE_DEVICE_SEQ
  D:0021H         SYMBOL        tmp
  -------         DO            
  D:0024H         SYMBOL        i
  -------         ENDDO         
  C:1FC7H         LINE#         186
  C:1FCDH         LINE#         188
  C:1FD0H         LINE#         189
  C:1FE8H         LINE#         190
  C:1FF1H         LINE#         191
  -------         ENDPROC       _WRITE_DEVICE_SEQ
  C:18FBH         SYMBOL        L?0120
  -------         PROC          L?0119
  -------         ENDPROC       L?0119
  C:18FBH         SYMBOL        L?0120
  -------         PROC          _SET_CHECKSUM
  D:0021H         SYMBOL        buf
  D:0005H         SYMBOL        num
  -------         DO            
  X:0064H         SYMBOL        i
  X:0065H         SYMBOL        tmp
  -------         ENDDO         
  C:1904H         LINE#         194
  C:190AH         LINE#         196
  C:190FH         LINE#         197
  C:191CH         LINE#         198
  C:1934H         LINE#         199
  C:193CH         LINE#         200
  C:1941H         LINE#         201
  -------         ENDPROC       _SET_CHECKSUM
  -------         PROC          COMMIT_SENSOR_DATA
  C:1B62H         LINE#         203
  C:1B62H         LINE#         204
  C:1B72H         LINE#         206
  C:1B78H         LINE#         207
  C:1B7CH         LINE#         208
  C:1B89H         LINE#         209
  C:1B8CH         LINE#         210
  C:1B99H         LINE#         211
  C:1B9CH         LINE#         212
BL51 BANKED LINKER/LOCATER V6.22                                                      03/30/2026  13:13:49  PAGE 12


  C:1BA5H         LINE#         213
  C:1BA7H         LINE#         214
  C:1BAFH         LINE#         215
  -------         ENDPROC       COMMIT_SENSOR_DATA
  -------         PROC          MY1SCALLBACK
  C:1F00H         LINE#         219
  C:1F00H         LINE#         220
  C:1F0BH         LINE#         222
  C:1F12H         LINE#         225
  C:1F1EH         LINE#         226
  C:1F24H         LINE#         227
  C:1F26H         LINE#         228
  C:1F2BH         LINE#         230
  C:1F31H         LINE#         231
  C:1F34H         LINE#         232
  C:1F34H         LINE#         233
  C:1F34H         LINE#         234
  -------         ENDPROC       MY1SCALLBACK
  -------         PROC          MY100MSCALLBACK
  C:1004H         LINE#         236
  C:1004H         LINE#         237
  C:100AH         LINE#         238
  C:1010H         LINE#         239
  C:1015H         LINE#         240
  C:1018H         LINE#         241
  C:101AH         LINE#         242
  C:101AH         LINE#         243
  C:101FH         LINE#         244
  C:104EH         LINE#         245
  C:104EH         LINE#         246
  C:104EH         LINE#         247
  C:1056H         LINE#         248
  C:105CH         LINE#         249
  C:1064H         LINE#         250
  C:109AH         LINE#         251
  C:10ABH         LINE#         252
  C:10ACH         LINE#         253
  C:10ACH         LINE#         254
  C:10B1H         LINE#         255
  C:10BCH         LINE#         256
  C:10BCH         LINE#         257
  C:10BCH         LINE#         258
  -------         ENDPROC       MY100MSCALLBACK
  -------         PROC          MYUARTCALLBACK
  -------         DO            
  X:0062H         SYMBOL        command
  X:0063H         SYMBOL        write_addr
  -------         ENDDO         
  C:0313H         LINE#         260
  C:0313H         LINE#         262
  C:0319H         LINE#         263
  C:031CH         LINE#         273
  C:0331H         LINE#         275
  C:0339H         LINE#         276
  C:033BH         LINE#         281
  C:0346H         LINE#         282
  C:0349H         LINE#         283
BL51 BANKED LINKER/LOCATER V6.22                                                      03/30/2026  13:13:49  PAGE 13


  C:034DH         LINE#         284
  C:0351H         LINE#         285
  C:035FH         LINE#         286
  C:0362H         LINE#         288
  C:0362H         LINE#         291
  C:0365H         LINE#         292
  C:0368H         LINE#         293
  C:0370H         LINE#         294
  C:0378H         LINE#         295
  C:0380H         LINE#         296
  C:0388H         LINE#         297
  C:0396H         LINE#         299
  C:0396H         LINE#         300
  C:0399H         LINE#         301
  C:03A4H         LINE#         305
  C:03AAH         LINE#         306
  C:03AEH         LINE#         307
  C:03B7H         LINE#         309
  C:03CEH         LINE#         310
  C:03D4H         LINE#         311
  C:03D8H         LINE#         312
  C:03DCH         LINE#         313
  C:03E9H         LINE#         314
  C:03ECH         LINE#         316
  C:03ECH         LINE#         318
  C:03F4H         LINE#         319
  C:03FCH         LINE#         320
  C:0404H         LINE#         321
  C:040CH         LINE#         322
  C:0414H         LINE#         323
  C:041CH         LINE#         324
  C:0424H         LINE#         325
  C:042CH         LINE#         326
  C:0434H         LINE#         327
  C:043CH         LINE#         328
  C:0444H         LINE#         329
  C:044CH         LINE#         330
  C:0454H         LINE#         331
  C:045CH         LINE#         332
  C:0464H         LINE#         333
  C:046CH         LINE#         334
  C:047AH         LINE#         335
  C:047AH         LINE#         336
  C:047DH         LINE#         337
  C:0488H         LINE#         342
  C:049EH         LINE#         344
  C:04A1H         LINE#         345
  C:04A5H         LINE#         346
  C:04A9H         LINE#         347
  C:04B7H         LINE#         348
  C:04BAH         LINE#         350
  C:04BAH         LINE#         352
  C:04BDH         LINE#         353
  C:04C1H         LINE#         354
  C:04C4H         LINE#         355
  C:04CCH         LINE#         356
  C:04D4H         LINE#         357
BL51 BANKED LINKER/LOCATER V6.22                                                      03/30/2026  13:13:49  PAGE 14


  C:04DCH         LINE#         358
  C:04E4H         LINE#         359
  C:04ECH         LINE#         360
  C:04F4H         LINE#         361
  C:04FCH         LINE#         362
  C:0504H         LINE#         363
  C:050CH         LINE#         364
  C:0514H         LINE#         365
  C:051CH         LINE#         366
  C:0524H         LINE#         367
  C:052CH         LINE#         368
  C:0534H         LINE#         369
  C:053CH         LINE#         370
  C:0544H         LINE#         371
  C:0552H         LINE#         372
  C:0552H         LINE#         373
  C:0555H         LINE#         374
  C:055CH         LINE#         378
  C:055FH         LINE#         379
  C:055FH         LINE#         380
  C:0567H         LINE#         389
  C:0570H         LINE#         397
  C:0573H         LINE#         399
  C:0579H         LINE#         400
  C:057BH         LINE#         401
  C:057BH         LINE#         402
  C:057BH         LINE#         403
  C:057BH         LINE#         404
  C:057BH         LINE#         405
  C:057BH         LINE#         406
  C:057BH         LINE#         407
  C:0581H         LINE#         409
  C:0581H         LINE#         410
  C:0583H         LINE#         411
  C:058BH         LINE#         415
  C:0591H         LINE#         416
  C:0593H         LINE#         417
  C:0593H         LINE#         418
  C:0593H         LINE#         419
  C:0593H         LINE#         420
  C:0593H         LINE#         421
  C:0593H         LINE#         422
  C:0593H         LINE#         423
  C:059BH         LINE#         425
  C:05A5H         LINE#         427
  C:05A5H         LINE#         428
  C:05A5H         LINE#         430
  C:05A5H         LINE#         431
  -------         ENDPROC       MYUARTCALLBACK
  -------         PROC          MYADCKEYCALLBACK
  -------         DO            
  X:0068H         SYMBOL        key
  -------         DO            
  X:0062H         SYMBOL        tmp_data
  -------         ENDDO         
  -------         ENDDO         
  C:122CH         LINE#         433
BL51 BANKED LINKER/LOCATER V6.22                                                      03/30/2026  13:13:49  PAGE 15


  C:122CH         LINE#         436
  C:1235H         LINE#         438
  C:123EH         LINE#         440
  C:1242H         LINE#         443
  C:125BH         LINE#         444
  C:125FH         LINE#         445
  C:1264H         LINE#         446
  C:126CH         LINE#         447
  C:126EH         LINE#         448
  C:126EH         LINE#         449
  C:1279H         LINE#         450
  C:1284H         LINE#         451
  C:1284H         LINE#         458
  C:1284H         LINE#         460
  C:128EH         LINE#         461
  C:1291H         LINE#         462
  C:12A4H         LINE#         463
  C:12ADH         LINE#         464
  C:12B0H         LINE#         468
  C:12B0H         LINE#         470
  C:12BAH         LINE#         471
  C:12BDH         LINE#         473
  C:12C7H         LINE#         474
  C:12C7H         LINE#         476
  C:12D1H         LINE#         477
  C:12D4H         LINE#         478
  C:12DEH         LINE#         479
  C:12DEH         LINE#         480
  C:12DEH         LINE#         505
  -------         ENDPROC       MYADCKEYCALLBACK
  -------         PROC          MYKEYCALLBACK
  -------         DO            
  X:0062H         SYMBOL        key
  -------         ENDDO         
  C:1850H         LINE#         507
  C:1850H         LINE#         511
  C:185AH         LINE#         512
  C:185EH         LINE#         515
  C:1873H         LINE#         518
  C:1875H         LINE#         519
  C:187CH         LINE#         520
  C:187EH         LINE#         521
  C:1885H         LINE#         522
  C:188AH         LINE#         523
  C:1892H         LINE#         524
  C:1894H         LINE#         525
  C:189BH         LINE#         526
  C:18A6H         LINE#         527
  C:18A6H         LINE#         528
  C:18A6H         LINE#         530
  C:18ACH         LINE#         531
  C:18B5H         LINE#         532
  C:18B8H         LINE#         547
  C:18BEH         LINE#         548
  C:18C9H         LINE#         549
  C:18C9H         LINE#         552
  C:18C9H         LINE#         554
BL51 BANKED LINKER/LOCATER V6.22                                                      03/30/2026  13:13:49  PAGE 16


  -------         ENDPROC       MYKEYCALLBACK
  -------         ENDMOD        MAIN

  -------         MODULE        RC522
  C:0000H         SYMBOL        _ICE_DUMMY_
  D:0092H         PUBLIC        P1M0
  D:0091H         PUBLIC        P1M1
  C:21D9H         PUBLIC        PcdAntennaOff
  D:0090H         PUBLIC        P1
  D:00B4H         PUBLIC        P4M0
  B:0090H.1       PUBLIC        MF522_NSS
  D:00B3H         PUBLIC        P4M1
  D:00C0H         PUBLIC        P4
  B:00A8H.7       PUBLIC        EA
  C:1A2AH         PUBLIC        _PcdRequest
  C:1F9BH         PUBLIC        rc522Init
  C:14EEH         PUBLIC        _CalulateCRC
  B:00C0H.3       PUBLIC        MF522_EA
  C:17C7H         PUBLIC        _PcdRead
  C:0E84H         PUBLIC        _PcdValue
  C:20ECH         PUBLIC        _ClearBitMask
  C:1F35H         PUBLIC        PcdReset
  C:2166H         PUBLIC        PcdAntennaOn
  C:1D93H         PUBLIC        PcdHalt
  C:0D8EH         PUBLIC        _PcdWrite
  C:0B71H         PUBLIC        _PcdBakValue
  B:00C0H.2       PUBLIC        MF522_SI
  B:0090H.0       PUBLIC        MF522_SO
  C:12DFH         PUBLIC        _PcdAuthState
  C:1A99H         PUBLIC        _ReadRawRC
  C:1B05H         PUBLIC        _WriteRawRC
  C:0F49H         PUBLIC        _PcdAnticoll
  C:2150H         PUBLIC        _SetBitMask
  B:00C0H.4       PUBLIC        MF522_IIC
  C:0849H         PUBLIC        _PcdComMF522
  B:00C0H.1       PUBLIC        MF522_SCK
  C:10BDH         PUBLIC        _PcdSelect
  -------         PROC          RC522INIT
  C:1F9BH         LINE#         12
  C:1F9BH         LINE#         13
  C:1F9DH         LINE#         15
  C:1FA0H         LINE#         16
  C:1FA3H         LINE#         19
  C:1FA6H         LINE#         20
  C:1FA9H         LINE#         23
  C:1FACH         LINE#         24
  C:1FAFH         LINE#         27
  C:1FB1H         LINE#         28
  C:1FB3H         LINE#         29
  C:1FB5H         LINE#         30
  C:1FB7H         LINE#         34
  C:1FB9H         LINE#         35
  C:1FBBH         LINE#         40
  C:1FBEH         LINE#         41
  C:1FC1H         LINE#         42
  C:1FC4H         LINE#         43
  C:1FC6H         LINE#         44
BL51 BANKED LINKER/LOCATER V6.22                                                      03/30/2026  13:13:49  PAGE 17


  -------         ENDPROC       RC522INIT
  -------         PROC          _PCDREQUEST
  D:0028H         SYMBOL        req_code
  D:0029H         SYMBOL        pTagType
  -------         DO            
  X:006BH         SYMBOL        status
  X:006CH         SYMBOL        unLen
  X:006EH         SYMBOL        ucComMF522Buf
  -------         ENDDO         
  C:1A2AH         LINE#         60
  C:1A32H         LINE#         61
  C:1A32H         LINE#         66
  C:1A35H         LINE#         67
  C:1A3CH         LINE#         68
  C:1A43H         LINE#         70
  C:1A49H         LINE#         72
  C:1A6AH         LINE#         74
  C:1A76H         LINE#         75
  C:1A76H         LINE#         76
  C:1A83H         LINE#         77
  C:1A93H         LINE#         78
  C:1A93H         LINE#         80
  C:1A93H         LINE#         82
  C:1A93H         LINE#         84
  C:1A98H         LINE#         85
  -------         ENDPROC       _PCDREQUEST
  -------         PROC          _PCDANTICOLL
  D:0028H         SYMBOL        pSnr
  -------         DO            
  X:006BH         SYMBOL        status
  X:006CH         SYMBOL        i
  X:006DH         SYMBOL        snr_check
  X:006EH         SYMBOL        unLen
  X:0070H         SYMBOL        ucComMF522Buf
  -------         ENDDO         
  C:0F49H         LINE#         92
  C:0F4FH         LINE#         93
  C:0F4FH         LINE#         95
  C:0F54H         LINE#         100
  C:0F57H         LINE#         101
  C:0F5EH         LINE#         102
  C:0F65H         LINE#         104
  C:0F6BH         LINE#         105
  C:0F6FH         LINE#         107
  C:0F94H         LINE#         109
  C:0F96H         LINE#         110
  C:0F96H         LINE#         111
  C:0FA2H         LINE#         112
  C:0FA2H         LINE#         113
  C:0FBCH         LINE#         114
  C:0FD3H         LINE#         115
  C:0FDBH         LINE#         116
  C:0FF1H         LINE#         117
  C:0FF7H         LINE#         118
  C:0FF7H         LINE#         120
  C:0FFEH         LINE#         121
  C:1003H         LINE#         122
BL51 BANKED LINKER/LOCATER V6.22                                                      03/30/2026  13:13:49  PAGE 18


  -------         ENDPROC       _PCDANTICOLL
  -------         PROC          _PCDSELECT
  D:0028H         SYMBOL        pSnr
  -------         DO            
  X:006BH         SYMBOL        status
  X:006CH         SYMBOL        i
  X:006DH         SYMBOL        unLen
  X:006FH         SYMBOL        ucComMF522Buf
  -------         ENDDO         
  C:10BDH         LINE#         129
  C:10C3H         LINE#         130
  C:10C3H         LINE#         136
  C:10C9H         LINE#         137
  C:10CDH         LINE#         138
  C:10D2H         LINE#         139
  C:10E0H         LINE#         140
  C:10E0H         LINE#         141
  C:10FDH         LINE#         142
  C:1111H         LINE#         143
  C:1119H         LINE#         144
  C:112DH         LINE#         146
  C:1130H         LINE#         148
  C:1155H         LINE#         150
  C:1163H         LINE#         151
  C:1169H         LINE#         153
  C:116FH         LINE#         155
  C:1174H         LINE#         156
  -------         ENDPROC       _PCDSELECT
  -------         PROC          _PCDAUTHSTATE
  D:0007H         SYMBOL        auth_mode
  D:0005H         SYMBOL        addr
  D:002AH         SYMBOL        pKey
  D:002DH         SYMBOL        pSnr
  -------         DO            
  X:006BH         SYMBOL        status
  X:006CH         SYMBOL        unLen
  X:006EH         SYMBOL        i
  X:006FH         SYMBOL        ucComMF522Buf
  -------         ENDDO         
  C:12DFH         LINE#         168
  C:12E5H         LINE#         169
  C:12E5H         LINE#         174
  C:12EAH         LINE#         175
  C:12EDH         LINE#         176
  C:12F2H         LINE#         177
  C:131CH         LINE#         178
  C:1321H         LINE#         179
  C:134BH         LINE#         183
  C:1370H         LINE#         184
  C:137BH         LINE#         185
  C:1381H         LINE#         186
  C:1386H         LINE#         187
  -------         ENDPROC       _PCDAUTHSTATE
  -------         PROC          _PCDREAD
  D:0007H         SYMBOL        addr
  D:0028H         SYMBOL        pData
  -------         DO            
BL51 BANKED LINKER/LOCATER V6.22                                                      03/30/2026  13:13:49  PAGE 19


  X:006BH         SYMBOL        status
  X:006CH         SYMBOL        unLen
  X:006EH         SYMBOL        i
  X:006FH         SYMBOL        ucComMF522Buf
  -------         ENDDO         
  C:17C7H         LINE#         195
  C:17CDH         LINE#         196
  C:17CDH         LINE#         201
  C:17D3H         LINE#         202
  C:17D6H         LINE#         203
  C:17E6H         LINE#         205
  C:180BH         LINE#         206
  C:1817H         LINE#         208
  C:1817H         LINE#         209
  C:181BH         LINE#         210
  C:1844H         LINE#         211
  C:1844H         LINE#         213
  C:184AH         LINE#         215
  C:184FH         LINE#         216
  -------         ENDPROC       _PCDREAD
  -------         PROC          _PCDWRITE
  D:0007H         SYMBOL        addr
  D:0025H         SYMBOL        pData
  -------         DO            
  X:006AH         SYMBOL        status
  X:006BH         SYMBOL        unLen
  X:006DH         SYMBOL        i
  X:006EH         SYMBOL        ucComMF522Buf
  -------         ENDDO         
  C:0D8EH         LINE#         224
  C:0D94H         LINE#         225
  C:0D94H         LINE#         230
  C:0D9AH         LINE#         231
  C:0D9DH         LINE#         232
  C:0DB1H         LINE#         234
  C:0DD6H         LINE#         236
  C:0DECH         LINE#         237
  C:0DF2H         LINE#         239
  C:0DFBH         LINE#         240
  C:0DFBH         LINE#         242
  C:0DFFH         LINE#         243
  C:0E29H         LINE#         244
  C:0E3DH         LINE#         246
  C:0E62H         LINE#         247
  C:0E78H         LINE#         248
  C:0E7EH         LINE#         249
  C:0E7EH         LINE#         251
  C:0E83H         LINE#         252
  -------         ENDPROC       _PCDWRITE
  -------         PROC          _PCDVALUE
  D:0007H         SYMBOL        dd_mode
  D:0008H         SYMBOL        addr
  D:0009H         SYMBOL        pValue
  -------         DO            
  X:00B4H         SYMBOL        status
  X:00B5H         SYMBOL        unLen
  X:00B7H         SYMBOL        i
BL51 BANKED LINKER/LOCATER V6.22                                                      03/30/2026  13:13:49  PAGE 20


  X:00B8H         SYMBOL        ucComMF522Buf
  -------         ENDDO         
  C:0E84H         LINE#         263
  C:0E8CH         LINE#         264
  C:0E8CH         LINE#         269
  C:0E8DH         LINE#         270
  C:0E8DH         LINE#         271
  C:0E90H         LINE#         273
  C:0E98H         LINE#         275
  C:0EAEH         LINE#         276
  C:0EB4H         LINE#         278
  C:0EBAH         LINE#         279
  C:0EBAH         LINE#         281
  C:0EBEH         LINE#         282
  C:0EE8H         LINE#         283
  C:0EFCH         LINE#         284
  C:0F03H         LINE#         285
  C:0F0EH         LINE#         286
  C:0F12H         LINE#         287
  C:0F14H         LINE#         288
  C:0F14H         LINE#         290
  C:0F1AH         LINE#         291
  C:0F1AH         LINE#         292
  C:0F1CH         LINE#         293
  C:0F1CH         LINE#         294
  C:0F1FH         LINE#         296
  C:0F27H         LINE#         298
  C:0F3DH         LINE#         299
  C:0F43H         LINE#         300
  C:0F43H         LINE#         301
  C:0F48H         LINE#         302
  -------         ENDPROC       _PCDVALUE
  -------         PROC          _PCDBAKVALUE
  D:0007H         SYMBOL        sourceaddr
  D:000EH         SYMBOL        goaladdr
  -------         DO            
  X:00E0H         SYMBOL        status
  X:00E1H         SYMBOL        unLen
  X:00E3H         SYMBOL        ucComMF522Buf
  -------         ENDDO         
  C:0B71H         LINE#         310
  C:0B73H         LINE#         311
  C:0B73H         LINE#         316
  C:0B79H         LINE#         317
  C:0B7CH         LINE#         318
  C:0B90H         LINE#         320
  C:0BB5H         LINE#         322
  C:0BCBH         LINE#         323
  C:0BD1H         LINE#         325
  C:0BD7H         LINE#         326
  C:0BD7H         LINE#         327
  C:0BDBH         LINE#         328
  C:0BDDH         LINE#         329
  C:0BDFH         LINE#         330
  C:0BE1H         LINE#         331
  C:0BF5H         LINE#         333
  C:0C1AH         LINE#         334
BL51 BANKED LINKER/LOCATER V6.22                                                      03/30/2026  13:13:49  PAGE 21


  C:0C1EH         LINE#         335
  C:0C20H         LINE#         336
  C:0C20H         LINE#         338
  C:0C26H         LINE#         339
  C:0C29H         LINE#         341
  C:0C2FH         LINE#         342
  C:0C33H         LINE#         344
  C:0C47H         LINE#         346
  C:0C6CH         LINE#         348
  C:0C82H         LINE#         349
  C:0C88H         LINE#         351
  C:0C8DH         LINE#         352
  -------         ENDPROC       _PCDBAKVALUE
  -------         PROC          PCDHALT
  -------         DO            
  X:006BH         SYMBOL        status
  X:006CH         SYMBOL        unLen
  X:006EH         SYMBOL        ucComMF522Buf
  -------         ENDDO         
  C:1D93H         LINE#         359
  C:1D93H         LINE#         360
  C:1D93H         LINE#         365
  C:1D99H         LINE#         366
  C:1D9CH         LINE#         367
  C:1DB0H         LINE#         369
  C:1DD5H         LINE#         371
  C:1DD7H         LINE#         372
  -------         ENDPROC       PCDHALT
  C:14EAH         SYMBOL        L?0140
  -------         PROC          L?0139
  -------         ENDPROC       L?0139
  C:14EAH         SYMBOL        L?0140
  -------         PROC          _CALULATECRC
  D:002BH         SYMBOL        pIndata
  D:002EH         SYMBOL        len
  D:002FH         SYMBOL        pOutData
  -------         DO            
  X:0081H         SYMBOL        i
  X:0082H         SYMBOL        n
  -------         ENDDO         
  C:14EEH         LINE#         377
  C:14F6H         LINE#         378
  C:14F6H         LINE#         380
  C:14FDH         LINE#         381
  C:1500H         LINE#         382
  C:1507H         LINE#         383
  C:1516H         LINE#         384
  C:1532H         LINE#         385
  C:1539H         LINE#         386
  C:153FH         LINE#         388
  C:153FH         LINE#         389
  C:1549H         LINE#         390
  C:154FH         LINE#         391
  C:154FH         LINE#         392
  C:1557H         LINE#         393
  C:1566H         LINE#         394
  -------         ENDPROC       _CALULATECRC
BL51 BANKED LINKER/LOCATER V6.22                                                      03/30/2026  13:13:49  PAGE 22


  -------         PROC          PCDRESET
  C:1F35H         LINE#         401
  C:1F35H         LINE#         402
  C:1F35H         LINE#         409
  C:1F3CH         LINE#         410
  C:1F3DH         LINE#         412
  C:1F44H         LINE#         413
  C:1F4BH         LINE#         414
  C:1F52H         LINE#         415
  C:1F59H         LINE#         416
  C:1F60H         LINE#         417
  C:1F67H         LINE#         419
  C:1F69H         LINE#         420
  -------         ENDPROC       PCDRESET
  -------         PROC          _READRAWRC
  D:0007H         SYMBOL        Address
  -------         DO            
  X:008AH         SYMBOL        i
  X:008BH         SYMBOL        ucAddr
  X:008CH         SYMBOL        ucResult
  -------         ENDDO         
  C:1A99H         LINE#         427
  C:1A99H         LINE#         428
  C:1A99H         LINE#         430
  C:1A9EH         LINE#         434
  C:1AA0H         LINE#         435
  C:1AA2H         LINE#         438
  C:1AADH         LINE#         441
  C:1AB3H         LINE#         442
  C:1AC2H         LINE#         443
  C:1AC4H         LINE#         444
  C:1ACBH         LINE#         445
  C:1ACDH         LINE#         446
  C:1AD6H         LINE#         449
  C:1ADCH         LINE#         450
  C:1ADEH         LINE#         451
  C:1AE5H         LINE#         454
  C:1AE8H         LINE#         455
  C:1AECH         LINE#         456
  C:1AECH         LINE#         458
  C:1AEEH         LINE#         459
  C:1AF7H         LINE#         461
  C:1AF9H         LINE#         462
  C:1AFBH         LINE#         466
  C:1B00H         LINE#         468
  -------         ENDPROC       _READRAWRC
  C:1B01H         SYMBOL        L?0144
  -------         PROC          L?0143
  -------         ENDPROC       L?0143
  C:1B01H         SYMBOL        L?0144
  -------         PROC          _WRITERAWRC
  D:0007H         SYMBOL        Address
  D:0005H         SYMBOL        value
  -------         DO            
  X:008AH         SYMBOL        i
  X:008BH         SYMBOL        ucAddr
  -------         ENDDO         
BL51 BANKED LINKER/LOCATER V6.22                                                      03/30/2026  13:13:49  PAGE 23


  C:1B05H         LINE#         475
  C:1B05H         LINE#         476
  C:1B05H         LINE#         481
  C:1B07H         LINE#         482
  C:1B09H         LINE#         485
  C:1B12H         LINE#         488
  C:1B18H         LINE#         490
  C:1B27H         LINE#         493
  C:1B29H         LINE#         494
  C:1B30H         LINE#         495
  C:1B32H         LINE#         496
  C:1B3BH         LINE#         499
  C:1B41H         LINE#         501
  C:1B4CH         LINE#         503
  C:1B4EH         LINE#         504
  C:1B52H         LINE#         505
  C:1B54H         LINE#         506
  C:1B5DH         LINE#         508
  C:1B5FH         LINE#         509
  C:1B61H         LINE#         512
  -------         ENDPROC       _WRITERAWRC
  -------         PROC          _SETBITMASK
  D:0006H         SYMBOL        reg
  D:0005H         SYMBOL        mask
  -------         DO            
  X:0089H         SYMBOL        tmp
  -------         ENDDO         
  C:2150H         LINE#         519
  C:2152H         LINE#         520
  C:2152H         LINE#         521
  C:2157H         LINE#         522
  C:215FH         LINE#         523
  -------         ENDPROC       _SETBITMASK
  C:20E8H         SYMBOL        L?0142
  -------         PROC          L?0141
  -------         ENDPROC       L?0141
  C:20E8H         SYMBOL        L?0142
  -------         PROC          _CLEARBITMASK
  D:0006H         SYMBOL        reg
  D:0005H         SYMBOL        mask
  -------         DO            
  X:0089H         SYMBOL        tmp
  -------         ENDDO         
  C:20ECH         LINE#         531
  C:20EEH         LINE#         532
  C:20EEH         LINE#         533
  C:20F3H         LINE#         534
  C:20FCH         LINE#         535
  -------         ENDPROC       _CLEARBITMASK
  C:082FH         SYMBOL        L?0137
  C:0845H         SYMBOL        L?0138
  -------         PROC          L?0136
  -------         ENDPROC       L?0136
  C:082FH         SYMBOL        L?0137
  C:0845H         SYMBOL        L?0138
  -------         PROC          _PCDCOMMF522
  D:0030H         SYMBOL        Command
BL51 BANKED LINKER/LOCATER V6.22                                                      03/30/2026  13:13:49  PAGE 24


  D:0031H         SYMBOL        pInData
  D:0034H         SYMBOL        InLenByte
  D:0035H         SYMBOL        pOutData
  D:0038H         SYMBOL        pOutLenBit
  -------         DO            
  X:0082H         SYMBOL        status
  X:0083H         SYMBOL        irqEn
  X:0084H         SYMBOL        waitFor
  X:0085H         SYMBOL        lastBits
  X:0086H         SYMBOL        n
  X:0087H         SYMBOL        i
  -------         ENDDO         
  C:0849H         LINE#         546
  C:0851H         LINE#         551
  C:0851H         LINE#         552
  C:0857H         LINE#         554
  C:085AH         LINE#         555
  C:085CH         LINE#         559
  C:0866H         LINE#         560
  C:0866H         LINE#         561
  C:0866H         LINE#         562
  C:086CH         LINE#         563
  C:0870H         LINE#         564
  C:0872H         LINE#         565
  C:0872H         LINE#         566
  C:0878H         LINE#         567
  C:087CH         LINE#         568
  C:087CH         LINE#         569
  C:087CH         LINE#         570
  C:087CH         LINE#         571
  C:087CH         LINE#         573
  C:0888H         LINE#         574
  C:088FH         LINE#         575
  C:0892H         LINE#         576
  C:0899H         LINE#         578
  C:08B0H         LINE#         579
  C:08D3H         LINE#         580
  C:08DAH         LINE#         583
  C:08DFH         LINE#         584
  C:08E6H         LINE#         586
  C:08F0H         LINE#         588
  C:08F0H         LINE#         589
  C:08FAH         LINE#         590
  C:0908H         LINE#         591
  C:0908H         LINE#         592
  C:0920H         LINE#         593
  C:0927H         LINE#         595
  C:0934H         LINE#         596
  C:0934H         LINE#         597
  C:0941H         LINE#         598
  C:0941H         LINE#         599
  C:0945H         LINE#         600
  C:0950H         LINE#         601
  C:0956H         LINE#         602
  C:095FH         LINE#         603
  C:095FH         LINE#         604
  C:0969H         LINE#         605
BL51 BANKED LINKER/LOCATER V6.22                                                      03/30/2026  13:13:49  PAGE 25


  C:0975H         LINE#         608
  C:0977H         LINE#         609
  C:099DH         LINE#         611
  C:09B3H         LINE#         612
  C:09B9H         LINE#         613
  C:09BBH         LINE#         614
  C:09C4H         LINE#         615
  C:09C7H         LINE#         616
  C:09E1H         LINE#         617
  C:0A0BH         LINE#         618
  C:0A0BH         LINE#         619
  C:0A0BH         LINE#         621
  C:0A11H         LINE#         623
  C:0A11H         LINE#         625
  C:0A11H         LINE#         628
  C:0A18H         LINE#         629
  C:0A1BH         LINE#         630
  C:0A20H         LINE#         631
  -------         ENDPROC       _PCDCOMMF522
  -------         PROC          PCDANTENNAON
  -------         DO            
  X:0062H         SYMBOL        i
  -------         ENDDO         
  C:2166H         LINE#         638
  C:2166H         LINE#         639
  C:2166H         LINE#         641
  C:2170H         LINE#         642
  C:2174H         LINE#         643
  C:2174H         LINE#         644
  C:217BH         LINE#         645
  C:217BH         LINE#         646
  -------         ENDPROC       PCDANTENNAON
  -------         PROC          PCDANTENNAOFF
  C:21D9H         LINE#         652
  C:21D9H         LINE#         653
  C:21D9H         LINE#         654
  -------         ENDPROC       PCDANTENNAOFF
  -------         ENDMOD        RC522

  -------         MODULE        ADC
  C:0000H         SYMBOL        _ICE_DUMMY_
  B:00A8H.7       PUBLIC        EA
  X:00CAH         PUBLIC        _adc
  X:00D6H         PUBLIC        _upcnt
  B:00A8H.5       PUBLIC        EADC
  C:05A6H         PUBLIC        ADC_Routine
  D:00BDH         PUBLIC        ADC_RES
  X:00D7H         PUBLIC        _center_win
  X:00D9H         PUBLIC        _key3cnt
  X:00DAH         PUBLIC        _centercnt
  D:00BCH         PUBLIC        ADC_CONTR
  X:00DBH         PUBLIC        _adc_turn
  C:21BBH         PUBLIC        adcInit
  X:00DCH         PUBLIC        _rightcnt
  C:21E0H         PUBLIC        getAdc
  C:1BB9H         PUBLIC        _getADCKeyAct
  X:00DDH         PUBLIC        _leftcnt
BL51 BANKED LINKER/LOCATER V6.22                                                      03/30/2026  13:13:49  PAGE 26


  D:009DH         PUBLIC        P1ASF
  D:00BEH         PUBLIC        ADC_RESL
  X:00DEH         PUBLIC        _downcnt
  X:00DFH         PUBLIC        _adckeyPress
  -------         PROC          ADCINIT
  C:21BBH         LINE#         11
  C:21BBH         LINE#         12
  C:21BEH         LINE#         13
  C:21C1H         LINE#         15
  C:21C3H         LINE#         16
  C:21C5H         LINE#         17
  -------         ENDPROC       ADCINIT
  -------         PROC          GETADC
  C:21E0H         LINE#         19
  C:21E0H         LINE#         20
  C:21E6H         LINE#         21
  -------         ENDPROC       GETADC
  -------         PROC          _GETADCKEYACT
  D:0007H         SYMBOL        key
  C:1BB9H         LINE#         23
  C:1BB9H         LINE#         24
  C:1BC4H         LINE#         25
  C:1BD1H         LINE#         26
  C:1BE0H         LINE#         27
  C:1BF0H         LINE#         28
  C:1BFEH         LINE#         29
  C:1C0DH         LINE#         30
  C:1C0FH         LINE#         31
  -------         ENDPROC       _GETADCKEYACT
  -------         PROC          ADC_ROUTINE
  C:05A6H         LINE#         33
  C:05BDH         LINE#         34
  C:05C4H         LINE#         35
  C:05D9H         LINE#         36
  C:05DBH         LINE#         37
  C:05DFH         LINE#         38
  C:05F2H         LINE#         39
  C:05F4H         LINE#         40
  C:05FCH         LINE#         41
  C:0611H         LINE#         42
  C:0613H         LINE#         43
  C:0617H         LINE#         44
  C:062AH         LINE#         45
  C:062CH         LINE#         46
  C:0634H         LINE#         47
  C:064DH         LINE#         48
  C:0650H         LINE#         49
  C:0658H         LINE#         50
  C:066FH         LINE#         52
  C:0686H         LINE#         53
  C:069EH         LINE#         54
  C:06AAH         LINE#         55
  C:06ACH         LINE#         56
  C:06B1H         LINE#         58
  C:06CAH         LINE#         59
  C:06E2H         LINE#         60
  C:06EEH         LINE#         61
BL51 BANKED LINKER/LOCATER V6.22                                                      03/30/2026  13:13:49  PAGE 27


  C:06F0H         LINE#         62
  C:06F5H         LINE#         64
  C:070EH         LINE#         66
  C:0724H         LINE#         67
  C:0730H         LINE#         68
  C:0732H         LINE#         69
  C:0737H         LINE#         78
  C:0770H         LINE#         79
  C:0777H         LINE#         80
  C:077EH         LINE#         81
  C:0785H         LINE#         82
  C:0785H         LINE#         84
  C:079EH         LINE#         85
  C:07B6H         LINE#         86
  C:07C2H         LINE#         87
  C:07C4H         LINE#         88
  C:07C9H         LINE#         90
  C:07E2H         LINE#         91
  C:07F8H         LINE#         92
  C:0804H         LINE#         93
  C:0806H         LINE#         94
  C:080BH         LINE#         95
  C:080BH         LINE#         97
  C:0813H         LINE#         98
  C:0817H         LINE#         99
  -------         ENDPROC       ADC_ROUTINE
  -------         ENDMOD        ADC

  -------         MODULE        DISPLAY
  C:0000H         SYMBOL        _ICE_DUMMY_
  D:0093H         PUBLIC        P0M1
  C:0A21H         PUBLIC        _setNum
  D:0096H         PUBLIC        P2M0
  D:0080H         PUBLIC        P0
  D:0095H         PUBLIC        P2M1
  D:00A0H         PUBLIC        P2
  C:1EC9H         PUBLIC        _dis_table
  X:00F5H         PUBLIC        _seg_shape
  X:00FDH         PUBLIC        _dis_shape
  C:2191H         PUBLIC        _addPoint
  X:00FEH         PUBLIC        _dis_turn
  C:21AFH         PUBLIC        disInit
  C:21E7H         PUBLIC        _setLed
  C:1175H         PUBLIC        _setSeg
  C:1E19H         PUBLIC        disRun
  D:0094H         PUBLIC        P0M0
  -------         PROC          DISINIT
  C:21AFH         LINE#         23
  C:21AFH         LINE#         25
  C:21B2H         LINE#         26
  C:21B5H         LINE#         27
  C:21B7H         LINE#         28
  C:21BAH         LINE#         29
  -------         ENDPROC       DISINIT
  -------         PROC          _SETLED
  D:0007H         SYMBOL        led_vector
  C:21E7H         LINE#         31
BL51 BANKED LINKER/LOCATER V6.22                                                      03/30/2026  13:13:49  PAGE 28


  C:21E7H         LINE#         32
  C:21ECH         LINE#         33
  -------         ENDPROC       _SETLED
  -------         PROC          _SETSEG
  D:0007H         SYMBOL        s0
  D:0005H         SYMBOL        s1
  D:0003H         SYMBOL        s2
  D:0024H         SYMBOL        s3
  D:0025H         SYMBOL        s4
  D:0026H         SYMBOL        s5
  D:0027H         SYMBOL        s6
  D:0028H         SYMBOL        s7
  C:1175H         LINE#         35
  C:1175H         LINE#         36
  C:118AH         LINE#         37
  C:11A1H         LINE#         38
  C:11B8H         LINE#         39
  C:11CFH         LINE#         40
  C:11E6H         LINE#         41
  C:11FDH         LINE#         42
  C:1214H         LINE#         43
  C:122BH         LINE#         44
  -------         ENDPROC       _SETSEG
  -------         PROC          _SETNUM
  D:0021H         SYMBOL        num
  C:0A21H         LINE#         46
  C:0A29H         LINE#         47
  C:0A4DH         LINE#         48
  C:0A79H         LINE#         49
  C:0AA5H         LINE#         50
  C:0AD0H         LINE#         51
  C:0AFBH         LINE#         52
  C:0B25H         LINE#         53
  C:0B4FH         LINE#         54
  C:0B70H         LINE#         55
  -------         ENDPROC       _SETNUM
  -------         PROC          _ADDPOINT
  D:0007H         SYMBOL        cur
  C:2191H         LINE#         57
  C:2191H         LINE#         58
  C:219FH         LINE#         59
  -------         ENDPROC       _ADDPOINT
  -------         PROC          DISRUN
  C:1E19H         LINE#         61
  C:1E19H         LINE#         64
  C:1E20H         LINE#         65
  C:1E28H         LINE#         66
  C:1E2EH         LINE#         67
  C:1E31H         LINE#         68
  C:1E32H         LINE#         69
  C:1E32H         LINE#         70
  C:1E41H         LINE#         71
  C:1E4EH         LINE#         72
  C:1E56H         LINE#         73
  C:1E56H         LINE#         75
  -------         ENDPROC       DISRUN
  -------         ENDMOD        DISPLAY
BL51 BANKED LINKER/LOCATER V6.22                                                      03/30/2026  13:13:49  PAGE 29



  -------         MODULE        KEY
  C:0000H         SYMBOL        _ICE_DUMMY_
  C:2105H         PUBLIC        _getKeyAct
  X:0109H         PUBLIC        keyPress
  -------         PROC          _GETKEYACT
  D:0007H         SYMBOL        key
  C:2105H         LINE#         5
  C:2105H         LINE#         6
  C:2108H         LINE#         7
  C:2110H         LINE#         8
  C:2110H         LINE#         9
  C:2113H         LINE#         10
  C:211DH         LINE#         11
  C:211DH         LINE#         12
  C:211FH         LINE#         13
  -------         ENDPROC       _GETKEYACT
  -------         ENDMOD        KEY

  -------         MODULE        SYS
  C:0000H         SYMBOL        _ICE_DUMMY_
  C:1DD8H         PUBLIC        Timer0_Routine
  B:00A8H.7       PUBLIC        EA
  C:21C6H         PUBLIC        interruptInit
  C:0C8EH         PUBLIC        sysRun
  B:00B0H.2       PUBLIC        KEY1
  B:00B0H.3       PUBLIC        KEY2
  C:16A9H         PUBLIC        eventParse
  C:0006H         PUBLIC        Int0_Routine
  C:0007H         PUBLIC        Int1_Routine
  X:0090H         PUBLIC        time_flag
  X:0091H         PUBLIC        eventID
  D:0089H         PUBLIC        TMOD
  C:20CAH         PUBLIC        _t0Init
  D:008EH         PUBLIC        AUXR
  X:0093H         PUBLIC        _i
  X:0094H         PUBLIC        userCallbacks
  B:00A8H.1       PUBLIC        ET0
  B:0088H.5       PUBLIC        TF0
  C:217CH         PUBLIC        Timer0Init
  D:008CH         PUBLIC        TH0
  B:00A8H.0       PUBLIC        EX0
  B:0088H.0       PUBLIC        IT0
  B:00A8H.2       PUBLIC        EX1
  B:0088H.2       PUBLIC        IT1
  D:008AH         PUBLIC        TL0
  B:0088H.4       PUBLIC        TR0
  C:20A9H         PUBLIC        _setCallback
  X:00B2H         PUBLIC        _speed_delta
  C:21EDH         PUBLIC        sysInit
  -------         PROC          _T0INIT
  D:0007H         SYMBOL        ct
  C:20CAH         LINE#         20
  C:20CAH         LINE#         21
  C:20D9H         LINE#         22
  C:20E1H         LINE#         23
  C:20E3H         LINE#         24
BL51 BANKED LINKER/LOCATER V6.22                                                      03/30/2026  13:13:49  PAGE 30


  C:20E5H         LINE#         25
  C:20E7H         LINE#         26
  -------         ENDPROC       _T0INIT
  -------         PROC          TIMER0INIT
  C:217CH         LINE#         29
  C:217CH         LINE#         30
  C:217CH         LINE#         31
  C:217FH         LINE#         32
  C:2182H         LINE#         33
  C:2185H         LINE#         34
  C:2188H         LINE#         35
  C:218AH         LINE#         36
  C:218CH         LINE#         39
  C:218EH         LINE#         40
  C:2190H         LINE#         41
  -------         ENDPROC       TIMER0INIT
  -------         PROC          INTERRUPTINIT
  C:21C6H         LINE#         43
  C:21C6H         LINE#         44
  C:21C8H         LINE#         45
  C:21CAH         LINE#         46
  C:21CCH         LINE#         47
  C:21CEH         LINE#         48
  C:21D0H         LINE#         49
  -------         ENDPROC       INTERRUPTINIT
  -------         PROC          SYSINIT
  C:21EDH         LINE#         51
  C:21EDH         LINE#         52
  C:21F0H         LINE#         53
  -------         ENDPROC       SYSINIT
  -------         PROC          _SETCALLBACK
  D:0007H         SYMBOL        id
  D:0001H         SYMBOL        user_callback
  C:20A9H         LINE#         56
  C:20A9H         LINE#         57
  C:20C9H         LINE#         58
  -------         ENDPROC       _SETCALLBACK
  -------         PROC          EVENTPARSE
  C:16A9H         LINE#         62
  C:16A9H         LINE#         63
  C:16B0H         LINE#         64
  C:16C3H         LINE#         65
  C:16C8H         LINE#         66
  C:16CFH         LINE#         67
  C:16D0H         LINE#         68
  C:16D7H         LINE#         70
  C:16EAH         LINE#         71
  C:16F1H         LINE#         72
  C:16F2H         LINE#         73
  C:16F9H         LINE#         74
  C:170CH         LINE#         75
  C:1711H         LINE#         76
  C:1718H         LINE#         77
  C:1719H         LINE#         78
  C:1720H         LINE#         80
  C:1733H         LINE#         82
  C:173AH         LINE#         83
BL51 BANKED LINKER/LOCATER V6.22                                                      03/30/2026  13:13:49  PAGE 31


  C:173AH         LINE#         84
  -------         ENDPROC       EVENTPARSE
  -------         PROC          SYSRUN
  -------         DO            
  D:000CH         SYMBOL        _cnt
  X:008EH         SYMBOL        key1down
  X:008FH         SYMBOL        key2down
  -------         ENDDO         
  C:0C8EH         LINE#         86
  C:0C8EH         LINE#         90
  C:0C91H         LINE#         92
  C:0C9CH         LINE#         96
  C:0C9FH         LINE#         97
  C:0CA2H         LINE#         99
  C:0CB5H         LINE#         109
  C:0CB8H         LINE#         111
  C:0CC0H         LINE#         113
  C:0CC7H         LINE#         114
  C:0CCEH         LINE#         116
  C:0CCEH         LINE#         117
  C:0CD0H         LINE#         118
  C:0CD8H         LINE#         119
  C:0CDEH         LINE#         120
  C:0CDEH         LINE#         121
  C:0CE0H         LINE#         122
  C:0CE5H         LINE#         124
  C:0CE8H         LINE#         126
  C:0CF0H         LINE#         128
  C:0CF7H         LINE#         129
  C:0CFEH         LINE#         130
  C:0CFEH         LINE#         131
  C:0D00H         LINE#         132
  C:0D08H         LINE#         133
  C:0D0EH         LINE#         134
  C:0D0EH         LINE#         135
  C:0D10H         LINE#         136
  C:0D15H         LINE#         139
  C:0D24H         LINE#         140
  C:0D37H         LINE#         141
  C:0D37H         LINE#         144
  C:0D46H         LINE#         145
  C:0D59H         LINE#         146
  C:0D59H         LINE#         148
  C:0D68H         LINE#         150
  C:0D7BH         LINE#         183
  C:0D80H         LINE#         184
  C:0D80H         LINE#         185
  C:0D88H         LINE#         186
  C:0D8DH         LINE#         187
  C:0D8DH         LINE#         188
  -------         ENDPROC       SYSRUN
  -------         PROC          TIMER0_ROUTINE
  C:1DD8H         LINE#         197
  C:1DF5H         LINE#         198
  C:1DFBH         LINE#         199
  C:1DFEH         LINE#         200
  -------         ENDPROC       TIMER0_ROUTINE
BL51 BANKED LINKER/LOCATER V6.22                                                      03/30/2026  13:13:49  PAGE 32


  -------         PROC          INT0_ROUTINE
  C:0006H         LINE#         203
  C:0006H         LINE#         205
  -------         ENDPROC       INT0_ROUTINE
  -------         PROC          INT1_ROUTINE
  C:0007H         LINE#         209
  C:0007H         LINE#         211
  -------         ENDPROC       INT1_ROUTINE
  -------         ENDMOD        SYS

  -------         MODULE        UART1
  C:0000H         SYMBOL        _ICE_DUMMY_
  B:00A8H.7       PUBLIC        EA
  C:1F6AH         PUBLIC        _uart1Init
  B:00A8H.4       PUBLIC        ES
  C:1E91H         PUBLIC        _baudrate_table
  B:0098H.0       PUBLIC        RI
  B:0098H.1       PUBLIC        TI
  X:00FFH         PUBLIC        _buf
  X:0102H         PUBLIC        _buf_cursor
  X:0103H         PUBLIC        _head_num
  D:0099H         PUBLIC        SBUF
  D:0098H         PUBLIC        SCON
  D:0089H         PUBLIC        TMOD
  C:19B7H         PUBLIC        UART1_Routine
  C:201BH         PUBLIC        _setUart1Buf
  D:008EH         PUBLIC        AUXR
  X:0104H         PUBLIC        _init_suf
  D:008DH         PUBLIC        TH1
  X:0105H         PUBLIC        _buf_num
  D:008BH         PUBLIC        TL1
  B:0088H.6       PUBLIC        TR1
  C:1C65H         PUBLIC        __get_initial_value
  X:0106H         PUBLIC        _head
  C:1CBAH         PUBLIC        check_head
  C:2120H         PUBLIC        _uart1Send
  -------         PROC          __GET_INITIAL_VALUE
  D:0025H         SYMBOL        baudrate
  -------         DO            
  X:0062H         SYMBOL        _ui
  -------         ENDDO         
  C:1C65H         LINE#         22
  C:1C6DH         LINE#         24
  C:1C7CH         LINE#         25
  C:1CAFH         LINE#         26
  C:1CB7H         LINE#         27
  C:1CB9H         LINE#         28
  -------         ENDPROC       __GET_INITIAL_VALUE
  -------         PROC          _UART1INIT
  D:0021H         SYMBOL        baudrate
  C:1F6AH         LINE#         30
  C:1F72H         LINE#         31
  C:1F75H         LINE#         32
  C:1F7DH         LINE#         34
  C:1F8DH         LINE#         35
  C:1F8FH         LINE#         36
  C:1F91H         LINE#         38
BL51 BANKED LINKER/LOCATER V6.22                                                      03/30/2026  13:13:49  PAGE 33


  C:1F93H         LINE#         39
  C:1F96H         LINE#         42
  C:1F98H         LINE#         43
  C:1F9AH         LINE#         44
  -------         ENDPROC       _UART1INIT
  -------         PROC          _UART1SEND
  D:0001H         SYMBOL        content
  D:0005H         SYMBOL        num
  C:2120H         LINE#         47
  C:2120H         LINE#         48
  C:2126H         LINE#         49
  C:212BH         LINE#         50
  C:212EH         LINE#         51
  C:2130H         LINE#         52
  C:2137H         LINE#         53
  C:2139H         LINE#         54
  -------         ENDPROC       _UART1SEND
  -------         PROC          _SETUART1BUF
  D:0001H         SYMBOL        buf
  D:0005H         SYMBOL        buf_num
  D:0025H         SYMBOL        head
  D:0028H         SYMBOL        head_num
  C:201BH         LINE#         55
  C:201BH         LINE#         56
  C:2026H         LINE#         57
  C:2034H         LINE#         58
  C:2039H         LINE#         59
  C:203FH         LINE#         60
  -------         ENDPROC       _SETUART1BUF
  -------         PROC          CHECK_HEAD
  -------         DO            
  X:008DH         SYMBOL        i
  -------         ENDDO         
  C:1CBAH         LINE#         62
  C:1CBAH         LINE#         65
  C:1CCDH         LINE#         66
  C:1CFAH         LINE#         67
  C:1D02H         LINE#         69
  C:1D04H         LINE#         70
  -------         ENDPROC       CHECK_HEAD
  -------         PROC          UART1_ROUTINE
  C:19B7H         LINE#         73
  C:19CEH         LINE#         74
  C:19D3H         LINE#         76
  C:19D6H         LINE#         78
  C:19E4H         LINE#         79
  C:19F9H         LINE#         80
  C:19FFH         LINE#         83
  C:1A04H         LINE#         84
  C:1A06H         LINE#         85
  C:1A0CH         LINE#         86
  C:1A13H         LINE#         87
  C:1A13H         LINE#         95
  C:1A13H         LINE#         96
  C:1A13H         LINE#         99
  C:1A15H         LINE#         100
  C:1A15H         LINE#         101
BL51 BANKED LINKER/LOCATER V6.22                                                      03/30/2026  13:13:49  PAGE 34


  -------         ENDPROC       UART1_ROUTINE
  -------         ENDMOD        UART1

  -------         MODULE        AT24C02
  C:0000H         SYMBOL        _ICE_DUMMY_
  D:00B4H         PUBLIC        P4M0
  D:00CAH         PUBLIC        P5M0
  D:00B3H         PUBLIC        P4M1
  D:00C9H         PUBLIC        P5M1
  D:00C0H         PUBLIC        P4
  D:00C8H         PUBLIC        P5
  C:1D05H         PUBLIC        _rAT
  C:1FF2H         PUBLIC        _wAT
  B:00C0H.0       PUBLIC        IIC_SDA
  B:00C8H.5       PUBLIC        IIC_SCL
  C:21A0H         PUBLIC        _AT_IIC_Start
  C:0016H         PUBLIC        ATInit
  C:21D1H         PUBLIC        _AT_IIC_Stop
  C:2040H         SYMBOL        _delay_ms
  C:206AH         SYMBOL        _delay_us
  C:1D4DH         PUBLIC        _AT_ReadByte
  C:1E57H         PUBLIC        __AT_WriteByte
  C:2064H         SYMBOL        L?0038
  C:2066H         SYMBOL        L?0039
  -------         PROC          L?0037
  -------         ENDPROC       L?0037
  C:2064H         SYMBOL        L?0038
  C:2066H         SYMBOL        L?0039
  -------         PROC          _DELAY_US
  D:0006H         SYMBOL        us
  -------         DO            
  X:006DH         SYMBOL        i
  -------         ENDDO         
  C:206AH         LINE#         11
  C:206AH         LINE#         13
  C:2074H         LINE#         14
  C:2086H         LINE#         16
  -------         ENDPROC       _DELAY_US
  -------         PROC          _DELAY_MS
  D:0006H         SYMBOL        ms
  -------         DO            
  X:006AH         SYMBOL        i
  X:006BH         SYMBOL        j
  -------         ENDDO         
  C:2040H         LINE#         18
  C:2040H         LINE#         20
  C:204EH         LINE#         21
  C:2063H         LINE#         22
  -------         ENDPROC       _DELAY_MS
  -------         PROC          ATINIT
  C:0016H         LINE#         25
  C:0016H         LINE#         27
  C:001CH         LINE#         28
  C:0022H         LINE#         29
  -------         ENDPROC       ATINIT
  -------         PROC          _AT_IIC_START
  C:21A0H         LINE#         31
BL51 BANKED LINKER/LOCATER V6.22                                                      03/30/2026  13:13:49  PAGE 35


  C:21A0H         LINE#         32
  C:21A2H         LINE#         33
  C:21A4H         LINE#         34
  C:21A7H         LINE#         35
  C:21A9H         LINE#         36
  C:21ACH         LINE#         37
  C:21AEH         LINE#         38
  -------         ENDPROC       _AT_IIC_START
  -------         PROC          _AT_IIC_STOP
  C:21D1H         LINE#         40
  C:21D1H         LINE#         41
  C:21D3H         LINE#         42
  C:21D3H         LINE#         43
  C:21D6H         LINE#         44
  C:21D8H         LINE#         45
  -------         ENDPROC       _AT_IIC_STOP
  -------         PROC          __AT_WRITEBYTE
  D:0003H         SYMBOL        dat
  -------         DO            
  X:006BH         SYMBOL        i
  B:0020H.0       SYMBOL        ack
  -------         ENDDO         
  C:1E57H         LINE#         48
  C:1E59H         LINE#         53
  C:1E5EH         LINE#         54
  C:1E66H         LINE#         55
  C:1E68H         LINE#         56
  C:1E6CH         LINE#         57
  C:1E6FH         LINE#         58
  C:1E6FH         LINE#         59
  C:1E72H         LINE#         60
  C:1E74H         LINE#         61
  C:1E80H         LINE#         63
  C:1E82H         LINE#         64
  C:1E85H         LINE#         65
  C:1E85H         LINE#         66
  C:1E88H         LINE#         67
  C:1E8CH         LINE#         68
  C:1E8EH         LINE#         69
  C:1E90H         LINE#         70
  -------         ENDPROC       __AT_WRITEBYTE
  -------         PROC          _AT_READBYTE
  B:0020H.0       SYMBOL        ack
  -------         DO            
  X:006BH         SYMBOL        i
  X:006CH         SYMBOL        dat
  -------         ENDDO         
  C:1D4DH         LINE#         73
  C:1D4DH         LINE#         75
  C:1D52H         LINE#         76
  C:1D54H         LINE#         78
  C:1D58H         LINE#         79
  C:1D58H         LINE#         80
  C:1D5BH         LINE#         81
  C:1D62H         LINE#         82
  C:1D69H         LINE#         83
  C:1D6BH         LINE#         84
BL51 BANKED LINKER/LOCATER V6.22                                                      03/30/2026  13:13:49  PAGE 36


  C:1D6EH         LINE#         85
  C:1D7AH         LINE#         88
  C:1D7DH         LINE#         89
  C:1D7FH         LINE#         90
  C:1D81H         LINE#         91
  C:1D81H         LINE#         92
  C:1D83H         LINE#         93
  C:1D83H         LINE#         94
  C:1D86H         LINE#         95
  C:1D86H         LINE#         96
  C:1D89H         LINE#         97
  C:1D8BH         LINE#         98
  C:1D8DH         LINE#         100
  C:1D92H         LINE#         101
  -------         ENDPROC       _AT_READBYTE
  -------         PROC          _RAT
  D:0002H         SYMBOL        addr
  -------         DO            
  X:0069H         SYMBOL        dat
  X:006AH         SYMBOL        device_addr
  -------         ENDDO         
  C:1D05H         LINE#         103
  C:1D07H         LINE#         105
  C:1D0DH         LINE#         108
  C:1D10H         LINE#         111
  C:1D1AH         LINE#         112
  C:1D1AH         LINE#         113
  C:1D1CH         LINE#         114
  C:1D1CH         LINE#         117
  C:1D23H         LINE#         118
  C:1D23H         LINE#         119
  C:1D25H         LINE#         120
  C:1D25H         LINE#         123
  C:1D28H         LINE#         126
  C:1D34H         LINE#         127
  C:1D37H         LINE#         128
  C:1D3AH         LINE#         129
  C:1D3AH         LINE#         132
  C:1D44H         LINE#         135
  C:1D47H         LINE#         137
  C:1D4CH         LINE#         138
  -------         ENDPROC       _RAT
  -------         PROC          _WAT
  D:0001H         SYMBOL        addr
  D:0002H         SYMBOL        val
  -------         DO            
  X:0069H         SYMBOL        device_addr
  -------         ENDDO         
  C:1FF2H         LINE#         140
  C:1FF6H         LINE#         141
  C:1FFCH         LINE#         144
  C:1FFFH         LINE#         147
  C:2007H         LINE#         150
  C:200CH         LINE#         153
  C:2011H         LINE#         156
  C:2014H         LINE#         159
  -------         ENDPROC       _WAT
BL51 BANKED LINKER/LOCATER V6.22                                                      03/30/2026  13:13:49  PAGE 37


  -------         ENDMOD        AT24C02

  -------         MODULE        ?C?COPY
  C:00FEH         PUBLIC        ?C?COPY
  -------         ENDMOD        ?C?COPY

  -------         MODULE        ?C?CLDPTR
  C:0124H         PUBLIC        ?C?CLDPTR
  -------         ENDMOD        ?C?CLDPTR

  -------         MODULE        ?C?CLDOPTR
  C:013DH         PUBLIC        ?C?CLDOPTR
  -------         ENDMOD        ?C?CLDOPTR

  -------         MODULE        ?C?CSTPTR
  C:016AH         PUBLIC        ?C?CSTPTR
  -------         ENDMOD        ?C?CSTPTR

  -------         MODULE        ?C?CSTOPTR
  C:017CH         PUBLIC        ?C?CSTOPTR
  -------         ENDMOD        ?C?CSTOPTR

  -------         MODULE        ?C?UIDIV
  C:019EH         PUBLIC        ?C?UIDIV
  -------         ENDMOD        ?C?UIDIV

  -------         MODULE        ?C?ISTPTR
  C:01F3H         PUBLIC        ?C?ISTPTR
  -------         ENDMOD        ?C?ISTPTR

  -------         MODULE        ?C?ULDIV
  C:024EH         PUBLIC        ?C?ULDIV
  -------         ENDMOD        ?C?ULDIV

  -------         MODULE        ?C?ULCMP
  C:02E0H         PUBLIC        ?C?ULCMP
  -------         ENDMOD        ?C?ULCMP

  -------         MODULE        ?C?LLDCODE
  C:02F1H         PUBLIC        ?C?LLDCODE
  -------         ENDMOD        ?C?LLDCODE

  -------         MODULE        ?C?OFFXADD
  C:0301H         PUBLIC        ?C?OFFXADD
  -------         ENDMOD        ?C?OFFXADD

  -------         MODULE        ?C?ICALL
  C:030DH         PUBLIC        ?C?ICALL
  C:0311H         PUBLIC        ?C?ICALL2
  -------         ENDMOD        ?C?ICALL

*** WARNING L16: UNCALLED SEGMENT, IGNORED FOR OVERLAY PROCESS
    SEGMENT: ?PR?_PCDVALUE?RC522

*** WARNING L16: UNCALLED SEGMENT, IGNORED FOR OVERLAY PROCESS
    SEGMENT: ?PR?_PCDBAKVALUE?RC522

BL51 BANKED LINKER/LOCATER V6.22                                                      03/30/2026  13:13:49  PAGE 38


*** WARNING L16: UNCALLED SEGMENT, IGNORED FOR OVERLAY PROCESS
    SEGMENT: ?PR?_ADDPOINT?DISPLAY

*** WARNING L16: UNCALLED SEGMENT, IGNORED FOR OVERLAY PROCESS
    SEGMENT: ?PR?_T0INIT?SYS

Program Size: data=42.1 xdata=266 code=8678
LINK/LOCATE RUN COMPLETE.  4 WARNING(S),  0 ERROR(S)
